Component: ARM Compiler 5.06 update 6 (build 750) Tool: armlink [4d35ed]

==============================================================================

Section Cross References

    startup_skeaz1284.o(RESET) refers to startup_skeaz1284.o(STACK) for __initial_sp
    startup_skeaz1284.o(RESET) refers to startup_skeaz1284.o(.text) for Reset_Handler
    startup_skeaz1284.o(RESET) refers to os_cpu_a.o(.text) for OS_CPU_PendSVHandler
    startup_skeaz1284.o(RESET) refers to os_cpu_c.o(i.OS_CPU_SysTickHandler) for OS_CPU_SysTickHandler
    startup_skeaz1284.o(RESET) refers to i2c.o(i.I2C0_IRQHandler) for I2C0_IRQHandler
    startup_skeaz1284.o(RESET) refers to i2c.o(i.I2C1_IRQHandler) for I2C1_IRQHandler
    startup_skeaz1284.o(RESET) refers to spi.o(i.SPI0_IRQHandler) for SPI0_IRQHandler
    startup_skeaz1284.o(RESET) refers to spi.o(i.SPI1_IRQHandler) for SPI1_IRQHandler
    startup_skeaz1284.o(RESET) refers to uart.o(i.UART0_IRQHandler) for UART0_IRQHandler
    startup_skeaz1284.o(RESET) refers to uart.o(i.UART1_IRQHandler) for UART1_IRQHandler
    startup_skeaz1284.o(RESET) refers to uart.o(i.UART2_IRQHandler) for UART2_IRQHandler
    startup_skeaz1284.o(RESET) refers to adc.o(i.ADC_IRQHandler) for ADC_IRQHandler
    startup_skeaz1284.o(RESET) refers to acmp.o(i.ACMP0_IRQHandler) for ACMP0_IRQHandler
    startup_skeaz1284.o(RESET) refers to ftm.o(i.FTM0_IRQHandler) for FTM0_IRQHandler
    startup_skeaz1284.o(RESET) refers to ftm.o(i.FTM1_IRQHandler) for FTM1_IRQHandler
    startup_skeaz1284.o(RESET) refers to ftm.o(i.FTM2_IRQHandler) for FTM2_IRQHandler
    startup_skeaz1284.o(RESET) refers to rtc.o(i.RTC_IRQHandler) for RTC_IRQHandler
    startup_skeaz1284.o(RESET) refers to acmp.o(i.ACMP1_IRQHandler) for ACMP1_IRQHandler
    startup_skeaz1284.o(RESET) refers to pit.o(i.PIT_CH0_IRQHandler) for PIT_CH0_IRQHandler
    startup_skeaz1284.o(RESET) refers to pit.o(i.PIT_CH1_IRQHandler) for PIT_CH1_IRQHandler
    startup_skeaz1284.o(RESET) refers to kbi.o(i.KBI0_IRQHandler) for KBI0_IRQHandler
    startup_skeaz1284.o(RESET) refers to kbi.o(i.KBI1_IRQHandler) for KBI1_IRQHandler
    startup_skeaz1284.o(RESET) refers to wdog.o(i.WDOG_IRQHandler) for WDOG_IRQHandler
    startup_skeaz1284.o(RESET) refers to pwt.o(i.PWT_IRQHandler) for PWT_IRQHandler
    startup_skeaz1284.o(RESET) refers to mscan.o(i.MSCAN_RX_IRQHandler) for MSCAN_RX_IRQHandler
    startup_skeaz1284.o(.text) refers to system_skeaz1284.o(i.SystemInit) for SystemInit
    startup_skeaz1284.o(.text) refers to entry.o(.ARM.Collect$$$$00000000) for __main
    system_skeaz1284.o(i.SystemCoreClockUpdate) refers to uidiv.o(.text) for __aeabi_uidivmod
    system_skeaz1284.o(i.SystemCoreClockUpdate) refers to system_skeaz1284.o(.data) for SystemCoreClock
    main.o(i.appLedTask) refers to haladc.o(i.GetRheostatVol) for GetRheostatVol
    main.o(i.appLedTask) refers to halio.o(i.SetLedDisplay) for SetLedDisplay
    main.o(i.appLedTask) refers to os_time.o(i.OSTimeDly) for OSTimeDly
    main.o(i.appUartTask) refers to os_q.o(i.OSQPend) for OSQPend
    main.o(i.appUartTask) refers to printfb.o(i.__0printf$bare) for __2printf
    main.o(i.appUartTask) refers to main.o(.data) for kbiMsgQueue
    main.o(i.main) refers to haluart.o(i.HalUartInit) for HalUartInit
    main.o(i.main) refers to halio.o(i.HalKBIInit) for HalKBIInit
    main.o(i.main) refers to halio.o(i.HalGpioInit) for HalGpioInit
    main.o(i.main) refers to os_core.o(i.OSInit) for OSInit
    main.o(i.main) refers to os_task.o(i.OSTaskCreate) for OSTaskCreate
    main.o(i.main) refers to os_cpu_c.o(i.OS_CPU_SysTickInit) for OS_CPU_SysTickInit
    main.o(i.main) refers to os_core.o(i.OSStart) for OSStart
    main.o(i.main) refers to main.o(.bss) for taskUartstk
    main.o(i.main) refers to main.o(i.appUartTask) for appUartTask
    main.o(i.main) refers to main.o(i.appLedTask) for appLedTask
    haladc.o(i.GetRheostatVol) refers to adc.o(i.ADC_PollRead) for ADC_PollRead
    haladc.o(i.HalADCInit) refers to adc.o(i.ADC_Init) for ADC_Init
    halio.o(i.HalKBIInit) refers to memseta.o(.text) for __aeabi_memclr4
    halio.o(i.HalKBIInit) refers to kbi.o(i.KBI_SetCallback) for KBI_SetCallback
    halio.o(i.HalKBIInit) refers to kbi.o(i.KBI_Init) for KBI_Init
    halio.o(i.HalKBIInit) refers to halio.o(i.KBI1_Task) for KBI1_Task
    halio.o(i.KBI1_Task) refers to os_core.o(i.OSIntEnter) for OSIntEnter
    halio.o(i.KBI1_Task) refers to os_q.o(i.OSQPost) for OSQPost
    halio.o(i.KBI1_Task) refers to os_core.o(i.OSIntExit) for OSIntExit
    halio.o(i.KBI1_Task) refers to halio.o(.data) for g_buttonPressedName
    halio.o(i.KBI1_Task) refers to main.o(.data) for kbiMsgQueue
    halio.o(i.SetLedDisplay) refers to halio.o(i.__ARM_common_switch8) for __ARM_common_switch8
    haluart.o(i.HalUartInit) refers to uart.o(i.UART_Init) for UART_Init
    os_cpu_c.o(i.OSInitHookBegin) refers to os_cpu_c.o(.bss) for OS_CPU_ExceptStk
    os_cpu_c.o(i.OSInitHookBegin) refers to os_cpu_c.o(.data) for OS_CPU_ExceptStkBase
    os_cpu_c.o(i.OSTaskStkInit) refers to os_task.o(i.OS_TaskReturn) for OS_TaskReturn
    os_cpu_c.o(i.OSTimeTickHook) refers to os_tmr.o(i.OSTmrSignal) for OSTmrSignal
    os_cpu_c.o(i.OSTimeTickHook) refers to os_cpu_c.o(.data) for OSTmrCtr
    os_cpu_c.o(i.OS_CPU_SysTickHandler) refers to os_cpu_a.o(.text) for OS_CPU_SR_Save
    os_cpu_c.o(i.OS_CPU_SysTickHandler) refers to os_core.o(i.OSTimeTick) for OSTimeTick
    os_cpu_c.o(i.OS_CPU_SysTickHandler) refers to os_core.o(i.OSIntExit) for OSIntExit
    os_cpu_c.o(i.OS_CPU_SysTickHandler) refers to os_core.o(.data) for OSIntNesting
    os_dbg.o(i.OSDebugInit) refers to os_dbg.o(.constdata) for OSDebugEn
    os_dbg.o(i.OSDebugInit) refers to os_core.o(.bss) for OSTmrTbl
    os_cpu_a.o(.text) refers to os_cpu_c.o(.data) for OS_CPU_ExceptStkBase
    os_cpu_a.o(.text) refers to os_core.o(.data) for OSRunning
    os_cpu_a.o(.text) refers to os_cpu_c.o(i.OSTaskSwHook) for OSTaskSwHook
    os_core.o(i.OSEventNameGet) refers to os_cpu_a.o(.text) for OS_CPU_SR_Save
    os_core.o(i.OSEventNameGet) refers to os_core.o(i.OS_StrLen) for OS_StrLen
    os_core.o(i.OSEventNameGet) refers to os_core.o(.data) for OSIntNesting
    os_core.o(i.OSEventNameSet) refers to os_cpu_a.o(.text) for OS_CPU_SR_Save
    os_core.o(i.OSEventNameSet) refers to os_core.o(.data) for OSIntNesting
    os_core.o(i.OSEventPendMulti) refers to os_cpu_a.o(.text) for OS_CPU_SR_Save
    os_core.o(i.OSEventPendMulti) refers to os_core.o(i.OS_EventTaskWaitMulti) for OS_EventTaskWaitMulti
    os_core.o(i.OSEventPendMulti) refers to os_core.o(i.OS_Sched) for OS_Sched
    os_core.o(i.OSEventPendMulti) refers to os_core.o(i.OS_EventTaskRemoveMulti) for OS_EventTaskRemoveMulti
    os_core.o(i.OSEventPendMulti) refers to halio.o(i.__ARM_common_switch8) for __ARM_common_switch8
    os_core.o(i.OSEventPendMulti) refers to os_core.o(.data) for OSIntNesting
    os_core.o(i.OSInit) refers to os_cpu_c.o(i.OSInitHookBegin) for OSInitHookBegin
    os_core.o(i.OSInit) refers to os_core.o(i.OS_InitMisc) for OS_InitMisc
    os_core.o(i.OSInit) refers to os_core.o(i.OS_InitRdyList) for OS_InitRdyList
    os_core.o(i.OSInit) refers to os_core.o(i.OS_InitTCBList) for OS_InitTCBList
    os_core.o(i.OSInit) refers to os_core.o(i.OS_InitEventList) for OS_InitEventList
    os_core.o(i.OSInit) refers to os_flag.o(i.OS_FlagInit) for OS_FlagInit
    os_core.o(i.OSInit) refers to os_q.o(i.OS_QInit) for OS_QInit
    os_core.o(i.OSInit) refers to os_core.o(i.OS_InitTaskIdle) for OS_InitTaskIdle
    os_core.o(i.OSInit) refers to os_core.o(i.OS_InitTaskStat) for OS_InitTaskStat
    os_core.o(i.OSInit) refers to os_tmr.o(i.OSTmr_Init) for OSTmr_Init
    os_core.o(i.OSInit) refers to os_cpu_c.o(i.OSInitHookEnd) for OSInitHookEnd
    os_core.o(i.OSInit) refers to os_dbg.o(i.OSDebugInit) for OSDebugInit
    os_core.o(i.OSIntEnter) refers to os_core.o(.data) for OSRunning
    os_core.o(i.OSIntExit) refers to os_cpu_a.o(.text) for OS_CPU_SR_Save
    os_core.o(i.OSIntExit) refers to os_core.o(i.OS_SchedNew) for OS_SchedNew
    os_core.o(i.OSIntExit) refers to os_core.o(.data) for OSRunning
    os_core.o(i.OSIntExit) refers to os_core.o(.bss) for OSTCBPrioTbl
    os_core.o(i.OSSchedLock) refers to os_cpu_a.o(.text) for OS_CPU_SR_Save
    os_core.o(i.OSSchedLock) refers to os_core.o(.data) for OSRunning
    os_core.o(i.OSSchedUnlock) refers to os_cpu_a.o(.text) for OS_CPU_SR_Save
    os_core.o(i.OSSchedUnlock) refers to os_core.o(i.OS_Sched) for OS_Sched
    os_core.o(i.OSSchedUnlock) refers to os_core.o(.data) for OSRunning
    os_core.o(i.OSStart) refers to os_core.o(i.OS_SchedNew) for OS_SchedNew
    os_core.o(i.OSStart) refers to os_cpu_a.o(.text) for OSStartHighRdy
    os_core.o(i.OSStart) refers to os_core.o(.data) for OSRunning
    os_core.o(i.OSStart) refers to os_core.o(.bss) for OSTCBPrioTbl
    os_core.o(i.OSStatInit) refers to os_time.o(i.OSTimeDly) for OSTimeDly
    os_core.o(i.OSStatInit) refers to os_cpu_a.o(.text) for OS_CPU_SR_Save
    os_core.o(i.OSStatInit) refers to os_core.o(.data) for OSIdleCtr
    os_core.o(i.OSTimeTick) refers to os_cpu_c.o(i.OSTimeTickHook) for OSTimeTickHook
    os_core.o(i.OSTimeTick) refers to os_cpu_a.o(.text) for OS_CPU_SR_Save
    os_core.o(i.OSTimeTick) refers to os_core.o(.data) for OSTime
    os_core.o(i.OS_EventTaskRdy) refers to os_core.o(i.OS_EventTaskRemove) for OS_EventTaskRemove
    os_core.o(i.OS_EventTaskRdy) refers to os_core.o(i.OS_EventTaskRemoveMulti) for OS_EventTaskRemoveMulti
    os_core.o(i.OS_EventTaskRdy) refers to os_core.o(.constdata) for OSUnMapTbl
    os_core.o(i.OS_EventTaskRdy) refers to os_core.o(.bss) for OSTCBPrioTbl
    os_core.o(i.OS_EventTaskRdy) refers to os_core.o(.data) for OSRdyGrp
    os_core.o(i.OS_EventTaskWait) refers to os_core.o(.data) for OSTCBCur
    os_core.o(i.OS_EventTaskWaitMulti) refers to os_core.o(.data) for OSTCBCur
    os_core.o(i.OS_InitEventList) refers to os_core.o(i.OS_MemClr) for OS_MemClr
    os_core.o(i.OS_InitEventList) refers to os_core.o(.bss) for OSEventTbl
    os_core.o(i.OS_InitEventList) refers to os_core.o(.data) for OSEventFreeList
    os_core.o(i.OS_InitMisc) refers to os_core.o(.data) for OSTime
    os_core.o(i.OS_InitRdyList) refers to os_core.o(.data) for OSRdyGrp
    os_core.o(i.OS_InitTCBList) refers to os_core.o(i.OS_MemClr) for OS_MemClr
    os_core.o(i.OS_InitTCBList) refers to os_core.o(.bss) for OSTCBTbl
    os_core.o(i.OS_InitTCBList) refers to os_core.o(.data) for OSTCBList
    os_core.o(i.OS_InitTaskIdle) refers to os_task.o(i.OSTaskCreateExt) for OSTaskCreateExt
    os_core.o(i.OS_InitTaskIdle) refers to os_task.o(i.OSTaskNameSet) for OSTaskNameSet
    os_core.o(i.OS_InitTaskIdle) refers to os_core.o(.bss) for OSTaskIdleStk
    os_core.o(i.OS_InitTaskIdle) refers to os_core.o(i.OS_TaskIdle) for OS_TaskIdle
    os_core.o(i.OS_InitTaskStat) refers to os_task.o(i.OSTaskCreateExt) for OSTaskCreateExt
    os_core.o(i.OS_InitTaskStat) refers to os_task.o(i.OSTaskNameSet) for OSTaskNameSet
    os_core.o(i.OS_InitTaskStat) refers to os_core.o(.bss) for OSTaskStatStk
    os_core.o(i.OS_InitTaskStat) refers to os_core.o(i.OS_TaskStat) for OS_TaskStat
    os_core.o(i.OS_Sched) refers to os_cpu_a.o(.text) for OS_CPU_SR_Save
    os_core.o(i.OS_Sched) refers to os_core.o(i.OS_SchedNew) for OS_SchedNew
    os_core.o(i.OS_Sched) refers to os_core.o(.data) for OSIntNesting
    os_core.o(i.OS_Sched) refers to os_core.o(.bss) for OSTCBPrioTbl
    os_core.o(i.OS_SchedNew) refers to os_core.o(.constdata) for OSUnMapTbl
    os_core.o(i.OS_SchedNew) refers to os_core.o(.data) for OSRdyGrp
    os_core.o(i.OS_TCBInit) refers to os_cpu_a.o(.text) for OS_CPU_SR_Save
    os_core.o(i.OS_TCBInit) refers to os_cpu_c.o(i.OSTCBInitHook) for OSTCBInitHook
    os_core.o(i.OS_TCBInit) refers to os_cpu_c.o(i.OSTaskCreateHook) for OSTaskCreateHook
    os_core.o(i.OS_TCBInit) refers to os_core.o(.data) for OSTCBFreeList
    os_core.o(i.OS_TCBInit) refers to os_core.o(.bss) for OSTCBPrioTbl
    os_core.o(i.OS_TaskIdle) refers to os_cpu_a.o(.text) for OS_CPU_SR_Save
    os_core.o(i.OS_TaskIdle) refers to os_cpu_c.o(i.OSTaskIdleHook) for OSTaskIdleHook
    os_core.o(i.OS_TaskIdle) refers to os_core.o(.data) for OSIdleCtr
    os_core.o(i.OS_TaskStat) refers to os_time.o(i.OSTimeDly) for OSTimeDly
    os_core.o(i.OS_TaskStat) refers to uidiv.o(.text) for __aeabi_uidivmod
    os_core.o(i.OS_TaskStat) refers to os_task.o(i.OSTaskSuspend) for OSTaskSuspend
    os_core.o(i.OS_TaskStat) refers to os_cpu_a.o(.text) for OS_CPU_SR_Save
    os_core.o(i.OS_TaskStat) refers to os_cpu_c.o(i.OSTaskStatHook) for OSTaskStatHook
    os_core.o(i.OS_TaskStat) refers to os_core.o(i.OS_TaskStatStkChk) for OS_TaskStatStkChk
    os_core.o(i.OS_TaskStat) refers to os_core.o(.data) for OSStatRdy
    os_core.o(i.OS_TaskStatStkChk) refers to os_task.o(i.OSTaskStkChk) for OSTaskStkChk
    os_core.o(i.OS_TaskStatStkChk) refers to os_core.o(.bss) for OSTCBPrioTbl
    os_flag.o(i.OSFlagAccept) refers to os_cpu_a.o(.text) for OS_CPU_SR_Save
    os_flag.o(i.OSFlagCreate) refers to os_cpu_a.o(.text) for OS_CPU_SR_Save
    os_flag.o(i.OSFlagCreate) refers to os_core.o(.data) for OSIntNesting
    os_flag.o(i.OSFlagDel) refers to os_cpu_a.o(.text) for OS_CPU_SR_Save
    os_flag.o(i.OSFlagDel) refers to os_flag.o(i.OS_FlagTaskRdy) for OS_FlagTaskRdy
    os_flag.o(i.OSFlagDel) refers to os_core.o(i.OS_Sched) for OS_Sched
    os_flag.o(i.OSFlagDel) refers to os_core.o(.data) for OSIntNesting
    os_flag.o(i.OSFlagNameGet) refers to os_cpu_a.o(.text) for OS_CPU_SR_Save
    os_flag.o(i.OSFlagNameGet) refers to os_core.o(i.OS_StrLen) for OS_StrLen
    os_flag.o(i.OSFlagNameGet) refers to os_core.o(.data) for OSIntNesting
    os_flag.o(i.OSFlagNameSet) refers to os_cpu_a.o(.text) for OS_CPU_SR_Save
    os_flag.o(i.OSFlagNameSet) refers to os_core.o(.data) for OSIntNesting
    os_flag.o(i.OSFlagPend) refers to os_cpu_a.o(.text) for OS_CPU_SR_Save
    os_flag.o(i.OSFlagPend) refers to os_flag.o(i.OS_FlagBlock) for OS_FlagBlock
    os_flag.o(i.OSFlagPend) refers to os_core.o(i.OS_Sched) for OS_Sched
    os_flag.o(i.OSFlagPend) refers to os_flag.o(i.OS_FlagUnlink) for OS_FlagUnlink
    os_flag.o(i.OSFlagPend) refers to os_core.o(.data) for OSIntNesting
    os_flag.o(i.OSFlagPendGetFlagsRdy) refers to os_cpu_a.o(.text) for OS_CPU_SR_Save
    os_flag.o(i.OSFlagPendGetFlagsRdy) refers to os_core.o(.data) for OSTCBCur
    os_flag.o(i.OSFlagPost) refers to os_cpu_a.o(.text) for OS_CPU_SR_Save
    os_flag.o(i.OSFlagPost) refers to os_flag.o(i.OS_FlagTaskRdy) for OS_FlagTaskRdy
    os_flag.o(i.OSFlagPost) refers to os_core.o(i.OS_Sched) for OS_Sched
    os_flag.o(i.OSFlagQuery) refers to os_cpu_a.o(.text) for OS_CPU_SR_Save
    os_flag.o(i.OS_FlagBlock) refers to os_core.o(.data) for OSTCBCur
    os_flag.o(i.OS_FlagInit) refers to os_core.o(i.OS_MemClr) for OS_MemClr
    os_flag.o(i.OS_FlagInit) refers to os_core.o(.bss) for OSFlagTbl
    os_flag.o(i.OS_FlagInit) refers to os_core.o(.data) for OSFlagFreeList
    os_flag.o(i.OS_FlagTaskRdy) refers to os_flag.o(i.OS_FlagUnlink) for OS_FlagUnlink
    os_flag.o(i.OS_FlagTaskRdy) refers to os_core.o(.data) for OSRdyGrp
    os_mutex.o(i.OSMutexAccept) refers to os_cpu_a.o(.text) for OS_CPU_SR_Save
    os_mutex.o(i.OSMutexAccept) refers to os_core.o(.data) for OSIntNesting
    os_mutex.o(i.OSMutexCreate) refers to os_cpu_a.o(.text) for OS_CPU_SR_Save
    os_mutex.o(i.OSMutexCreate) refers to os_core.o(i.OS_EventWaitListInit) for OS_EventWaitListInit
    os_mutex.o(i.OSMutexCreate) refers to os_core.o(.data) for OSIntNesting
    os_mutex.o(i.OSMutexCreate) refers to os_core.o(.bss) for OSTCBPrioTbl
    os_mutex.o(i.OSMutexDel) refers to os_cpu_a.o(.text) for OS_CPU_SR_Save
    os_mutex.o(i.OSMutexDel) refers to os_mutex.o(i.OSMutex_RdyAtPrio) for OSMutex_RdyAtPrio
    os_mutex.o(i.OSMutexDel) refers to os_core.o(i.OS_EventTaskRdy) for OS_EventTaskRdy
    os_mutex.o(i.OSMutexDel) refers to os_core.o(i.OS_Sched) for OS_Sched
    os_mutex.o(i.OSMutexDel) refers to os_core.o(.data) for OSIntNesting
    os_mutex.o(i.OSMutexDel) refers to os_core.o(.bss) for OSTCBPrioTbl
    os_mutex.o(i.OSMutexPend) refers to os_cpu_a.o(.text) for OS_CPU_SR_Save
    os_mutex.o(i.OSMutexPend) refers to os_core.o(i.OS_EventTaskWait) for OS_EventTaskWait
    os_mutex.o(i.OSMutexPend) refers to os_core.o(i.OS_Sched) for OS_Sched
    os_mutex.o(i.OSMutexPend) refers to os_core.o(i.OS_EventTaskRemove) for OS_EventTaskRemove
    os_mutex.o(i.OSMutexPend) refers to os_core.o(.data) for OSIntNesting
    os_mutex.o(i.OSMutexPend) refers to os_core.o(.bss) for OSTCBPrioTbl
    os_mutex.o(i.OSMutexPost) refers to os_cpu_a.o(.text) for OS_CPU_SR_Save
    os_mutex.o(i.OSMutexPost) refers to os_mutex.o(i.OSMutex_RdyAtPrio) for OSMutex_RdyAtPrio
    os_mutex.o(i.OSMutexPost) refers to os_core.o(i.OS_EventTaskRdy) for OS_EventTaskRdy
    os_mutex.o(i.OSMutexPost) refers to os_core.o(i.OS_Sched) for OS_Sched
    os_mutex.o(i.OSMutexPost) refers to os_core.o(.data) for OSIntNesting
    os_mutex.o(i.OSMutexPost) refers to os_core.o(.bss) for OSTCBPrioTbl
    os_mutex.o(i.OSMutexQuery) refers to os_cpu_a.o(.text) for OS_CPU_SR_Save
    os_mutex.o(i.OSMutexQuery) refers to os_core.o(.data) for OSIntNesting
    os_mutex.o(i.OSMutex_RdyAtPrio) refers to os_core.o(.data) for OSRdyTbl
    os_mutex.o(i.OSMutex_RdyAtPrio) refers to os_core.o(.bss) for OSTCBPrioTbl
    os_q.o(i.OSQAccept) refers to os_cpu_a.o(.text) for OS_CPU_SR_Save
    os_q.o(i.OSQCreate) refers to os_cpu_a.o(.text) for OS_CPU_SR_Save
    os_q.o(i.OSQCreate) refers to os_core.o(i.OS_EventWaitListInit) for OS_EventWaitListInit
    os_q.o(i.OSQCreate) refers to os_core.o(.data) for OSIntNesting
    os_q.o(i.OSQDel) refers to os_cpu_a.o(.text) for OS_CPU_SR_Save
    os_q.o(i.OSQDel) refers to os_core.o(i.OS_EventTaskRdy) for OS_EventTaskRdy
    os_q.o(i.OSQDel) refers to os_core.o(i.OS_Sched) for OS_Sched
    os_q.o(i.OSQDel) refers to os_core.o(.data) for OSIntNesting
    os_q.o(i.OSQFlush) refers to os_cpu_a.o(.text) for OS_CPU_SR_Save
    os_q.o(i.OSQPend) refers to os_cpu_a.o(.text) for OS_CPU_SR_Save
    os_q.o(i.OSQPend) refers to os_core.o(i.OS_EventTaskWait) for OS_EventTaskWait
    os_q.o(i.OSQPend) refers to os_core.o(i.OS_Sched) for OS_Sched
    os_q.o(i.OSQPend) refers to os_core.o(i.OS_EventTaskRemove) for OS_EventTaskRemove
    os_q.o(i.OSQPend) refers to os_core.o(.data) for OSIntNesting
    os_q.o(i.OSQPendAbort) refers to os_cpu_a.o(.text) for OS_CPU_SR_Save
    os_q.o(i.OSQPendAbort) refers to os_core.o(i.OS_EventTaskRdy) for OS_EventTaskRdy
    os_q.o(i.OSQPendAbort) refers to os_core.o(i.OS_Sched) for OS_Sched
    os_q.o(i.OSQPost) refers to os_cpu_a.o(.text) for OS_CPU_SR_Save
    os_q.o(i.OSQPost) refers to os_core.o(i.OS_EventTaskRdy) for OS_EventTaskRdy
    os_q.o(i.OSQPost) refers to os_core.o(i.OS_Sched) for OS_Sched
    os_q.o(i.OSQPostFront) refers to os_cpu_a.o(.text) for OS_CPU_SR_Save
    os_q.o(i.OSQPostFront) refers to os_core.o(i.OS_EventTaskRdy) for OS_EventTaskRdy
    os_q.o(i.OSQPostFront) refers to os_core.o(i.OS_Sched) for OS_Sched
    os_q.o(i.OSQPostOpt) refers to os_cpu_a.o(.text) for OS_CPU_SR_Save
    os_q.o(i.OSQPostOpt) refers to os_core.o(i.OS_EventTaskRdy) for OS_EventTaskRdy
    os_q.o(i.OSQPostOpt) refers to os_core.o(i.OS_Sched) for OS_Sched
    os_q.o(i.OSQQuery) refers to os_cpu_a.o(.text) for OS_CPU_SR_Save
    os_q.o(i.OS_QInit) refers to os_core.o(i.OS_MemClr) for OS_MemClr
    os_q.o(i.OS_QInit) refers to os_core.o(.bss) for OSQTbl
    os_q.o(i.OS_QInit) refers to os_core.o(.data) for OSQFreeList
    os_sem.o(i.OSSemAccept) refers to os_cpu_a.o(.text) for OS_CPU_SR_Save
    os_sem.o(i.OSSemCreate) refers to os_cpu_a.o(.text) for OS_CPU_SR_Save
    os_sem.o(i.OSSemCreate) refers to os_core.o(i.OS_EventWaitListInit) for OS_EventWaitListInit
    os_sem.o(i.OSSemCreate) refers to os_core.o(.data) for OSIntNesting
    os_sem.o(i.OSSemDel) refers to os_cpu_a.o(.text) for OS_CPU_SR_Save
    os_sem.o(i.OSSemDel) refers to os_core.o(i.OS_EventTaskRdy) for OS_EventTaskRdy
    os_sem.o(i.OSSemDel) refers to os_core.o(i.OS_Sched) for OS_Sched
    os_sem.o(i.OSSemDel) refers to os_core.o(.data) for OSIntNesting
    os_sem.o(i.OSSemPend) refers to os_cpu_a.o(.text) for OS_CPU_SR_Save
    os_sem.o(i.OSSemPend) refers to os_core.o(i.OS_EventTaskWait) for OS_EventTaskWait
    os_sem.o(i.OSSemPend) refers to os_core.o(i.OS_Sched) for OS_Sched
    os_sem.o(i.OSSemPend) refers to os_core.o(i.OS_EventTaskRemove) for OS_EventTaskRemove
    os_sem.o(i.OSSemPend) refers to os_core.o(.data) for OSIntNesting
    os_sem.o(i.OSSemPendAbort) refers to os_cpu_a.o(.text) for OS_CPU_SR_Save
    os_sem.o(i.OSSemPendAbort) refers to os_core.o(i.OS_EventTaskRdy) for OS_EventTaskRdy
    os_sem.o(i.OSSemPendAbort) refers to os_core.o(i.OS_Sched) for OS_Sched
    os_sem.o(i.OSSemPost) refers to os_cpu_a.o(.text) for OS_CPU_SR_Save
    os_sem.o(i.OSSemPost) refers to os_core.o(i.OS_EventTaskRdy) for OS_EventTaskRdy
    os_sem.o(i.OSSemPost) refers to os_core.o(i.OS_Sched) for OS_Sched
    os_sem.o(i.OSSemQuery) refers to os_cpu_a.o(.text) for OS_CPU_SR_Save
    os_sem.o(i.OSSemSet) refers to os_cpu_a.o(.text) for OS_CPU_SR_Save
    os_task.o(i.OSTaskChangePrio) refers to os_cpu_a.o(.text) for OS_CPU_SR_Save
    os_task.o(i.OSTaskChangePrio) refers to os_core.o(i.OS_Sched) for OS_Sched
    os_task.o(i.OSTaskChangePrio) refers to os_core.o(.bss) for OSTCBPrioTbl
    os_task.o(i.OSTaskChangePrio) refers to os_core.o(.data) for OSTCBCur
    os_task.o(i.OSTaskCreate) refers to os_cpu_a.o(.text) for OS_CPU_SR_Save
    os_task.o(i.OSTaskCreate) refers to os_cpu_c.o(i.OSTaskStkInit) for OSTaskStkInit
    os_task.o(i.OSTaskCreate) refers to os_core.o(i.OS_TCBInit) for OS_TCBInit
    os_task.o(i.OSTaskCreate) refers to os_core.o(i.OS_Sched) for OS_Sched
    os_task.o(i.OSTaskCreate) refers to os_core.o(.data) for OSIntNesting
    os_task.o(i.OSTaskCreate) refers to os_core.o(.bss) for OSTCBPrioTbl
    os_task.o(i.OSTaskCreateExt) refers to os_cpu_a.o(.text) for OS_CPU_SR_Save
    os_task.o(i.OSTaskCreateExt) refers to os_task.o(i.OS_TaskStkClr) for OS_TaskStkClr
    os_task.o(i.OSTaskCreateExt) refers to os_cpu_c.o(i.OSTaskStkInit) for OSTaskStkInit
    os_task.o(i.OSTaskCreateExt) refers to os_core.o(i.OS_TCBInit) for OS_TCBInit
    os_task.o(i.OSTaskCreateExt) refers to os_core.o(i.OS_Sched) for OS_Sched
    os_task.o(i.OSTaskCreateExt) refers to os_core.o(.data) for OSIntNesting
    os_task.o(i.OSTaskCreateExt) refers to os_core.o(.bss) for OSTCBPrioTbl
    os_task.o(i.OSTaskDel) refers to os_cpu_a.o(.text) for OS_CPU_SR_Save
    os_task.o(i.OSTaskDel) refers to os_core.o(i.OS_EventTaskRemove) for OS_EventTaskRemove
    os_task.o(i.OSTaskDel) refers to os_core.o(i.OS_EventTaskRemoveMulti) for OS_EventTaskRemoveMulti
    os_task.o(i.OSTaskDel) refers to os_flag.o(i.OS_FlagUnlink) for OS_FlagUnlink
    os_task.o(i.OSTaskDel) refers to os_core.o(i.OS_Dummy) for OS_Dummy
    os_task.o(i.OSTaskDel) refers to os_cpu_c.o(i.OSTaskDelHook) for OSTaskDelHook
    os_task.o(i.OSTaskDel) refers to os_core.o(i.OS_Sched) for OS_Sched
    os_task.o(i.OSTaskDel) refers to os_core.o(.data) for OSIntNesting
    os_task.o(i.OSTaskDel) refers to os_core.o(.bss) for OSTCBPrioTbl
    os_task.o(i.OSTaskDelReq) refers to os_cpu_a.o(.text) for OS_CPU_SR_Save
    os_task.o(i.OSTaskDelReq) refers to os_core.o(.data) for OSTCBCur
    os_task.o(i.OSTaskDelReq) refers to os_core.o(.bss) for OSTCBPrioTbl
    os_task.o(i.OSTaskNameGet) refers to os_cpu_a.o(.text) for OS_CPU_SR_Save
    os_task.o(i.OSTaskNameGet) refers to os_core.o(i.OS_StrLen) for OS_StrLen
    os_task.o(i.OSTaskNameGet) refers to os_core.o(.data) for OSIntNesting
    os_task.o(i.OSTaskNameGet) refers to os_core.o(.bss) for OSTCBPrioTbl
    os_task.o(i.OSTaskNameSet) refers to os_cpu_a.o(.text) for OS_CPU_SR_Save
    os_task.o(i.OSTaskNameSet) refers to os_core.o(.data) for OSIntNesting
    os_task.o(i.OSTaskNameSet) refers to os_core.o(.bss) for OSTCBPrioTbl
    os_task.o(i.OSTaskQuery) refers to os_cpu_a.o(.text) for OS_CPU_SR_Save
    os_task.o(i.OSTaskQuery) refers to os_core.o(i.OS_MemCopy) for OS_MemCopy
    os_task.o(i.OSTaskQuery) refers to os_core.o(.data) for OSTCBCur
    os_task.o(i.OSTaskQuery) refers to os_core.o(.bss) for OSTCBPrioTbl
    os_task.o(i.OSTaskRegGet) refers to os_cpu_a.o(.text) for OS_CPU_SR_Save
    os_task.o(i.OSTaskRegGet) refers to os_core.o(.data) for OSTCBCur
    os_task.o(i.OSTaskRegGet) refers to os_core.o(.bss) for OSTCBPrioTbl
    os_task.o(i.OSTaskRegGetID) refers to os_cpu_a.o(.text) for OS_CPU_SR_Save
    os_task.o(i.OSTaskRegGetID) refers to os_core.o(.data) for OSTaskRegNextAvailID
    os_task.o(i.OSTaskRegSet) refers to os_cpu_a.o(.text) for OS_CPU_SR_Save
    os_task.o(i.OSTaskRegSet) refers to os_core.o(.data) for OSTCBCur
    os_task.o(i.OSTaskRegSet) refers to os_core.o(.bss) for OSTCBPrioTbl
    os_task.o(i.OSTaskResume) refers to os_cpu_a.o(.text) for OS_CPU_SR_Save
    os_task.o(i.OSTaskResume) refers to os_core.o(i.OS_Sched) for OS_Sched
    os_task.o(i.OSTaskResume) refers to os_core.o(.bss) for OSTCBPrioTbl
    os_task.o(i.OSTaskResume) refers to os_core.o(.data) for OSRdyGrp
    os_task.o(i.OSTaskStkChk) refers to os_cpu_a.o(.text) for OS_CPU_SR_Save
    os_task.o(i.OSTaskStkChk) refers to os_core.o(.data) for OSTCBCur
    os_task.o(i.OSTaskStkChk) refers to os_core.o(.bss) for OSTCBPrioTbl
    os_task.o(i.OSTaskSuspend) refers to os_cpu_a.o(.text) for OS_CPU_SR_Save
    os_task.o(i.OSTaskSuspend) refers to os_core.o(i.OS_Sched) for OS_Sched
    os_task.o(i.OSTaskSuspend) refers to os_core.o(.data) for OSTCBCur
    os_task.o(i.OSTaskSuspend) refers to os_core.o(.bss) for OSTCBPrioTbl
    os_task.o(i.OS_TaskReturn) refers to os_cpu_c.o(i.OSTaskReturnHook) for OSTaskReturnHook
    os_task.o(i.OS_TaskReturn) refers to os_task.o(i.OSTaskDel) for OSTaskDel
    os_task.o(i.OS_TaskReturn) refers to os_core.o(.data) for OSTCBCur
    os_time.o(i.OSTimeDly) refers to os_cpu_a.o(.text) for OS_CPU_SR_Save
    os_time.o(i.OSTimeDly) refers to os_core.o(i.OS_Sched) for OS_Sched
    os_time.o(i.OSTimeDly) refers to os_core.o(.data) for OSIntNesting
    os_time.o(i.OSTimeDlyHMSM) refers to uidiv.o(.text) for __aeabi_uidivmod
    os_time.o(i.OSTimeDlyHMSM) refers to os_time.o(i.OSTimeDly) for OSTimeDly
    os_time.o(i.OSTimeDlyHMSM) refers to os_core.o(.data) for OSIntNesting
    os_time.o(i.OSTimeDlyResume) refers to os_cpu_a.o(.text) for OS_CPU_SR_Save
    os_time.o(i.OSTimeDlyResume) refers to os_core.o(i.OS_Sched) for OS_Sched
    os_time.o(i.OSTimeDlyResume) refers to os_core.o(.bss) for OSTCBPrioTbl
    os_time.o(i.OSTimeDlyResume) refers to os_core.o(.data) for OSRdyGrp
    os_time.o(i.OSTimeGet) refers to os_cpu_a.o(.text) for OS_CPU_SR_Save
    os_time.o(i.OSTimeGet) refers to os_core.o(.data) for OSTime
    os_time.o(i.OSTimeSet) refers to os_cpu_a.o(.text) for OS_CPU_SR_Save
    os_time.o(i.OSTimeSet) refers to os_core.o(.data) for OSTime
    os_tmr.o(i.OSTmrCreate) refers to os_core.o(i.OSSchedLock) for OSSchedLock
    os_tmr.o(i.OSTmrCreate) refers to os_tmr.o(i.OSTmr_Alloc) for OSTmr_Alloc
    os_tmr.o(i.OSTmrCreate) refers to os_core.o(i.OSSchedUnlock) for OSSchedUnlock
    os_tmr.o(i.OSTmrCreate) refers to os_core.o(.data) for OSIntNesting
    os_tmr.o(i.OSTmrDel) refers to os_core.o(i.OSSchedLock) for OSSchedLock
    os_tmr.o(i.OSTmrDel) refers to os_tmr.o(i.OSTmr_Unlink) for OSTmr_Unlink
    os_tmr.o(i.OSTmrDel) refers to os_tmr.o(i.OSTmr_Free) for OSTmr_Free
    os_tmr.o(i.OSTmrDel) refers to os_core.o(i.OSSchedUnlock) for OSSchedUnlock
    os_tmr.o(i.OSTmrDel) refers to os_core.o(.data) for OSIntNesting
    os_tmr.o(i.OSTmrNameGet) refers to os_core.o(i.OSSchedLock) for OSSchedLock
    os_tmr.o(i.OSTmrNameGet) refers to os_core.o(i.OS_StrLen) for OS_StrLen
    os_tmr.o(i.OSTmrNameGet) refers to os_core.o(i.OSSchedUnlock) for OSSchedUnlock
    os_tmr.o(i.OSTmrNameGet) refers to os_core.o(.data) for OSIntNesting
    os_tmr.o(i.OSTmrRemainGet) refers to os_core.o(i.OSSchedLock) for OSSchedLock
    os_tmr.o(i.OSTmrRemainGet) refers to os_core.o(i.OSSchedUnlock) for OSSchedUnlock
    os_tmr.o(i.OSTmrRemainGet) refers to os_core.o(.data) for OSIntNesting
    os_tmr.o(i.OSTmrSignal) refers to os_sem.o(i.OSSemPost) for OSSemPost
    os_tmr.o(i.OSTmrSignal) refers to os_core.o(.data) for OSTmrSemSignal
    os_tmr.o(i.OSTmrStart) refers to os_core.o(i.OSSchedLock) for OSSchedLock
    os_tmr.o(i.OSTmrStart) refers to os_tmr.o(i.OSTmr_Unlink) for OSTmr_Unlink
    os_tmr.o(i.OSTmrStart) refers to os_tmr.o(i.OSTmr_Link) for OSTmr_Link
    os_tmr.o(i.OSTmrStart) refers to os_core.o(i.OSSchedUnlock) for OSSchedUnlock
    os_tmr.o(i.OSTmrStart) refers to os_core.o(.data) for OSIntNesting
    os_tmr.o(i.OSTmrStateGet) refers to os_core.o(i.OSSchedLock) for OSSchedLock
    os_tmr.o(i.OSTmrStateGet) refers to os_core.o(i.OSSchedUnlock) for OSSchedUnlock
    os_tmr.o(i.OSTmrStateGet) refers to os_core.o(.data) for OSIntNesting
    os_tmr.o(i.OSTmrStop) refers to os_core.o(i.OSSchedLock) for OSSchedLock
    os_tmr.o(i.OSTmrStop) refers to os_tmr.o(i.OSTmr_Unlink) for OSTmr_Unlink
    os_tmr.o(i.OSTmrStop) refers to os_core.o(i.OSSchedUnlock) for OSSchedUnlock
    os_tmr.o(i.OSTmrStop) refers to os_core.o(.data) for OSIntNesting
    os_tmr.o(i.OSTmr_Alloc) refers to os_core.o(.data) for OSTmrFreeList
    os_tmr.o(i.OSTmr_Free) refers to os_core.o(.data) for OSTmrFreeList
    os_tmr.o(i.OSTmr_Init) refers to os_core.o(i.OS_MemClr) for OS_MemClr
    os_tmr.o(i.OSTmr_Init) refers to os_sem.o(i.OSSemCreate) for OSSemCreate
    os_tmr.o(i.OSTmr_Init) refers to os_core.o(i.OSEventNameSet) for OSEventNameSet
    os_tmr.o(i.OSTmr_Init) refers to os_tmr.o(i.OSTmr_InitTask) for OSTmr_InitTask
    os_tmr.o(i.OSTmr_Init) refers to os_core.o(.bss) for OSTmrTbl
    os_tmr.o(i.OSTmr_Init) refers to os_core.o(.data) for OSTmrTime
    os_tmr.o(i.OSTmr_InitTask) refers to os_task.o(i.OSTaskCreateExt) for OSTaskCreateExt
    os_tmr.o(i.OSTmr_InitTask) refers to os_task.o(i.OSTaskNameSet) for OSTaskNameSet
    os_tmr.o(i.OSTmr_InitTask) refers to os_core.o(.bss) for OSTmrTaskStk
    os_tmr.o(i.OSTmr_InitTask) refers to os_tmr.o(i.OSTmr_Task) for OSTmr_Task
    os_tmr.o(i.OSTmr_Link) refers to os_core.o(.data) for OSTmrTime
    os_tmr.o(i.OSTmr_Link) refers to os_core.o(.bss) for OSTmrWheelTbl
    os_tmr.o(i.OSTmr_Task) refers to os_sem.o(i.OSSemPend) for OSSemPend
    os_tmr.o(i.OSTmr_Task) refers to os_core.o(i.OSSchedLock) for OSSchedLock
    os_tmr.o(i.OSTmr_Task) refers to os_tmr.o(i.OSTmr_Unlink) for OSTmr_Unlink
    os_tmr.o(i.OSTmr_Task) refers to os_tmr.o(i.OSTmr_Link) for OSTmr_Link
    os_tmr.o(i.OSTmr_Task) refers to os_core.o(i.OSSchedUnlock) for OSSchedUnlock
    os_tmr.o(i.OSTmr_Task) refers to os_core.o(.data) for OSTmrSemSignal
    os_tmr.o(i.OSTmr_Task) refers to os_core.o(.bss) for OSTmrWheelTbl
    os_tmr.o(i.OSTmr_Unlink) refers to os_core.o(.bss) for OSTmrWheelTbl
    acmp.o(i.ACMP0_IRQHandler) refers to acmp.o(.data) for ACMP_Callback
    acmp.o(i.ACMP1_IRQHandler) refers to acmp.o(.data) for ACMP_Callback
    acmp.o(i.ACMP_Init) refers to acmp.o(i.ACMP_ConfigDAC) for ACMP_ConfigDAC
    acmp.o(i.ACMP_SetCallback) refers to acmp.o(.data) for ACMP_Callback
    adc.o(i.ADC_DeInit) refers to adc.o(i.ADC_SetChannel) for ADC_SetChannel
    adc.o(i.ADC_IRQHandler) refers to adc.o(.data) for ADC_Callback
    adc.o(i.ADC_Init) refers to adc.o(i.ADC_SelectClock) for ADC_SelectClock
    adc.o(i.ADC_Init) refers to adc.o(i.ADC_SelectClockDivide) for ADC_SelectClockDivide
    adc.o(i.ADC_Init) refers to adc.o(i.ADC_SetMode) for ADC_SetMode
    adc.o(i.ADC_Init) refers to adc.o(i.ADC_SetFifoLevel) for ADC_SetFifoLevel
    adc.o(i.ADC_PollRead) refers to adc.o(i.ADC_SetChannel) for ADC_SetChannel
    adc.o(i.ADC_SetCallBack) refers to adc.o(.data) for ADC_Callback
    flash.o(i.FLASH_EraseAll) refers to flash.o(i.FLASH_LaunchCMD) for FLASH_LaunchCMD
    flash.o(i.FLASH_EraseBlock) refers to flash.o(i.FLASH_LaunchCMD) for FLASH_LaunchCMD
    flash.o(i.FLASH_EraseSector) refers to flash.o(i.FLASH_LaunchCMD) for FLASH_LaunchCMD
    flash.o(i.FLASH_EraseVerifyAll) refers to flash.o(i.FLASH_LaunchCMD) for FLASH_LaunchCMD
    flash.o(i.FLASH_EraseVerifyBlock) refers to flash.o(i.FLASH_LaunchCMD) for FLASH_LaunchCMD
    flash.o(i.FLASH_EraseVerifySection) refers to flash.o(i.FLASH_LaunchCMD) for FLASH_LaunchCMD
    flash.o(i.FLASH_Init) refers to uidiv.o(.text) for __aeabi_uidivmod
    flash.o(i.FLASH_Program) refers to flash.o(i.FLASH_Program2LongWords) for FLASH_Program2LongWords
    flash.o(i.FLASH_Program) refers to flash.o(i.FLASH_Program1LongWord) for FLASH_Program1LongWord
    flash.o(i.FLASH_Program1LongWord) refers to flash.o(i.FLASH_LaunchCMD) for FLASH_LaunchCMD
    flash.o(i.FLASH_Program2LongWords) refers to flash.o(i.FLASH_LaunchCMD) for FLASH_LaunchCMD
    flash.o(i.FLASH_ProgramOnce) refers to flash.o(i.FLASH_LaunchCMD) for FLASH_LaunchCMD
    flash.o(i.FLASH_ReadOnce) refers to flash.o(i.FLASH_LaunchCMD) for FLASH_LaunchCMD
    flash.o(i.FLASH_SetUserMarginLevel) refers to flash.o(i.FLASH_LaunchCMD) for FLASH_LaunchCMD
    flash.o(i.FLASH_Unsecure) refers to flash.o(i.FLASH_LaunchCMD) for FLASH_LaunchCMD
    flash.o(i.FLASH_VerifyBackdoorKey) refers to flash.o(i.FLASH_LaunchCMD) for FLASH_LaunchCMD
    ftm.o(i.FTM0_IRQHandler) refers to ftm.o(.bss) for FTM_Callback
    ftm.o(i.FTM1_IRQHandler) refers to ftm.o(.bss) for FTM_Callback
    ftm.o(i.FTM2_IRQHandler) refers to ftm.o(.bss) for FTM_Callback
    ftm.o(i.FTM_SetCallback) refers to ftm.o(.bss) for FTM_Callback
    i2c.o(i.I2C0_IRQHandler) refers to i2c.o(.data) for I2C_Callback
    i2c.o(i.I2C0_SetCallBack) refers to i2c.o(.data) for I2C_Callback
    i2c.o(i.I2C1_IRQHandler) refers to i2c.o(.data) for I2C_Callback
    i2c.o(i.I2C1_SetCallBack) refers to i2c.o(.data) for I2C_Callback
    i2c.o(i.I2C_Init) refers to i2c.o(i.I2C_SetSlaveAddress) for I2C_SetSlaveAddress
    i2c.o(i.I2C_Init) refers to i2c.o(i.I2C_SetSCLLowTimeout) for I2C_SetSCLLowTimeout
    i2c.o(i.I2C_MasterRead) refers to i2c.o(i.I2C_IntDisable) for I2C_IntDisable
    i2c.o(i.I2C_MasterRead) refers to i2c.o(i.I2C_Start) for I2C_Start
    i2c.o(i.I2C_MasterRead) refers to i2c.o(i.I2C_WriteOneByte) for I2C_WriteOneByte
    i2c.o(i.I2C_MasterRead) refers to i2c.o(i.I2C_SendAck) for I2C_SendAck
    i2c.o(i.I2C_MasterRead) refers to i2c.o(i.I2C_RxEnable) for I2C_RxEnable
    i2c.o(i.I2C_MasterRead) refers to i2c.o(i.I2C_IntEnable) for I2C_IntEnable
    i2c.o(i.I2C_MasterReadWait) refers to i2c.o(i.I2C_Start) for I2C_Start
    i2c.o(i.I2C_MasterReadWait) refers to i2c.o(i.I2C_WriteOneByte) for I2C_WriteOneByte
    i2c.o(i.I2C_MasterReadWait) refers to i2c.o(i.I2C_ReadOneByte) for I2C_ReadOneByte
    i2c.o(i.I2C_MasterReadWait) refers to i2c.o(i.I2C_Stop) for I2C_Stop
    i2c.o(i.I2C_MasterSend) refers to i2c.o(i.I2C_IsBusy) for I2C_IsBusy
    i2c.o(i.I2C_MasterSend) refers to i2c.o(i.I2C_Start) for I2C_Start
    i2c.o(i.I2C_MasterSend) refers to i2c.o(i.I2C_TxEnable) for I2C_TxEnable
    i2c.o(i.I2C_MasterSend) refers to i2c.o(i.I2C_WriteOneByte) for I2C_WriteOneByte
    i2c.o(i.I2C_MasterSendWait) refers to i2c.o(i.I2C_Start) for I2C_Start
    i2c.o(i.I2C_MasterSendWait) refers to i2c.o(i.I2C_WriteOneByte) for I2C_WriteOneByte
    i2c.o(i.I2C_MasterSendWait) refers to i2c.o(i.I2C_Stop) for I2C_Stop
    i2c.o(i.I2C_ReadOneByte) refers to i2c.o(i.I2C_GetStatus) for I2C_GetStatus
    i2c.o(i.I2C_ReadOneByte) refers to i2c.o(i.I2C_RxEnable) for I2C_RxEnable
    i2c.o(i.I2C_ReadOneByte) refers to i2c.o(i.I2C_SendAck) for I2C_SendAck
    i2c.o(i.I2C_ReadOneByte) refers to i2c.o(i.I2C_ClearStatus) for I2C_ClearStatus
    i2c.o(i.I2C_RepeatStart) refers to i2c.o(i.I2C_IsBusy) for I2C_IsBusy
    i2c.o(i.I2C_Start) refers to i2c.o(i.I2C_TxEnable) for I2C_TxEnable
    i2c.o(i.I2C_Start) refers to i2c.o(i.I2C_IsBusy) for I2C_IsBusy
    i2c.o(i.I2C_Stop) refers to i2c.o(i.I2C_IsBusy) for I2C_IsBusy
    i2c.o(i.I2C_WriteOneByte) refers to i2c.o(i.I2C_GetStatus) for I2C_GetStatus
    i2c.o(i.I2C_WriteOneByte) refers to i2c.o(i.I2C_TxEnable) for I2C_TxEnable
    i2c.o(i.I2C_WriteOneByte) refers to i2c.o(i.I2C_ClearStatus) for I2C_ClearStatus
    ics.o(i.FBE_to_FBI) refers to ics.o(i.OSC_Disable) for OSC_Disable
    ics.o(i.FBE_to_FBI) refers to ics.o(i.ICS_SetBusDivider) for ICS_SetBusDivider
    ics.o(i.FBE_to_FEE) refers to ics.o(i.ICS_SetBusDivider) for ICS_SetBusDivider
    ics.o(i.FBE_to_FEI) refers to ics.o(i.OSC_Disable) for OSC_Disable
    ics.o(i.FBE_to_FEI) refers to ics.o(i.ICS_SetBusDivider) for ICS_SetBusDivider
    ics.o(i.FBI_to_FBE) refers to ics.o(i.OSC_Init) for OSC_Init
    ics.o(i.FBI_to_FBE) refers to ics.o(i.ICS_SetBusDivider) for ICS_SetBusDivider
    ics.o(i.FBI_to_FEE) refers to ics.o(i.OSC_Init) for OSC_Init
    ics.o(i.FBI_to_FEE) refers to ics.o(i.ICS_SetOscDivider) for ICS_SetOscDivider
    ics.o(i.FBI_to_FEE) refers to ics.o(i.ICS_SetBusDivider) for ICS_SetBusDivider
    ics.o(i.FBI_to_FEI) refers to ics.o(i.ICS_SetBusDivider) for ICS_SetBusDivider
    ics.o(i.FEE_to_FBE) refers to ics.o(i.ICS_SetBusDivider) for ICS_SetBusDivider
    ics.o(i.FEE_to_FBI) refers to ics.o(i.OSC_Disable) for OSC_Disable
    ics.o(i.FEE_to_FBI) refers to ics.o(i.ICS_SetBusDivider) for ICS_SetBusDivider
    ics.o(i.FEE_to_FEI) refers to ics.o(i.OSC_Disable) for OSC_Disable
    ics.o(i.FEE_to_FEI) refers to ics.o(i.ICS_SetBusDivider) for ICS_SetBusDivider
    ics.o(i.FEI_factory_to_FEI_custom) refers to ics.o(i.ICS_SetBusDivider) for ICS_SetBusDivider
    ics.o(i.FEI_to_FBE) refers to ics.o(i.OSC_Init) for OSC_Init
    ics.o(i.FEI_to_FBE) refers to ics.o(i.ICS_SetBusDivider) for ICS_SetBusDivider
    ics.o(i.FEI_to_FBI) refers to ics.o(i.ICS_SetBusDivider) for ICS_SetBusDivider
    ics.o(i.FEI_to_FEE) refers to ics.o(i.OSC_Init) for OSC_Init
    ics.o(i.FEI_to_FEE) refers to ics.o(i.ICS_SetOscDivider) for ICS_SetOscDivider
    ics.o(i.FEI_to_FEE) refers to ics.o(i.ICS_SetBusDivider) for ICS_SetBusDivider
    ics.o(i.ICS_Init) refers to ics.o(i.FEI_to_FEE) for FEI_to_FEE
    ics.o(i.ICS_Init) refers to ics.o(i.FEI_to_FBE) for FEI_to_FBE
    ics.o(i.ICS_Init) refers to ics.o(i.ICS_SetBusDivider) for ICS_SetBusDivider
    ics.o(i.ICS_Init) refers to ics.o(i.FEI_factory_to_FEI_custom) for FEI_factory_to_FEI_custom
    ics.o(i.ICS_Init) refers to ics.o(i.FEI_to_FBI) for FEI_to_FBI
    kbi.o(i.KBI0_IRQHandler) refers to kbi.o(.data) for KBI_Callback
    kbi.o(i.KBI1_IRQHandler) refers to kbi.o(.data) for KBI_Callback
    kbi.o(i.KBI_Init) refers to memcpya.o(.text) for __aeabi_memcpy4
    kbi.o(i.KBI_Init) refers to kbi.o(.constdata) for .constdata
    kbi.o(i.KBI_SetCallback) refers to kbi.o(.data) for KBI_Callback
    mscan.o(i.CAN_DeInit) refers to mscan.o(i.CAN_LaunchInitialRequest) for CAN_LaunchInitialRequest
    mscan.o(i.CAN_EnterSleep) refers to mscan.o(i.CAN_IsInitialMode) for CAN_IsInitialMode
    mscan.o(i.CAN_EnterSleep) refers to mscan.o(i.CAN_WakeUpEn) for CAN_WakeUpEn
    mscan.o(i.CAN_EnterSleep) refers to mscan.o(i.CAN_WakeUpIntEn) for CAN_WakeUpIntEn
    mscan.o(i.CAN_Init) refers to mscan.o(i.CAN_Enable) for CAN_Enable
    mscan.o(i.CAN_Init) refers to mscan.o(i.CAN_InitialModeReq) for CAN_InitialModeReq
    mscan.o(i.CAN_Init) refers to mscan.o(i.CAN_IsInitialMode) for CAN_IsInitialMode
    mscan.o(i.CAN_Init) refers to mscan.o(i.NVIC_EnableIRQ) for NVIC_EnableIRQ
    mscan.o(i.CAN_Init) refers to mscan.o(i.CAN_WakeUpIntEn) for CAN_WakeUpIntEn
    mscan.o(i.CAN_Init) refers to mscan.o(i.CAN_WakeUpEn) for CAN_WakeUpEn
    mscan.o(i.CAN_LaunchInitialRequest) refers to mscan.o(i.CAN_InitialModeReq) for CAN_InitialModeReq
    mscan.o(i.CAN_LaunchInitialRequest) refers to mscan.o(i.CAN_IsInitialMode) for CAN_IsInitialMode
    mscan.o(i.CAN_LoadOneFrameToBuff) refers to memcpya.o(.text) for __aeabi_memcpy
    mscan.o(i.MSCAN_RX_IRQHandler) refers to mscan.o(.data) for MSCAN_RxCallback
    mscan.o(i.MSCAN_SetRxCallBack) refers to mscan.o(.data) for MSCAN_RxCallback
    mscan.o(i.MSCAN_SetTxCallBack) refers to mscan.o(.data) for MSCAN_TxCallback
    mscan.o(i.MSCAN_TxIsr) refers to mscan.o(.data) for MSCAN_TxCallback
    pit.o(i.PIT_CH0_IRQHandler) refers to pit.o(i.PIT_ChannelClrFlags) for PIT_ChannelClrFlags
    pit.o(i.PIT_CH0_IRQHandler) refers to pit.o(.data) for PIT_Callback
    pit.o(i.PIT_CH1_IRQHandler) refers to pit.o(i.PIT_ChannelClrFlags) for PIT_ChannelClrFlags
    pit.o(i.PIT_CH1_IRQHandler) refers to pit.o(.data) for PIT_Callback
    pit.o(i.PIT_DeInit) refers to pit.o(i.PIT_SetLoadVal) for PIT_SetLoadVal
    pit.o(i.PIT_DeInit) refers to pit.o(i.PIT_ChannelDisable) for PIT_ChannelDisable
    pit.o(i.PIT_DeInit) refers to pit.o(i.PIT_ChannelDisableInt) for PIT_ChannelDisableInt
    pit.o(i.PIT_DeInit) refers to pit.o(i.PIT_ChannelDisableChain) for PIT_ChannelDisableChain
    pit.o(i.PIT_DeInit) refers to pit.o(i.PIT_ChannelClrFlags) for PIT_ChannelClrFlags
    pit.o(i.PIT_Init) refers to pit.o(i.PIT_SetLoadVal) for PIT_SetLoadVal
    pit.o(i.PIT_SetCallback) refers to pit.o(.data) for PIT_Callback
    pwt.o(i.PWT_IRQHandler) refers to pwt.o(.data) for PWT_Callback
    pwt.o(i.PWT_SetCallback) refers to pwt.o(.data) for PWT_Callback
    rtc.o(i.RTC_DeInit) refers to rtc.o(i.RTC_ClrFlags) for RTC_ClrFlags
    rtc.o(i.RTC_IRQHandler) refers to rtc.o(i.RTC_ClrFlags) for RTC_ClrFlags
    rtc.o(i.RTC_IRQHandler) refers to rtc.o(.data) for RTC_Callback
    rtc.o(i.RTC_Init) refers to rtc.o(i.RTC_ClrFlags) for RTC_ClrFlags
    rtc.o(i.RTC_SetCallback) refers to rtc.o(.data) for RTC_Callback
    spi.o(i.SPI0_IRQHandler) refers to spi.o(.data) for SPI_Callback
    spi.o(i.SPI1_IRQHandler) refers to spi.o(.data) for SPI_Callback
    spi.o(i.SPI_Init) refers to spi.o(i.SPI_SetClockPol) for SPI_SetClockPol
    spi.o(i.SPI_Init) refers to spi.o(i.SPI_SetClockPhase) for SPI_SetClockPhase
    spi.o(i.SPI_Init) refers to spi.o(i.SPI_ModfEnable) for SPI_ModfEnable
    spi.o(i.SPI_Init) refers to spi.o(i.SPI_SetBaudRate) for SPI_SetBaudRate
    spi.o(i.SPI_SetBaudRate) refers to uidiv.o(.text) for __aeabi_uidivmod
    spi.o(i.SPI_SetCallback) refers to spi.o(.data) for SPI_Callback
    uart.o(i.UART0_IRQHandler) refers to uart.o(.data) for UART_Callback
    uart.o(i.UART1_IRQHandler) refers to uart.o(.data) for UART_Callback
    uart.o(i.UART2_IRQHandler) refers to uart.o(.data) for UART_Callback
    uart.o(i.UART_CheckFlag) refers to uart.o(i.UART_GetFlags) for UART_GetFlags
    uart.o(i.UART_Init) refers to uidiv.o(.text) for __aeabi_uidivmod
    uart.o(i.UART_SetBaudrate) refers to uidiv.o(.text) for __aeabi_uidivmod
    uart.o(i.UART_SetCallback) refers to uart.o(.data) for UART_Callback
    wdog.o(i.WDOG_IRQHandler) refers to wdog.o(.data) for WDOG_Callback
    wdog.o(i.WDOG_SetCallback) refers to wdog.o(.data) for WDOG_Callback
    entry.o(.ARM.Collect$$$$00000000) refers (Special) to entry10a.o(.ARM.Collect$$$$0000000D) for __rt_final_cpp
    entry.o(.ARM.Collect$$$$00000000) refers (Special) to entry11a.o(.ARM.Collect$$$$0000000F) for __rt_final_exit
    entry.o(.ARM.Collect$$$$00000000) refers (Special) to entry7b.o(.ARM.Collect$$$$00000008) for _main_clock
    entry.o(.ARM.Collect$$$$00000000) refers (Special) to entry8b.o(.ARM.Collect$$$$0000000A) for _main_cpp_init
    entry.o(.ARM.Collect$$$$00000000) refers (Special) to entry9a.o(.ARM.Collect$$$$0000000B) for _main_init
    entry.o(.ARM.Collect$$$$00000000) refers (Special) to entry5.o(.ARM.Collect$$$$00000004) for _main_scatterload
    entry.o(.ARM.Collect$$$$00000000) refers (Special) to entry2.o(.ARM.Collect$$$$00000001) for _main_stk
    printfb.o(i.__0fprintf$bare) refers to printfb.o(i._printf_core) for _printf_core
    printfb.o(i.__0fprintf$bare) refers to fputc.o(i.fputc) for fputc
    printfb.o(i.__0printf$bare) refers to printfb.o(i._printf_core) for _printf_core
    printfb.o(i.__0printf$bare) refers to fputc.o(i.fputc) for fputc
    printfb.o(i.__0printf$bare) refers to stdout.o(.data) for __stdout
    printfb.o(i.__0snprintf$bare) refers to printfb.o(i._printf_core) for _printf_core
    printfb.o(i.__0snprintf$bare) refers to printfb.o(i._snputc) for _snputc
    printfb.o(i.__0sprintf$bare) refers to printfb.o(i._printf_core) for _printf_core
    printfb.o(i.__0sprintf$bare) refers to printfb.o(i._sputc) for _sputc
    printfb.o(i.__0vfprintf$bare) refers to printfb.o(i._printf_core) for _printf_core
    printfb.o(i.__0vfprintf$bare) refers to fputc.o(i.fputc) for fputc
    printfb.o(i.__0vprintf$bare) refers to printfb.o(i._printf_core) for _printf_core
    printfb.o(i.__0vprintf$bare) refers to fputc.o(i.fputc) for fputc
    printfb.o(i.__0vprintf$bare) refers to stdout.o(.data) for __stdout
    printfb.o(i.__0vsnprintf$bare) refers to printfb.o(i._printf_core) for _printf_core
    printfb.o(i.__0vsnprintf$bare) refers to printfb.o(i._snputc) for _snputc
    printfb.o(i.__0vsprintf$bare) refers to printfb.o(i._printf_core) for _printf_core
    printfb.o(i.__0vsprintf$bare) refers to printfb.o(i._sputc) for _sputc
    printf0.o(i.__0fprintf$0) refers to printf0.o(i._printf_core) for _printf_core
    printf0.o(i.__0fprintf$0) refers to fputc.o(i.fputc) for fputc
    printf0.o(i.__0printf$0) refers to printf0.o(i._printf_core) for _printf_core
    printf0.o(i.__0printf$0) refers to fputc.o(i.fputc) for fputc
    printf0.o(i.__0printf$0) refers to stdout.o(.data) for __stdout
    printf0.o(i.__0snprintf$0) refers to printf0.o(i._printf_core) for _printf_core
    printf0.o(i.__0snprintf$0) refers to printf0.o(i._snputc) for _snputc
    printf0.o(i.__0sprintf$0) refers to printf0.o(i._printf_core) for _printf_core
    printf0.o(i.__0sprintf$0) refers to printf0.o(i._sputc) for _sputc
    printf0.o(i.__0vfprintf$0) refers to printf0.o(i._printf_core) for _printf_core
    printf0.o(i.__0vfprintf$0) refers to fputc.o(i.fputc) for fputc
    printf0.o(i.__0vprintf$0) refers to printf0.o(i._printf_core) for _printf_core
    printf0.o(i.__0vprintf$0) refers to fputc.o(i.fputc) for fputc
    printf0.o(i.__0vprintf$0) refers to stdout.o(.data) for __stdout
    printf0.o(i.__0vsnprintf$0) refers to printf0.o(i._printf_core) for _printf_core
    printf0.o(i.__0vsnprintf$0) refers to printf0.o(i._snputc) for _snputc
    printf0.o(i.__0vsprintf$0) refers to printf0.o(i._printf_core) for _printf_core
    printf0.o(i.__0vsprintf$0) refers to printf0.o(i._sputc) for _sputc
    printf1.o(i.__0fprintf$1) refers to printf1.o(i._printf_core) for _printf_core
    printf1.o(i.__0fprintf$1) refers to fputc.o(i.fputc) for fputc
    printf1.o(i.__0printf$1) refers to printf1.o(i._printf_core) for _printf_core
    printf1.o(i.__0printf$1) refers to fputc.o(i.fputc) for fputc
    printf1.o(i.__0printf$1) refers to stdout.o(.data) for __stdout
    printf1.o(i.__0snprintf$1) refers to printf1.o(i._printf_core) for _printf_core
    printf1.o(i.__0snprintf$1) refers to printf1.o(i._snputc) for _snputc
    printf1.o(i.__0sprintf$1) refers to printf1.o(i._printf_core) for _printf_core
    printf1.o(i.__0sprintf$1) refers to printf1.o(i._sputc) for _sputc
    printf1.o(i.__0vfprintf$1) refers to printf1.o(i._printf_core) for _printf_core
    printf1.o(i.__0vfprintf$1) refers to fputc.o(i.fputc) for fputc
    printf1.o(i.__0vprintf$1) refers to printf1.o(i._printf_core) for _printf_core
    printf1.o(i.__0vprintf$1) refers to fputc.o(i.fputc) for fputc
    printf1.o(i.__0vprintf$1) refers to stdout.o(.data) for __stdout
    printf1.o(i.__0vsnprintf$1) refers to printf1.o(i._printf_core) for _printf_core
    printf1.o(i.__0vsnprintf$1) refers to printf1.o(i._snputc) for _snputc
    printf1.o(i.__0vsprintf$1) refers to printf1.o(i._printf_core) for _printf_core
    printf1.o(i.__0vsprintf$1) refers to printf1.o(i._sputc) for _sputc
    printf1.o(i._printf_core) refers to uidiv.o(.text) for __aeabi_uidivmod
    printf2.o(i.__0fprintf$2) refers to printf2.o(i._printf_core) for _printf_core
    printf2.o(i.__0fprintf$2) refers to fputc.o(i.fputc) for fputc
    printf2.o(i.__0printf$2) refers to printf2.o(i._printf_core) for _printf_core
    printf2.o(i.__0printf$2) refers to fputc.o(i.fputc) for fputc
    printf2.o(i.__0printf$2) refers to stdout.o(.data) for __stdout
    printf2.o(i.__0snprintf$2) refers to printf2.o(i._printf_core) for _printf_core
    printf2.o(i.__0snprintf$2) refers to printf2.o(i._snputc) for _snputc
    printf2.o(i.__0sprintf$2) refers to printf2.o(i._printf_core) for _printf_core
    printf2.o(i.__0sprintf$2) refers to printf2.o(i._sputc) for _sputc
    printf2.o(i.__0vfprintf$2) refers to printf2.o(i._printf_core) for _printf_core
    printf2.o(i.__0vfprintf$2) refers to fputc.o(i.fputc) for fputc
    printf2.o(i.__0vprintf$2) refers to printf2.o(i._printf_core) for _printf_core
    printf2.o(i.__0vprintf$2) refers to fputc.o(i.fputc) for fputc
    printf2.o(i.__0vprintf$2) refers to stdout.o(.data) for __stdout
    printf2.o(i.__0vsnprintf$2) refers to printf2.o(i._printf_core) for _printf_core
    printf2.o(i.__0vsnprintf$2) refers to printf2.o(i._snputc) for _snputc
    printf2.o(i.__0vsprintf$2) refers to printf2.o(i._printf_core) for _printf_core
    printf2.o(i.__0vsprintf$2) refers to printf2.o(i._sputc) for _sputc
    printf3.o(i.__0fprintf$3) refers to printf3.o(i._printf_core) for _printf_core
    printf3.o(i.__0fprintf$3) refers to fputc.o(i.fputc) for fputc
    printf3.o(i.__0printf$3) refers to printf3.o(i._printf_core) for _printf_core
    printf3.o(i.__0printf$3) refers to fputc.o(i.fputc) for fputc
    printf3.o(i.__0printf$3) refers to stdout.o(.data) for __stdout
    printf3.o(i.__0snprintf$3) refers to printf3.o(i._printf_core) for _printf_core
    printf3.o(i.__0snprintf$3) refers to printf3.o(i._snputc) for _snputc
    printf3.o(i.__0sprintf$3) refers to printf3.o(i._printf_core) for _printf_core
    printf3.o(i.__0sprintf$3) refers to printf3.o(i._sputc) for _sputc
    printf3.o(i.__0vfprintf$3) refers to printf3.o(i._printf_core) for _printf_core
    printf3.o(i.__0vfprintf$3) refers to fputc.o(i.fputc) for fputc
    printf3.o(i.__0vprintf$3) refers to printf3.o(i._printf_core) for _printf_core
    printf3.o(i.__0vprintf$3) refers to fputc.o(i.fputc) for fputc
    printf3.o(i.__0vprintf$3) refers to stdout.o(.data) for __stdout
    printf3.o(i.__0vsnprintf$3) refers to printf3.o(i._printf_core) for _printf_core
    printf3.o(i.__0vsnprintf$3) refers to printf3.o(i._snputc) for _snputc
    printf3.o(i.__0vsprintf$3) refers to printf3.o(i._printf_core) for _printf_core
    printf3.o(i.__0vsprintf$3) refers to printf3.o(i._sputc) for _sputc
    printf3.o(i._printf_core) refers to uidiv.o(.text) for __aeabi_uidivmod
    printf4.o(i.__0fprintf$4) refers to printf4.o(i._printf_core) for _printf_core
    printf4.o(i.__0fprintf$4) refers to fputc.o(i.fputc) for fputc
    printf4.o(i.__0printf$4) refers to printf4.o(i._printf_core) for _printf_core
    printf4.o(i.__0printf$4) refers to fputc.o(i.fputc) for fputc
    printf4.o(i.__0printf$4) refers to stdout.o(.data) for __stdout
    printf4.o(i.__0snprintf$4) refers to printf4.o(i._printf_core) for _printf_core
    printf4.o(i.__0snprintf$4) refers to printf4.o(i._snputc) for _snputc
    printf4.o(i.__0sprintf$4) refers to printf4.o(i._printf_core) for _printf_core
    printf4.o(i.__0sprintf$4) refers to printf4.o(i._sputc) for _sputc
    printf4.o(i.__0vfprintf$4) refers to printf4.o(i._printf_core) for _printf_core
    printf4.o(i.__0vfprintf$4) refers to fputc.o(i.fputc) for fputc
    printf4.o(i.__0vprintf$4) refers to printf4.o(i._printf_core) for _printf_core
    printf4.o(i.__0vprintf$4) refers to fputc.o(i.fputc) for fputc
    printf4.o(i.__0vprintf$4) refers to stdout.o(.data) for __stdout
    printf4.o(i.__0vsnprintf$4) refers to printf4.o(i._printf_core) for _printf_core
    printf4.o(i.__0vsnprintf$4) refers to printf4.o(i._snputc) for _snputc
    printf4.o(i.__0vsprintf$4) refers to printf4.o(i._printf_core) for _printf_core
    printf4.o(i.__0vsprintf$4) refers to printf4.o(i._sputc) for _sputc
    printf4.o(i._printf_core) refers to uldiv.o(.text) for __aeabi_uldivmod
    printf5.o(i.__0fprintf$5) refers to printf5.o(i._printf_core) for _printf_core
    printf5.o(i.__0fprintf$5) refers to fputc.o(i.fputc) for fputc
    printf5.o(i.__0printf$5) refers to printf5.o(i._printf_core) for _printf_core
    printf5.o(i.__0printf$5) refers to fputc.o(i.fputc) for fputc
    printf5.o(i.__0printf$5) refers to stdout.o(.data) for __stdout
    printf5.o(i.__0snprintf$5) refers to printf5.o(i._printf_core) for _printf_core
    printf5.o(i.__0snprintf$5) refers to printf5.o(i._snputc) for _snputc
    printf5.o(i.__0sprintf$5) refers to printf5.o(i._printf_core) for _printf_core
    printf5.o(i.__0sprintf$5) refers to printf5.o(i._sputc) for _sputc
    printf5.o(i.__0vfprintf$5) refers to printf5.o(i._printf_core) for _printf_core
    printf5.o(i.__0vfprintf$5) refers to fputc.o(i.fputc) for fputc
    printf5.o(i.__0vprintf$5) refers to printf5.o(i._printf_core) for _printf_core
    printf5.o(i.__0vprintf$5) refers to fputc.o(i.fputc) for fputc
    printf5.o(i.__0vprintf$5) refers to stdout.o(.data) for __stdout
    printf5.o(i.__0vsnprintf$5) refers to printf5.o(i._printf_core) for _printf_core
    printf5.o(i.__0vsnprintf$5) refers to printf5.o(i._snputc) for _snputc
    printf5.o(i.__0vsprintf$5) refers to printf5.o(i._printf_core) for _printf_core
    printf5.o(i.__0vsprintf$5) refers to printf5.o(i._sputc) for _sputc
    printf5.o(i._printf_core) refers to uldiv.o(.text) for __aeabi_uldivmod
    printf6.o(i.__0fprintf$6) refers to printf6.o(i._printf_core) for _printf_core
    printf6.o(i.__0fprintf$6) refers to fputc.o(i.fputc) for fputc
    printf6.o(i.__0printf$6) refers to printf6.o(i._printf_core) for _printf_core
    printf6.o(i.__0printf$6) refers to fputc.o(i.fputc) for fputc
    printf6.o(i.__0printf$6) refers to stdout.o(.data) for __stdout
    printf6.o(i.__0snprintf$6) refers to printf6.o(i._printf_core) for _printf_core
    printf6.o(i.__0snprintf$6) refers to printf6.o(i._snputc) for _snputc
    printf6.o(i.__0sprintf$6) refers to printf6.o(i._printf_core) for _printf_core
    printf6.o(i.__0sprintf$6) refers to printf6.o(i._sputc) for _sputc
    printf6.o(i.__0vfprintf$6) refers to printf6.o(i._printf_core) for _printf_core
    printf6.o(i.__0vfprintf$6) refers to fputc.o(i.fputc) for fputc
    printf6.o(i.__0vprintf$6) refers to printf6.o(i._printf_core) for _printf_core
    printf6.o(i.__0vprintf$6) refers to fputc.o(i.fputc) for fputc
    printf6.o(i.__0vprintf$6) refers to stdout.o(.data) for __stdout
    printf6.o(i.__0vsnprintf$6) refers to printf6.o(i._printf_core) for _printf_core
    printf6.o(i.__0vsnprintf$6) refers to printf6.o(i._snputc) for _snputc
    printf6.o(i.__0vsprintf$6) refers to printf6.o(i._printf_core) for _printf_core
    printf6.o(i.__0vsprintf$6) refers to printf6.o(i._sputc) for _sputc
    printf6.o(i._printf_core) refers to printf6.o(i._printf_pre_padding) for _printf_pre_padding
    printf6.o(i._printf_core) refers to printf6.o(i._printf_post_padding) for _printf_post_padding
    printf6.o(i._printf_core) refers to uidiv.o(.text) for __aeabi_uidivmod
    printf7.o(i.__0fprintf$7) refers to printf7.o(i._printf_core) for _printf_core
    printf7.o(i.__0fprintf$7) refers to fputc.o(i.fputc) for fputc
    printf7.o(i.__0printf$7) refers to printf7.o(i._printf_core) for _printf_core
    printf7.o(i.__0printf$7) refers to fputc.o(i.fputc) for fputc
    printf7.o(i.__0printf$7) refers to stdout.o(.data) for __stdout
    printf7.o(i.__0snprintf$7) refers to printf7.o(i._printf_core) for _printf_core
    printf7.o(i.__0snprintf$7) refers to printf7.o(i._snputc) for _snputc
    printf7.o(i.__0sprintf$7) refers to printf7.o(i._printf_core) for _printf_core
    printf7.o(i.__0sprintf$7) refers to printf7.o(i._sputc) for _sputc
    printf7.o(i.__0vfprintf$7) refers to printf7.o(i._printf_core) for _printf_core
    printf7.o(i.__0vfprintf$7) refers to fputc.o(i.fputc) for fputc
    printf7.o(i.__0vprintf$7) refers to printf7.o(i._printf_core) for _printf_core
    printf7.o(i.__0vprintf$7) refers to fputc.o(i.fputc) for fputc
    printf7.o(i.__0vprintf$7) refers to stdout.o(.data) for __stdout
    printf7.o(i.__0vsnprintf$7) refers to printf7.o(i._printf_core) for _printf_core
    printf7.o(i.__0vsnprintf$7) refers to printf7.o(i._snputc) for _snputc
    printf7.o(i.__0vsprintf$7) refers to printf7.o(i._printf_core) for _printf_core
    printf7.o(i.__0vsprintf$7) refers to printf7.o(i._sputc) for _sputc
    printf7.o(i._printf_core) refers to printf7.o(i._printf_pre_padding) for _printf_pre_padding
    printf7.o(i._printf_core) refers to printf7.o(i._printf_post_padding) for _printf_post_padding
    printf7.o(i._printf_core) refers to uldiv.o(.text) for __aeabi_uldivmod
    printf8.o(i.__0fprintf$8) refers to printf8.o(i._printf_core) for _printf_core
    printf8.o(i.__0fprintf$8) refers to fputc.o(i.fputc) for fputc
    printf8.o(i.__0printf$8) refers to printf8.o(i._printf_core) for _printf_core
    printf8.o(i.__0printf$8) refers to fputc.o(i.fputc) for fputc
    printf8.o(i.__0printf$8) refers to stdout.o(.data) for __stdout
    printf8.o(i.__0snprintf$8) refers to printf8.o(i._printf_core) for _printf_core
    printf8.o(i.__0snprintf$8) refers to printf8.o(i._snputc) for _snputc
    printf8.o(i.__0sprintf$8) refers to printf8.o(i._printf_core) for _printf_core
    printf8.o(i.__0sprintf$8) refers to printf8.o(i._sputc) for _sputc
    printf8.o(i.__0vfprintf$8) refers to printf8.o(i._printf_core) for _printf_core
    printf8.o(i.__0vfprintf$8) refers to fputc.o(i.fputc) for fputc
    printf8.o(i.__0vprintf$8) refers to printf8.o(i._printf_core) for _printf_core
    printf8.o(i.__0vprintf$8) refers to fputc.o(i.fputc) for fputc
    printf8.o(i.__0vprintf$8) refers to stdout.o(.data) for __stdout
    printf8.o(i.__0vsnprintf$8) refers to printf8.o(i._printf_core) for _printf_core
    printf8.o(i.__0vsnprintf$8) refers to printf8.o(i._snputc) for _snputc
    printf8.o(i.__0vsprintf$8) refers to printf8.o(i._printf_core) for _printf_core
    printf8.o(i.__0vsprintf$8) refers to printf8.o(i._sputc) for _sputc
    printf8.o(i._printf_core) refers to printf8.o(i._printf_pre_padding) for _printf_pre_padding
    printf8.o(i._printf_core) refers to printf8.o(i._printf_post_padding) for _printf_post_padding
    printf8.o(i._printf_core) refers to uldiv.o(.text) for __aeabi_uldivmod
    printfa.o(i.__0fprintf) refers (Special) to iusefp.o(.text) for __I$use$fp
    printfa.o(i.__0fprintf) refers to printfa.o(i._printf_core) for _printf_core
    printfa.o(i.__0fprintf) refers to fputc.o(i.fputc) for fputc
    printfa.o(i.__0printf) refers (Special) to iusefp.o(.text) for __I$use$fp
    printfa.o(i.__0printf) refers to printfa.o(i._printf_core) for _printf_core
    printfa.o(i.__0printf) refers to fputc.o(i.fputc) for fputc
    printfa.o(i.__0printf) refers to stdout.o(.data) for __stdout
    printfa.o(i.__0snprintf) refers (Special) to iusefp.o(.text) for __I$use$fp
    printfa.o(i.__0snprintf) refers to printfa.o(i._printf_core) for _printf_core
    printfa.o(i.__0snprintf) refers to printfa.o(i._snputc) for _snputc
    printfa.o(i.__0sprintf) refers (Special) to iusefp.o(.text) for __I$use$fp
    printfa.o(i.__0sprintf) refers to printfa.o(i._printf_core) for _printf_core
    printfa.o(i.__0sprintf) refers to printfa.o(i._sputc) for _sputc
    printfa.o(i.__0vfprintf) refers (Special) to iusefp.o(.text) for __I$use$fp
    printfa.o(i.__0vfprintf) refers to printfa.o(i._printf_core) for _printf_core
    printfa.o(i.__0vfprintf) refers to fputc.o(i.fputc) for fputc
    printfa.o(i.__0vprintf) refers (Special) to iusefp.o(.text) for __I$use$fp
    printfa.o(i.__0vprintf) refers to printfa.o(i._printf_core) for _printf_core
    printfa.o(i.__0vprintf) refers to fputc.o(i.fputc) for fputc
    printfa.o(i.__0vprintf) refers to stdout.o(.data) for __stdout
    printfa.o(i.__0vsnprintf) refers (Special) to iusefp.o(.text) for __I$use$fp
    printfa.o(i.__0vsnprintf) refers to printfa.o(i._printf_core) for _printf_core
    printfa.o(i.__0vsnprintf) refers to printfa.o(i._snputc) for _snputc
    printfa.o(i.__0vsprintf) refers (Special) to iusefp.o(.text) for __I$use$fp
    printfa.o(i.__0vsprintf) refers to printfa.o(i._printf_core) for _printf_core
    printfa.o(i.__0vsprintf) refers to printfa.o(i._sputc) for _sputc
    printfa.o(i._fp_digits) refers (Special) to iusefp.o(.text) for __I$use$fp
    printfa.o(i._fp_digits) refers to dmul.o(.text) for __aeabi_dmul
    printfa.o(i._fp_digits) refers to ddiv.o(.text) for __aeabi_ddiv
    printfa.o(i._fp_digits) refers to cdrcmple.o(.text) for __aeabi_cdrcmple
    printfa.o(i._fp_digits) refers to dadd.o(.text) for __aeabi_dadd
    printfa.o(i._fp_digits) refers to dfixul.o(.text) for __aeabi_d2ulz
    printfa.o(i._fp_digits) refers to uldiv.o(.text) for __aeabi_uldivmod
    printfa.o(i._printf_core) refers (Special) to iusefp.o(.text) for __I$use$fp
    printfa.o(i._printf_core) refers to printfa.o(i._printf_pre_padding) for _printf_pre_padding
    printfa.o(i._printf_core) refers to uldiv.o(.text) for __aeabi_uldivmod
    printfa.o(i._printf_core) refers to printfa.o(i._printf_post_padding) for _printf_post_padding
    printfa.o(i._printf_core) refers to printfa.o(i._fp_digits) for _fp_digits
    printfa.o(i._printf_core) refers to uidiv.o(.text) for __aeabi_uidivmod
    printfa.o(i._printf_post_padding) refers (Special) to iusefp.o(.text) for __I$use$fp
    printfa.o(i._printf_pre_padding) refers (Special) to iusefp.o(.text) for __I$use$fp
    printfa.o(i._snputc) refers (Special) to iusefp.o(.text) for __I$use$fp
    printfa.o(i._sputc) refers (Special) to iusefp.o(.text) for __I$use$fp
    entry2.o(.ARM.Collect$$$$00000001) refers to entry2.o(.ARM.Collect$$$$00002712) for __lit__00000000
    entry2.o(.ARM.Collect$$$$00002712) refers to startup_skeaz1284.o(STACK) for __initial_sp
    entry2.o(__vectab_stack_and_reset_area) refers to startup_skeaz1284.o(STACK) for __initial_sp
    entry2.o(__vectab_stack_and_reset_area) refers to entry.o(.ARM.Collect$$$$00000000) for __main
    entry5.o(.ARM.Collect$$$$00000004) refers to init.o(.text) for __scatterload
    entry9a.o(.ARM.Collect$$$$0000000B) refers to main.o(i.main) for main
    entry9b.o(.ARM.Collect$$$$0000000C) refers to main.o(i.main) for main
    fputc.o(i.fputc) refers (Special) to iusesemip.o(.text) for __I$use$semihosting$fputc
    fputc.o(i.fputc) refers (Special) to semi.o(.text) for __semihosting_library_function
    uldiv.o(.text) refers to llushr.o(.text) for __aeabi_llsr
    uldiv.o(.text) refers to llshl.o(.text) for __aeabi_llsl
    dadd.o(.text) refers to llshl.o(.text) for __aeabi_llsl
    dadd.o(.text) refers to llsshr.o(.text) for __aeabi_lasr
    dadd.o(.text) refers to depilogue.o(.text) for _double_epilogue
    dmul.o(.text) refers to depilogue.o(.text) for _double_epilogue
    ddiv.o(.text) refers to depilogue.o(.text) for _double_round
    dfixul.o(.text) refers to llushr.o(.text) for __aeabi_llsr
    dfixul.o(.text) refers to llshl.o(.text) for __aeabi_llsl
    init.o(.text) refers to entry5.o(.ARM.Collect$$$$00000004) for __main_after_scatterload
    depilogue.o(.text) refers to depilogue.o(i.__ARM_clz) for __ARM_clz
    depilogue.o(.text) refers to llshl.o(.text) for __aeabi_llsl
    depilogue.o(.text) refers to llushr.o(.text) for __aeabi_llsr


==============================================================================

Removing Unused input sections from the image.

    Removing startup_skeaz1284.o(HEAP), (0 bytes).
    Removing system_skeaz1284.o(.rev16_text), (4 bytes).
    Removing system_skeaz1284.o(.revsh_text), (4 bytes).
    Removing system_skeaz1284.o(i.SystemCoreClockUpdate), (180 bytes).
    Removing system_skeaz1284.o(.data), (4 bytes).
    Removing main.o(.rev16_text), (4 bytes).
    Removing main.o(.revsh_text), (4 bytes).
    Removing led.o(.rev16_text), (4 bytes).
    Removing led.o(.revsh_text), (4 bytes).
    Removing led.o(i.ledInit), (32 bytes).
    Removing led.o(i.ledoff), (20 bytes).
    Removing led.o(i.ledon), (20 bytes).
    Removing haladc.o(.rev16_text), (4 bytes).
    Removing haladc.o(.revsh_text), (4 bytes).
    Removing haladc.o(i.HalADCInit), (52 bytes).
    Removing halio.o(.rev16_text), (4 bytes).
    Removing halio.o(.revsh_text), (4 bytes).
    Removing haluart.o(.rev16_text), (4 bytes).
    Removing haluart.o(.revsh_text), (4 bytes).
    Removing os_core.o(i.OSEventNameGet), (124 bytes).
    Removing os_core.o(i.OSEventPendMulti), (716 bytes).
    Removing os_core.o(i.OSStatInit), (76 bytes).
    Removing os_core.o(i.OSVersion), (8 bytes).
    Removing os_core.o(i.OS_EventTaskWaitMulti), (152 bytes).
    Removing os_core.o(i.OS_MemCopy), (20 bytes).
    Removing os_core.o(i.OS_StrLen), (28 bytes).
    Removing os_flag.o(i.OSFlagAccept), (262 bytes).
    Removing os_flag.o(i.OSFlagCreate), (100 bytes).
    Removing os_flag.o(i.OSFlagDel), (244 bytes).
    Removing os_flag.o(i.OSFlagNameGet), (108 bytes).
    Removing os_flag.o(i.OSFlagNameSet), (88 bytes).
    Removing os_flag.o(i.OSFlagPend), (612 bytes).
    Removing os_flag.o(i.OSFlagPendGetFlagsRdy), (32 bytes).
    Removing os_flag.o(i.OSFlagPost), (324 bytes).
    Removing os_flag.o(i.OSFlagQuery), (56 bytes).
    Removing os_flag.o(i.OS_FlagBlock), (144 bytes).
    Removing os_flag.o(i.OS_FlagTaskRdy), (104 bytes).
    Removing os_mutex.o(i.OSMutexAccept), (160 bytes).
    Removing os_mutex.o(i.OSMutexCreate), (180 bytes).
    Removing os_mutex.o(i.OSMutexDel), (320 bytes).
    Removing os_mutex.o(i.OSMutexPend), (656 bytes).
    Removing os_mutex.o(i.OSMutexPost), (216 bytes).
    Removing os_mutex.o(i.OSMutexQuery), (132 bytes).
    Removing os_mutex.o(i.OSMutex_RdyAtPrio), (156 bytes).
    Removing os_q.o(i.OSQAccept), (98 bytes).
    Removing os_q.o(i.OSQCreate), (164 bytes).
    Removing os_q.o(i.OSQDel), (272 bytes).
    Removing os_q.o(i.OSQFlush), (54 bytes).
    Removing os_q.o(i.OSQPendAbort), (140 bytes).
    Removing os_q.o(i.OSQPostFront), (122 bytes).
    Removing os_q.o(i.OSQPostOpt), (194 bytes).
    Removing os_q.o(i.OSQQuery), (128 bytes).
    Removing os_sem.o(i.OSSemAccept), (50 bytes).
    Removing os_sem.o(i.OSSemDel), (236 bytes).
    Removing os_sem.o(i.OSSemPendAbort), (140 bytes).
    Removing os_sem.o(i.OSSemQuery), (94 bytes).
    Removing os_sem.o(i.OSSemSet), (76 bytes).
    Removing os_task.o(i.OSTaskChangePrio), (464 bytes).
    Removing os_task.o(i.OSTaskDelReq), (120 bytes).
    Removing os_task.o(i.OSTaskNameGet), (156 bytes).
    Removing os_task.o(i.OSTaskQuery), (108 bytes).
    Removing os_task.o(i.OSTaskRegGet), (96 bytes).
    Removing os_task.o(i.OSTaskRegGetID), (64 bytes).
    Removing os_task.o(i.OSTaskRegSet), (96 bytes).
    Removing os_task.o(i.OSTaskResume), (192 bytes).
    Removing os_time.o(i.OSTimeDlyHMSM), (140 bytes).
    Removing os_time.o(i.OSTimeDlyResume), (192 bytes).
    Removing os_time.o(i.OSTimeGet), (28 bytes).
    Removing os_time.o(i.OSTimeSet), (28 bytes).
    Removing os_tmr.o(i.OSTmrCreate), (164 bytes).
    Removing os_tmr.o(i.OSTmrDel), (144 bytes).
    Removing os_tmr.o(i.OSTmrNameGet), (144 bytes).
    Removing os_tmr.o(i.OSTmrRemainGet), (188 bytes).
    Removing os_tmr.o(i.OSTmrStart), (148 bytes).
    Removing os_tmr.o(i.OSTmrStateGet), (108 bytes).
    Removing os_tmr.o(i.OSTmrStop), (204 bytes).
    Removing os_tmr.o(i.OSTmr_Alloc), (64 bytes).
    Removing os_tmr.o(i.OSTmr_Free), (76 bytes).
    Removing acmp.o(.rev16_text), (4 bytes).
    Removing acmp.o(.revsh_text), (4 bytes).
    Removing acmp.o(i.ACMP_ConfigDAC), (6 bytes).
    Removing acmp.o(i.ACMP_DeInit), (100 bytes).
    Removing acmp.o(i.ACMP_Init), (104 bytes).
    Removing acmp.o(i.ACMP_SetCallback), (28 bytes).
    Removing adc.o(.rev16_text), (4 bytes).
    Removing adc.o(.revsh_text), (4 bytes).
    Removing adc.o(i.ADC_DeInit), (32 bytes).
    Removing adc.o(i.ADC_Init), (412 bytes).
    Removing adc.o(i.ADC_SelectClock), (16 bytes).
    Removing adc.o(i.ADC_SelectClockDivide), (22 bytes).
    Removing adc.o(i.ADC_SetCallBack), (12 bytes).
    Removing adc.o(i.ADC_SetFifoLevel), (16 bytes).
    Removing adc.o(i.ADC_SetMode), (22 bytes).
    Removing adc.o(i.ADC_VrefSelect), (16 bytes).
    Removing crc.o(.rev16_text), (4 bytes).
    Removing crc.o(.revsh_text), (4 bytes).
    Removing crc.o(i.CRC_Cal16), (108 bytes).
    Removing crc.o(i.CRC_Cal32), (128 bytes).
    Removing crc.o(i.CRC_DeInit), (64 bytes).
    Removing crc.o(i.CRC_Init), (108 bytes).
    Removing flash.o(.rev16_text), (4 bytes).
    Removing flash.o(.revsh_text), (4 bytes).
    Removing flash.o(i.FLASH_CheckErrStatus), (84 bytes).
    Removing flash.o(i.FLASH_EraseAll), (108 bytes).
    Removing flash.o(i.FLASH_EraseBlock), (148 bytes).
    Removing flash.o(i.FLASH_EraseBlock_NoWait), (68 bytes).
    Removing flash.o(i.FLASH_EraseSector), (144 bytes).
    Removing flash.o(i.FLASH_EraseVerifyAll), (88 bytes).
    Removing flash.o(i.FLASH_EraseVerifyBlock), (128 bytes).
    Removing flash.o(i.FLASH_EraseVerifySection), (136 bytes).
    Removing flash.o(i.FLASH_Init), (148 bytes).
    Removing flash.o(i.FLASH_LaunchCMD), (48 bytes).
    Removing flash.o(i.FLASH_Program), (212 bytes).
    Removing flash.o(i.FLASH_Program1LongWord), (172 bytes).
    Removing flash.o(i.FLASH_Program2LongWords), (200 bytes).
    Removing flash.o(i.FLASH_ProgramOnce), (168 bytes).
    Removing flash.o(i.FLASH_ReadOnce), (172 bytes).
    Removing flash.o(i.FLASH_SetUserMarginLevel), (152 bytes).
    Removing flash.o(i.FLASH_Unsecure), (112 bytes).
    Removing flash.o(i.FLASH_VerifyBackdoorKey), (124 bytes).
    Removing ftm.o(.rev16_text), (4 bytes).
    Removing ftm.o(.revsh_text), (4 bytes).
    Removing ftm.o(i.FTM_ChannelInit), (508 bytes).
    Removing ftm.o(i.FTM_ClockSet), (28 bytes).
    Removing ftm.o(i.FTM_DeInit), (164 bytes).
    Removing ftm.o(i.FTM_DualEdgeCaptureInit), (224 bytes).
    Removing ftm.o(i.FTM_GenerateTrig2), (28 bytes).
    Removing ftm.o(i.FTM_HardwareSync), (62 bytes).
    Removing ftm.o(i.FTM_HardwareSyncCombine), (32 bytes).
    Removing ftm.o(i.FTM_Init), (244 bytes).
    Removing ftm.o(i.FTM_InputCaptureInit), (160 bytes).
    Removing ftm.o(i.FTM_InvertChannel), (104 bytes).
    Removing ftm.o(i.FTM_OutputCompareInit), (108 bytes).
    Removing ftm.o(i.FTM_OutputMaskSet), (96 bytes).
    Removing ftm.o(i.FTM_PWMDeadtimeSet), (80 bytes).
    Removing ftm.o(i.FTM_PWMInit), (208 bytes).
    Removing ftm.o(i.FTM_PolaritySet), (34 bytes).
    Removing ftm.o(i.FTM_SWOutputControlSet), (148 bytes).
    Removing ftm.o(i.FTM_SetCallback), (24 bytes).
    Removing ftm.o(i.FTM_SetDebugModeBehavior), (32 bytes).
    Removing ftm.o(i.FTM_SetTOFFrequency), (26 bytes).
    Removing ftm.o(i.FTM_SoftwareSync), (22 bytes).
    Removing ftm.o(i.FTM_SyncConfigActivate), (12 bytes).
    Removing ftm.o(i.FTM_SyncConfigDeactivate), (12 bytes).
    Removing i2c.o(.rev16_text), (4 bytes).
    Removing i2c.o(.revsh_text), (4 bytes).
    Removing i2c.o(i.I2C0_SetCallBack), (12 bytes).
    Removing i2c.o(i.I2C1_SetCallBack), (12 bytes).
    Removing i2c.o(i.I2C_ClearStatus), (8 bytes).
    Removing i2c.o(i.I2C_Deinit), (52 bytes).
    Removing i2c.o(i.I2C_GetStatus), (6 bytes).
    Removing i2c.o(i.I2C_Init), (288 bytes).
    Removing i2c.o(i.I2C_IntDisable), (48 bytes).
    Removing i2c.o(i.I2C_IntEnable), (48 bytes).
    Removing i2c.o(i.I2C_IsBusy), (10 bytes).
    Removing i2c.o(i.I2C_MasterRead), (76 bytes).
    Removing i2c.o(i.I2C_MasterReadWait), (104 bytes).
    Removing i2c.o(i.I2C_MasterSend), (56 bytes).
    Removing i2c.o(i.I2C_MasterSendWait), (74 bytes).
    Removing i2c.o(i.I2C_ReadOneByte), (144 bytes).
    Removing i2c.o(i.I2C_RepeatStart), (60 bytes).
    Removing i2c.o(i.I2C_RxEnable), (10 bytes).
    Removing i2c.o(i.I2C_SendAck), (10 bytes).
    Removing i2c.o(i.I2C_SetSCLLowTimeout), (8 bytes).
    Removing i2c.o(i.I2C_SetSlaveAddress), (22 bytes).
    Removing i2c.o(i.I2C_Start), (60 bytes).
    Removing i2c.o(i.I2C_Stop), (56 bytes).
    Removing i2c.o(i.I2C_TxEnable), (10 bytes).
    Removing i2c.o(i.I2C_WriteOneByte), (136 bytes).
    Removing ics.o(.rev16_text), (4 bytes).
    Removing ics.o(.revsh_text), (4 bytes).
    Removing ics.o(i.FBELP_to_FBE), (20 bytes).
    Removing ics.o(i.FBE_to_FBELP), (20 bytes).
    Removing ics.o(i.FBE_to_FBI), (96 bytes).
    Removing ics.o(i.FBE_to_FEE), (84 bytes).
    Removing ics.o(i.FBE_to_FEI), (104 bytes).
    Removing ics.o(i.FBILP_to_FBI), (20 bytes).
    Removing ics.o(i.FBI_to_FBE), (96 bytes).
    Removing ics.o(i.FBI_to_FBILP), (20 bytes).
    Removing ics.o(i.FBI_to_FEE), (124 bytes).
    Removing ics.o(i.FBI_to_FEI), (100 bytes).
    Removing ics.o(i.FEE_to_FBE), (88 bytes).
    Removing ics.o(i.FEE_to_FBI), (108 bytes).
    Removing ics.o(i.FEE_to_FEI), (92 bytes).
    Removing ics.o(i.FEI_factory_to_FEI_custom), (88 bytes).
    Removing ics.o(i.FEI_to_FBE), (120 bytes).
    Removing ics.o(i.FEI_to_FBI), (88 bytes).
    Removing ics.o(i.FEI_to_FEE), (100 bytes).
    Removing ics.o(i.ICS_Init), (128 bytes).
    Removing ics.o(i.ICS_SetBusDivider), (28 bytes).
    Removing ics.o(i.ICS_SetOscDivider), (148 bytes).
    Removing ics.o(i.ICS_Trim), (44 bytes).
    Removing ics.o(i.OSC_DeInit), (12 bytes).
    Removing ics.o(i.OSC_Disable), (20 bytes).
    Removing ics.o(i.OSC_Init), (108 bytes).
    Removing kbi.o(.rev16_text), (4 bytes).
    Removing kbi.o(.revsh_text), (4 bytes).
    Removing kbi.o(i.KBI_DeInit), (80 bytes).
    Removing mscan.o(.rev16_text), (4 bytes).
    Removing mscan.o(.revsh_text), (4 bytes).
    Removing mscan.o(i.CAN_DeInit), (52 bytes).
    Removing mscan.o(i.CAN_Enable), (10 bytes).
    Removing mscan.o(i.CAN_EnterSleep), (70 bytes).
    Removing mscan.o(i.CAN_Init), (876 bytes).
    Removing mscan.o(i.CAN_InitialModeReq), (10 bytes).
    Removing mscan.o(i.CAN_IsInitialMode), (10 bytes).
    Removing mscan.o(i.CAN_LaunchInitialRequest), (26 bytes).
    Removing mscan.o(i.CAN_LoadOneFrameToBuff), (72 bytes).
    Removing mscan.o(i.CAN_ReadOneFrameFromBuff), (370 bytes).
    Removing mscan.o(i.CAN_WakeUpEn), (10 bytes).
    Removing mscan.o(i.CAN_WakeUpFromSleep), (32 bytes).
    Removing mscan.o(i.CAN_WakeUpIntEn), (10 bytes).
    Removing mscan.o(i.MSCAN_SetRxCallBack), (12 bytes).
    Removing mscan.o(i.MSCAN_SetTxCallBack), (12 bytes).
    Removing mscan.o(i.MSCAN_TxIsr), (24 bytes).
    Removing mscan.o(i.NVIC_EnableIRQ), (20 bytes).
    Removing pit.o(.rev16_text), (4 bytes).
    Removing pit.o(.revsh_text), (4 bytes).
    Removing pit.o(i.PIT_ChannelDisable), (28 bytes).
    Removing pit.o(i.PIT_ChannelDisableChain), (28 bytes).
    Removing pit.o(i.PIT_ChannelDisableInt), (28 bytes).
    Removing pit.o(i.PIT_DeInit), (132 bytes).
    Removing pit.o(i.PIT_Init), (228 bytes).
    Removing pit.o(i.PIT_SetCallback), (12 bytes).
    Removing pit.o(i.PIT_SetLoadVal), (12 bytes).
    Removing pmc.o(.rev16_text), (4 bytes).
    Removing pmc.o(.revsh_text), (4 bytes).
    Removing pmc.o(i.PMC_DeInit), (10 bytes).
    Removing pmc.o(i.PMC_Init), (10 bytes).
    Removing pmc.o(i.PMC_SetMode), (100 bytes).
    Removing pwt.o(.rev16_text), (4 bytes).
    Removing pwt.o(.revsh_text), (4 bytes).
    Removing pwt.o(i.PWT_DeInit), (196 bytes).
    Removing pwt.o(i.PWT_Init), (228 bytes).
    Removing pwt.o(i.PWT_SetCallback), (12 bytes).
    Removing rtc.o(.rev16_text), (4 bytes).
    Removing rtc.o(.revsh_text), (4 bytes).
    Removing rtc.o(i.RTC_DeInit), (84 bytes).
    Removing rtc.o(i.RTC_Init), (172 bytes).
    Removing rtc.o(i.RTC_SetCallback), (12 bytes).
    Removing spi.o(.rev16_text), (4 bytes).
    Removing spi.o(.revsh_text), (4 bytes).
    Removing spi.o(i.SPI_DeInit), (26 bytes).
    Removing spi.o(i.SPI_Init), (440 bytes).
    Removing spi.o(i.SPI_ModfEnable), (10 bytes).
    Removing spi.o(i.SPI_SetBaudRate), (106 bytes).
    Removing spi.o(i.SPI_SetCallback), (24 bytes).
    Removing spi.o(i.SPI_SetClockPhase), (24 bytes).
    Removing spi.o(i.SPI_SetClockPol), (24 bytes).
    Removing spi.o(i.SPI_TransferWait), (70 bytes).
    Removing uart.o(.rev16_text), (4 bytes).
    Removing uart.o(.revsh_text), (4 bytes).
    Removing uart.o(i.UART_CheckFlag), (26 bytes).
    Removing uart.o(i.UART_DisableInterrupt), (112 bytes).
    Removing uart.o(i.UART_GetChar), (18 bytes).
    Removing uart.o(i.UART_GetFlags), (16 bytes).
    Removing uart.o(i.UART_PutChar), (16 bytes).
    Removing uart.o(i.UART_ReceiveWait), (40 bytes).
    Removing uart.o(i.UART_SendWait), (40 bytes).
    Removing uart.o(i.UART_SetBaudrate), (58 bytes).
    Removing uart.o(i.UART_SetCallback), (12 bytes).
    Removing uart.o(i.UART_WaitTxComplete), (16 bytes).
    Removing uart.o(.bss), (60 bytes).
    Removing wdog.o(.rev16_text), (4 bytes).
    Removing wdog.o(.revsh_text), (4 bytes).
    Removing wdog.o(i.WDOG_DeInit), (40 bytes).
    Removing wdog.o(i.WDOG_Disable), (56 bytes).
    Removing wdog.o(i.WDOG_DisableUpdate), (56 bytes).
    Removing wdog.o(i.WDOG_DisableWDOGEnableUpdate), (60 bytes).
    Removing wdog.o(i.WDOG_Enable), (36 bytes).
    Removing wdog.o(i.WDOG_EnableUpdate), (52 bytes).
    Removing wdog.o(i.WDOG_Feed), (28 bytes).
    Removing wdog.o(i.WDOG_Init), (268 bytes).
    Removing wdog.o(i.WDOG_SetCallback), (12 bytes).
    Removing arm_cm0.o(.rev16_text), (4 bytes).
    Removing arm_cm0.o(.revsh_text), (4 bytes).
    Removing arm_cm0.o(i.stop), (20 bytes).
    Removing arm_cm0.o(i.wait), (20 bytes).
    Removing arm_cm0.o(i.write_vtor), (12 bytes).
    Removing assert.o(.rev16_text), (4 bytes).
    Removing assert.o(.revsh_text), (4 bytes).
    Removing assert.o(i.assert_failed), (28 bytes).
    Removing assert.o(.constdata), (35 bytes).
    Removing dadd.o(.text), (356 bytes).
    Removing dmul.o(.text), (208 bytes).
    Removing ddiv.o(.text), (240 bytes).
    Removing dfixul.o(.text), (64 bytes).
    Removing cdrcmple.o(.text), (40 bytes).
    Removing depilogue.o(.text), (190 bytes).
    Removing depilogue.o(i.__ARM_clz), (46 bytes).

290 unused section(s) (total 25331 bytes) removed from the image.
