Component: ARM Compiler 5.06 update 6 (build 750) Tool: armlink [4d35ed]

==============================================================================

Section Cross References

    startup_skeaz1284.o(RESET) refers to startup_skeaz1284.o(STACK) for __initial_sp
    startup_skeaz1284.o(RESET) refers to startup_skeaz1284.o(.text) for Reset_Handler
    startup_skeaz1284.o(RESET) refers to os_cpu_a.o(.text) for OS_CPU_PendSVHandler
    startup_skeaz1284.o(RESET) refers to os_cpu_c.o(i.OS_CPU_SysTickHandler) for OS_CPU_SysTickHandler
    startup_skeaz1284.o(RESET) refers to mscan.o(i.MSCAN_RX_IRQHandler) for MSCAN_RX_IRQHandler
    startup_skeaz1284.o(.text) refers to system_skeaz1284.o(i.SystemInit) for SystemInit
    startup_skeaz1284.o(.text) refers to entry.o(.ARM.Collect$$$$00000000) for __main
    system_skeaz1284.o(i.SystemCoreClockUpdate) refers to uidiv.o(.text) for __aeabi_uidivmod
    system_skeaz1284.o(i.SystemCoreClockUpdate) refers to system_skeaz1284.o(.data) for SystemCoreClock
    main.o(i.CreatTask) refers to led.o(i.ledInit) for ledInit
    main.o(i.CreatTask) refers to os_cpu_c.o(i.OS_CPU_SysTickInit) for OS_CPU_SysTickInit
    main.o(i.CreatTask) refers to os_task.o(i.OSTaskCreate) for OSTaskCreate
    main.o(i.CreatTask) refers to main.o(.bss) for taskledstk
    main.o(i.CreatTask) refers to main.o(i.taskled) for taskled
    main.o(i.main) refers to os_core.o(i.OSInit) for OSInit
    main.o(i.main) refers to main.o(i.CreatTask) for CreatTask
    main.o(i.main) refers to os_core.o(i.OSStart) for OSStart
    main.o(i.taskled) refers to led.o(i.ledon) for ledon
    main.o(i.taskled) refers to os_time.o(i.OSTimeDly) for OSTimeDly
    main.o(i.taskled) refers to led.o(i.ledoff) for ledoff
    os_cpu_c.o(i.OSInitHookBegin) refers to os_cpu_c.o(.bss) for OS_CPU_ExceptStk
    os_cpu_c.o(i.OSInitHookBegin) refers to os_cpu_c.o(.data) for OS_CPU_ExceptStkBase
    os_cpu_c.o(i.OSTaskStkInit) refers to os_task.o(i.OS_TaskReturn) for OS_TaskReturn
    os_cpu_c.o(i.OSTimeTickHook) refers to os_tmr.o(i.OSTmrSignal) for OSTmrSignal
    os_cpu_c.o(i.OSTimeTickHook) refers to os_cpu_c.o(.data) for OSTmrCtr
    os_cpu_c.o(i.OS_CPU_SysTickHandler) refers to os_cpu_a.o(.text) for OS_CPU_SR_Save
    os_cpu_c.o(i.OS_CPU_SysTickHandler) refers to os_core.o(i.OSTimeTick) for OSTimeTick
    os_cpu_c.o(i.OS_CPU_SysTickHandler) refers to os_core.o(i.OSIntExit) for OSIntExit
    os_cpu_c.o(i.OS_CPU_SysTickHandler) refers to os_core.o(.data) for OSIntNesting
    os_dbg.o(i.OSDebugInit) refers to os_dbg.o(.constdata) for OSDebugEn
    os_dbg.o(i.OSDebugInit) refers to os_core.o(.bss) for OSTmrTbl
    os_cpu_a.o(.text) refers to os_cpu_c.o(.data) for OS_CPU_ExceptStkBase
    os_cpu_a.o(.text) refers to os_core.o(.data) for OSRunning
    os_cpu_a.o(.text) refers to os_cpu_c.o(i.OSTaskSwHook) for OSTaskSwHook
    os_core.o(i.OSEventNameGet) refers to os_cpu_a.o(.text) for OS_CPU_SR_Save
    os_core.o(i.OSEventNameGet) refers to os_core.o(i.OS_StrLen) for OS_StrLen
    os_core.o(i.OSEventNameGet) refers to os_core.o(.data) for OSIntNesting
    os_core.o(i.OSEventNameSet) refers to os_cpu_a.o(.text) for OS_CPU_SR_Save
    os_core.o(i.OSEventNameSet) refers to os_core.o(.data) for OSIntNesting
    os_core.o(i.OSEventPendMulti) refers to os_cpu_a.o(.text) for OS_CPU_SR_Save
    os_core.o(i.OSEventPendMulti) refers to os_core.o(i.OS_EventTaskWaitMulti) for OS_EventTaskWaitMulti
    os_core.o(i.OSEventPendMulti) refers to os_core.o(i.OS_Sched) for OS_Sched
    os_core.o(i.OSEventPendMulti) refers to os_core.o(i.OS_EventTaskRemoveMulti) for OS_EventTaskRemoveMulti
    os_core.o(i.OSEventPendMulti) refers to os_core.o(i.__ARM_common_switch8) for __ARM_common_switch8
    os_core.o(i.OSEventPendMulti) refers to os_core.o(.data) for OSIntNesting
    os_core.o(i.OSInit) refers to os_cpu_c.o(i.OSInitHookBegin) for OSInitHookBegin
    os_core.o(i.OSInit) refers to os_core.o(i.OS_InitMisc) for OS_InitMisc
    os_core.o(i.OSInit) refers to os_core.o(i.OS_InitRdyList) for OS_InitRdyList
    os_core.o(i.OSInit) refers to os_core.o(i.OS_InitTCBList) for OS_InitTCBList
    os_core.o(i.OSInit) refers to os_core.o(i.OS_InitEventList) for OS_InitEventList
    os_core.o(i.OSInit) refers to os_flag.o(i.OS_FlagInit) for OS_FlagInit
    os_core.o(i.OSInit) refers to os_q.o(i.OS_QInit) for OS_QInit
    os_core.o(i.OSInit) refers to os_core.o(i.OS_InitTaskIdle) for OS_InitTaskIdle
    os_core.o(i.OSInit) refers to os_core.o(i.OS_InitTaskStat) for OS_InitTaskStat
    os_core.o(i.OSInit) refers to os_tmr.o(i.OSTmr_Init) for OSTmr_Init
    os_core.o(i.OSInit) refers to os_cpu_c.o(i.OSInitHookEnd) for OSInitHookEnd
    os_core.o(i.OSInit) refers to os_dbg.o(i.OSDebugInit) for OSDebugInit
    os_core.o(i.OSIntEnter) refers to os_core.o(.data) for OSRunning
    os_core.o(i.OSIntExit) refers to os_cpu_a.o(.text) for OS_CPU_SR_Save
[...]
    printf4.o(i.__0snprintf$4) refers to printf4.o(i._printf_core) for _printf_core
    printf4.o(i.__0snprintf$4) refers to printf4.o(i._snputc) for _snputc
    printf4.o(i.__0sprintf$4) refers to printf4.o(i._printf_core) for _printf_core
    printf4.o(i.__0sprintf$4) refers to printf4.o(i._sputc) for _sputc
    printf4.o(i.__0vfprintf$4) refers to printf4.o(i._printf_core) for _printf_core
    printf4.o(i.__0vfprintf$4) refers to fputc.o(i.fputc) for fputc
    printf4.o(i.__0vprintf$4) refers to printf4.o(i._printf_core) for _printf_core
    printf4.o(i.__0vprintf$4) refers to fputc.o(i.fputc) for fputc
    printf4.o(i.__0vprintf$4) refers to stdout.o(.data) for __stdout
    printf4.o(i.__0vsnprintf$4) refers to printf4.o(i._printf_core) for _printf_core
    printf4.o(i.__0vsnprintf$4) refers to printf4.o(i._snputc) for _snputc
    printf4.o(i.__0vsprintf$4) refers to printf4.o(i._printf_core) for _printf_core
    printf4.o(i.__0vsprintf$4) refers to printf4.o(i._sputc) for _sputc
    printf4.o(i._printf_core) refers to uldiv.o(.text) for __aeabi_uldivmod
    printf5.o(i.__0fprintf$5) refers to printf5.o(i._printf_core) for _printf_core
    printf5.o(i.__0fprintf$5) refers to fputc.o(i.fputc) for fputc
    printf5.o(i.__0printf$5) refers to printf5.o(i._printf_core) for _printf_core
    printf5.o(i.__0printf$5) refers to fputc.o(i.fputc) for fputc
    printf5.o(i.__0printf$5) refers to stdout.o(.data) for __stdout
    printf5.o(i.__0snprintf$5) refers to printf5.o(i._printf_core) for _printf_core
    printf5.o(i.__0snprintf$5) refers to printf5.o(i._snputc) for _snputc
    printf5.o(i.__0sprintf$5) refers to printf5.o(i._printf_core) for _printf_core
    printf5.o(i.__0sprintf$5) refers to printf5.o(i._sputc) for _sputc
    printf5.o(i.__0vfprintf$5) refers to printf5.o(i._printf_core) for _printf_core
    printf5.o(i.__0vfprintf$5) refers to fputc.o(i.fputc) for fputc
    printf5.o(i.__0vprintf$5) refers to printf5.o(i._printf_core) for _printf_core
    printf5.o(i.__0vprintf$5) refers to fputc.o(i.fputc) for fputc
    printf5.o(i.__0vprintf$5) refers to stdout.o(.data) for __stdout
    printf5.o(i.__0vsnprintf$5) refers to printf5.o(i._printf_core) for _printf_core
    printf5.o(i.__0vsnprintf$5) refers to printf5.o(i._snputc) for _snputc
    printf5.o(i.__0vsprintf$5) refers to printf5.o(i._printf_core) for _printf_core
    printf5.o(i.__0vsprintf$5) refers to printf5.o(i._sputc) for _sputc
    printf5.o(i._printf_core) refers to uldiv.o(.text) for __aeabi_uldivmod
    printf6.o(i.__0fprintf$6) refers to printf6.o(i._printf_core) for _printf_core
    printf6.o(i.__0fprintf$6) refers to fputc.o(i.fputc) for fputc
    printf6.o(i.__0printf$6) refers to printf6.o(i._printf_core) for _printf_core
    printf6.o(i.__0printf$6) refers to fputc.o(i.fputc) for fputc
    printf6.o(i.__0printf$6) refers to stdout.o(.data) for __stdout
    printf6.o(i.__0snprintf$6) refers to printf6.o(i._printf_core) for _printf_core
    printf6.o(i.__0snprintf$6) refers to printf6.o(i._snputc) for _snputc
    printf6.o(i.__0sprintf$6) refers to printf6.o(i._printf_core) for _printf_core
    printf6.o(i.__0sprintf$6) refers to printf6.o(i._sputc) for _sputc
    printf6.o(i.__0vfprintf$6) refers to printf6.o(i._printf_core) for _printf_core
    printf6.o(i.__0vfprintf$6) refers to fputc.o(i.fputc) for fputc
    printf6.o(i.__0vprintf$6) refers to printf6.o(i._printf_core) for _printf_core
    printf6.o(i.__0vprintf$6) refers to fputc.o(i.fputc) for fputc
    printf6.o(i.__0vprintf$6) refers to stdout.o(.data) for __stdout
    printf6.o(i.__0vsnprintf$6) refers to printf6.o(i._printf_core) for _printf_core
    printf6.o(i.__0vsnprintf$6) refers to printf6.o(i._snputc) for _snputc
    printf6.o(i.__0vsprintf$6) refers to printf6.o(i._printf_core) for _printf_core
    printf6.o(i.__0vsprintf$6) refers to printf6.o(i._sputc) for _sputc
    printf6.o(i._printf_core) refers to printf6.o(i._printf_pre_padding) for _printf_pre_padding
    printf6.o(i._printf_core) refers to printf6.o(i._printf_post_padding) for _printf_post_padding
    printf6.o(i._printf_core) refers to uidiv.o(.text) for __aeabi_uidivmod
    printf7.o(i.__0fprintf$7) refers to printf7.o(i._printf_core) for _printf_core
    printf7.o(i.__0fprintf$7) refers to fputc.o(i.fputc) for fputc
    printf7.o(i.__0printf$7) refers to printf7.o(i._printf_core) for _printf_core
    printf7.o(i.__0printf$7) refers to fputc.o(i.fputc) for fputc
    printf7.o(i.__0printf$7) refers to stdout.o(.data) for __stdout
    printf7.o(i.__0snprintf$7) refers to printf7.o(i._printf_core) for _printf_core
    printf7.o(i.__0snprintf$7) refers to printf7.o(i._snputc) for _snputc
    printf7.o(i.__0sprintf$7) refers to printf7.o(i._printf_core) for _printf_core
    printf7.o(i.__0sprintf$7) refers to printf7.o(i._sputc) for _sputc
    printf7.o(i.__0vfprintf$7) refers to printf7.o(i._printf_core) for _printf_core
    printf7.o(i.__0vfprintf$7) refers to fputc.o(i.fputc) for fputc
    printf7.o(i.__0vprintf$7) refers to printf7.o(i._printf_core) for _printf_core
    printf7.o(i.__0vprintf$7) refers to fputc.o(i.fputc) for fputc
    printf7.o(i.__0vprintf$7) refers to stdout.o(.data) for __stdout
    printf7.o(i.__0vsnprintf$7) refers to printf7.o(i._printf_core) for _printf_core
    printf7.o(i.__0vsnprintf$7) refers to printf7.o(i._snputc) for _snputc
    printf7.o(i.__0vsprintf$7) refers to printf7.o(i._printf_core) for _printf_core
    printf7.o(i.__0vsprintf$7) refers to printf7.o(i._sputc) for _sputc
    printf7.o(i._printf_core) refers to printf7.o(i._printf_pre_padding) for _printf_pre_padding
    printf7.o(i._printf_core) refers to printf7.o(i._printf_post_padding) for _printf_post_padding
    printf7.o(i._printf_core) refers to uldiv.o(.text) for __aeabi_uldivmod
    printf8.o(i.__0fprintf$8) refers to printf8.o(i._printf_core) for _printf_core
    printf8.o(i.__0fprintf$8) refers to fputc.o(i.fputc) for fputc
    printf8.o(i.__0printf$8) refers to printf8.o(i._printf_core) for _printf_core
    printf8.o(i.__0printf$8) refers to fputc.o(i.fputc) for fputc
    printf8.o(i.__0printf$8) refers to stdout.o(.data) for __stdout
    printf8.o(i.__0snprintf$8) refers to printf8.o(i._printf_core) for _printf_core
    printf8.o(i.__0snprintf$8) refers to printf8.o(i._snputc) for _snputc
    printf8.o(i.__0sprintf$8) refers to printf8.o(i._printf_core) for _printf_core
    printf8.o(i.__0sprintf$8) refers to printf8.o(i._sputc) for _sputc
    printf8.o(i.__0vfprintf$8) refers to printf8.o(i._printf_core) for _printf_core
    printf8.o(i.__0vfprintf$8) refers to fputc.o(i.fputc) for fputc
    printf8.o(i.__0vprintf$8) refers to printf8.o(i._printf_core) for _printf_core
    printf8.o(i.__0vprintf$8) refers to fputc.o(i.fputc) for fputc
    printf8.o(i.__0vprintf$8) refers to stdout.o(.data) for __stdout
    printf8.o(i.__0vsnprintf$8) refers to printf8.o(i._printf_core) for _printf_core
    printf8.o(i.__0vsnprintf$8) refers to printf8.o(i._snputc) for _snputc
    printf8.o(i.__0vsprintf$8) refers to printf8.o(i._printf_core) for _printf_core
    printf8.o(i.__0vsprintf$8) refers to printf8.o(i._sputc) for _sputc
    printf8.o(i._printf_core) refers to printf8.o(i._printf_pre_padding) for _printf_pre_padding
    printf8.o(i._printf_core) refers to printf8.o(i._printf_post_padding) for _printf_post_padding
    printf8.o(i._printf_core) refers to uldiv.o(.text) for __aeabi_uldivmod
    printfa.o(i.__0fprintf) refers (Special) to iusefp.o(.text) for __I$use$fp
    printfa.o(i.__0fprintf) refers to printfa.o(i._printf_core) for _printf_core
    printfa.o(i.__0fprintf) refers to fputc.o(i.fputc) for fputc
    printfa.o(i.__0printf) refers (Special) to iusefp.o(.text) for __I$use$fp
    printfa.o(i.__0printf) refers to printfa.o(i._printf_core) for _printf_core
    printfa.o(i.__0printf) refers to fputc.o(i.fputc) for fputc
    printfa.o(i.__0printf) refers to stdout.o(.data) for __stdout
    printfa.o(i.__0snprintf) refers (Special) to iusefp.o(.text) for __I$use$fp
    printfa.o(i.__0snprintf) refers to printfa.o(i._printf_core) for _printf_core
    printfa.o(i.__0snprintf) refers to printfa.o(i._snputc) for _snputc
    printfa.o(i.__0sprintf) refers (Special) to iusefp.o(.text) for __I$use$fp
    printfa.o(i.__0sprintf) refers to printfa.o(i._printf_core) for _printf_core
    printfa.o(i.__0sprintf) refers to printfa.o(i._sputc) for _sputc
    printfa.o(i.__0vfprintf) refers (Special) to iusefp.o(.text) for __I$use$fp
    printfa.o(i.__0vfprintf) refers to printfa.o(i._printf_core) for _printf_core
    printfa.o(i.__0vfprintf) refers to fputc.o(i.fputc) for fputc
    printfa.o(i.__0vprintf) refers (Special) to iusefp.o(.text) for __I$use$fp
    printfa.o(i.__0vprintf) refers to printfa.o(i._printf_core) for _printf_core
    printfa.o(i.__0vprintf) refers to fputc.o(i.fputc) for fputc
    printfa.o(i.__0vprintf) refers to stdout.o(.data) for __stdout
    printfa.o(i.__0vsnprintf) refers (Special) to iusefp.o(.text) for __I$use$fp
    printfa.o(i.__0vsnprintf) refers to printfa.o(i._printf_core) for _printf_core
    printfa.o(i.__0vsnprintf) refers to printfa.o(i._snputc) for _snputc
    printfa.o(i.__0vsprintf) refers (Special) to iusefp.o(.text) for __I$use$fp
    printfa.o(i.__0vsprintf) refers to printfa.o(i._printf_core) for _printf_core
    printfa.o(i.__0vsprintf) refers to printfa.o(i._sputc) for _sputc
    printfa.o(i._fp_digits) refers (Special) to iusefp.o(.text) for __I$use$fp
    printfa.o(i._fp_digits) refers to dmul.o(.text) for __aeabi_dmul
    printfa.o(i._fp_digits) refers to ddiv.o(.text) for __aeabi_ddiv
    printfa.o(i._fp_digits) refers to cdrcmple.o(.text) for __aeabi_cdrcmple
    printfa.o(i._fp_digits) refers to dadd.o(.text) for __aeabi_dadd
    printfa.o(i._fp_digits) refers to dfixul.o(.text) for __aeabi_d2ulz
    printfa.o(i._fp_digits) refers to uldiv.o(.text) for __aeabi_uldivmod
    printfa.o(i._printf_core) refers (Special) to iusefp.o(.text) for __I$use$fp
    printfa.o(i._printf_core) refers to printfa.o(i._printf_pre_padding) for _printf_pre_padding
    printfa.o(i._printf_core) refers to uldiv.o(.text) for __aeabi_uldivmod
    printfa.o(i._printf_core) refers to printfa.o(i._printf_post_padding) for _printf_post_padding
    printfa.o(i._printf_core) refers to printfa.o(i._fp_digits) for _fp_digits
    printfa.o(i._printf_core) refers to uidiv.o(.text) for __aeabi_uidivmod
    printfa.o(i._printf_post_padding) refers (Special) to iusefp.o(.text) for __I$use$fp
    printfa.o(i._printf_pre_padding) refers (Special) to iusefp.o(.text) for __I$use$fp
    printfa.o(i._snputc) refers (Special) to iusefp.o(.text) for __I$use$fp
    printfa.o(i._sputc) refers (Special) to iusefp.o(.text) for __I$use$fp
    entry2.o(.ARM.Collect$$$$00000001) refers to entry2.o(.ARM.Collect$$$$00002712) for __lit__00000000
    entry2.o(.ARM.Collect$$$$00002712) refers to startup_skeaz1284.o(STACK) for __initial_sp
    entry2.o(__vectab_stack_and_reset_area) refers to startup_skeaz1284.o(STACK) for __initial_sp
    entry2.o(__vectab_stack_and_reset_area) refers to entry.o(.ARM.Collect$$$$00000000) for __main
    entry5.o(.ARM.Collect$$$$00000004) refers to init.o(.text) for __scatterload
    entry9a.o(.ARM.Collect$$$$0000000B) refers to main.o(i.main) for main
    entry9b.o(.ARM.Collect$$$$0000000C) refers to main.o(i.main) for main
    fputc.o(i.fputc) refers (Special) to iusesemip.o(.text) for __I$use$semihosting$fputc
    fputc.o(i.fputc) refers (Special) to semi.o(.text) for __semihosting_library_function
    uldiv.o(.text) refers to llushr.o(.text) for __aeabi_llsr
    uldiv.o(.text) refers to llshl.o(.text) for __aeabi_llsl
    dadd.o(.text) refers to llshl.o(.text) for __aeabi_llsl
    dadd.o(.text) refers to llsshr.o(.text) for __aeabi_lasr
    dadd.o(.text) refers to depilogue.o(.text) for _double_epilogue
    dmul.o(.text) refers to depilogue.o(.text) for _double_epilogue
    ddiv.o(.text) refers to depilogue.o(.text) for _double_round
    dfixul.o(.text) refers to llushr.o(.text) for __aeabi_llsr
    dfixul.o(.text) refers to llshl.o(.text) for __aeabi_llsl
    init.o(.text) refers to entry5.o(.ARM.Collect$$$$00000004) for __main_after_scatterload
    depilogue.o(.text) refers to depilogue.o(i.__ARM_clz) for __ARM_clz
    depilogue.o(.text) refers to llshl.o(.text) for __aeabi_llsl
    depilogue.o(.text) refers to llushr.o(.text) for __aeabi_llsr


==============================================================================

Removing Unused input sections from the image.

    Removing startup_skeaz1284.o(HEAP), (0 bytes).
    Removing system_skeaz1284.o(.rev16_text), (4 bytes).
    Removing system_skeaz1284.o(.revsh_text), (4 bytes).
    Removing system_skeaz1284.o(i.SystemCoreClockUpdate), (180 bytes).
    Removing system_skeaz1284.o(.data), (4 bytes).
    Removing main.o(.rev16_text), (4 bytes).
    Removing main.o(.revsh_text), (4 bytes).
    Removing led.o(.rev16_text), (4 bytes).
    Removing led.o(.revsh_text), (4 bytes).
    Removing os_core.o(i.OSEventNameGet), (124 bytes).
    Removing os_core.o(i.OSEventPendMulti), (716 bytes).
    Removing os_core.o(i.OSIntEnter), (36 bytes).
    Removing os_core.o(i.OSStatInit), (76 bytes).
    Removing os_core.o(i.OSVersion), (8 bytes).
    Removing os_core.o(i.OS_EventTaskWaitMulti), (152 bytes).
    Removing os_core.o(i.OS_MemCopy), (20 bytes).
    Removing os_core.o(i.OS_StrLen), (28 bytes).
    Removing os_flag.o(i.OSFlagAccept), (262 bytes).
    Removing os_flag.o(i.OSFlagCreate), (100 bytes).
    Removing os_flag.o(i.OSFlagDel), (244 bytes).
    Removing os_flag.o(i.OSFlagNameGet), (108 bytes).
    Removing os_flag.o(i.OSFlagNameSet), (88 bytes).
    Removing os_flag.o(i.OSFlagPend), (612 bytes).
    Removing os_flag.o(i.OSFlagPendGetFlagsRdy), (32 bytes).
    Removing os_flag.o(i.OSFlagPost), (324 bytes).
    Removing os_flag.o(i.OSFlagQuery), (56 bytes).
    Removing os_flag.o(i.OS_FlagBlock), (144 bytes).
    Removing os_flag.o(i.OS_FlagTaskRdy), (104 bytes).
    Removing os_mutex.o(i.OSMutexAccept), (160 bytes).
    Removing os_mutex.o(i.OSMutexCreate), (180 bytes).
    Removing os_mutex.o(i.OSMutexDel), (320 bytes).
    Removing os_mutex.o(i.OSMutexPend), (656 bytes).
    Removing os_mutex.o(i.OSMutexPost), (216 bytes).
    Removing os_mutex.o(i.OSMutexQuery), (132 bytes).
    Removing os_mutex.o(i.OSMutex_RdyAtPrio), (156 bytes).
    Removing os_q.o(i.OSQAccept), (98 bytes).
    Removing os_q.o(i.OSQCreate), (164 bytes).
    Removing os_q.o(i.OSQDel), (272 bytes).
    Removing os_q.o(i.OSQFlush), (54 bytes).
    Removing os_q.o(i.OSQPend), (312 bytes).
    Removing os_q.o(i.OSQPendAbort), (140 bytes).
    Removing os_q.o(i.OSQPost), (120 bytes).
    Removing os_q.o(i.OSQPostFront), (122 bytes).
    Removing os_q.o(i.OSQPostOpt), (194 bytes).
    Removing os_q.o(i.OSQQuery), (128 bytes).
    Removing os_sem.o(i.OSSemAccept), (50 bytes).
    Removing os_sem.o(i.OSSemDel), (236 bytes).
    Removing os_sem.o(i.OSSemPendAbort), (140 bytes).
    Removing os_sem.o(i.OSSemQuery), (94 bytes).
    Removing os_sem.o(i.OSSemSet), (76 bytes).
    Removing os_task.o(i.OSTaskChangePrio), (464 bytes).
    Removing os_task.o(i.OSTaskDelReq), (120 bytes).
    Removing os_task.o(i.OSTaskNameGet), (156 bytes).
    Removing os_task.o(i.OSTaskQuery), (108 bytes).
    Removing os_task.o(i.OSTaskRegGet), (96 bytes).
    Removing os_task.o(i.OSTaskRegGetID), (64 bytes).
    Removing os_task.o(i.OSTaskRegSet), (96 bytes).
    Removing os_task.o(i.OSTaskResume), (192 bytes).
    Removing os_time.o(i.OSTimeDlyHMSM), (140 bytes).
    Removing os_time.o(i.OSTimeDlyResume), (192 bytes).
    Removing os_time.o(i.OSTimeGet), (28 bytes).
    Removing os_time.o(i.OSTimeSet), (28 bytes).
    Removing os_tmr.o(i.OSTmrCreate), (164 bytes).
    Removing os_tmr.o(i.OSTmrDel), (144 bytes).
    Removing os_tmr.o(i.OSTmrNameGet), (144 bytes).
    Removing os_tmr.o(i.OSTmrRemainGet), (188 bytes).
    Removing os_tmr.o(i.OSTmrStart), (148 bytes).
    Removing os_tmr.o(i.OSTmrStateGet), (108 bytes).
    Removing os_tmr.o(i.OSTmrStop), (204 bytes).
    Removing os_tmr.o(i.OSTmr_Alloc), (64 bytes).
    Removing os_tmr.o(i.OSTmr_Free), (76 bytes).
    Removing acmp.o(.rev16_text), (4 bytes).
    Removing acmp.o(.revsh_text), (4 bytes).
    Removing acmp.o(i.ACMP0_Isr), (24 bytes).
    Removing acmp.o(i.ACMP1_Isr), (24 bytes).
    Removing acmp.o(i.ACMP_ConfigDAC), (6 bytes).
    Removing acmp.o(i.ACMP_DeInit), (100 bytes).
    Removing acmp.o(i.ACMP_Init), (104 bytes).
    Removing acmp.o(i.ACMP_SetCallback), (28 bytes).
    Removing acmp.o(i.NVIC_DisableIRQ), (20 bytes).
    Removing acmp.o(i.NVIC_EnableIRQ), (20 bytes).
    Removing acmp.o(.data), (8 bytes).
    Removing adc.o(.rev16_text), (4 bytes).
    Removing adc.o(.revsh_text), (4 bytes).
    Removing adc.o(i.ADC_DeInit), (32 bytes).
    Removing adc.o(i.ADC_Init), (436 bytes).
    Removing adc.o(i.ADC_Isr), (24 bytes).
    Removing adc.o(i.ADC_PollRead), (36 bytes).
    Removing adc.o(i.ADC_SelectClock), (16 bytes).
    Removing adc.o(i.ADC_SelectClockDivide), (22 bytes).
    Removing adc.o(i.ADC_SetCallBack), (12 bytes).
    Removing adc.o(i.ADC_SetChannel), (16 bytes).
    Removing adc.o(i.ADC_SetFifoLevel), (16 bytes).
    Removing adc.o(i.ADC_SetMode), (22 bytes).
    Removing adc.o(i.ADC_VrefSelect), (16 bytes).
    Removing adc.o(.data), (4 bytes).
    Removing crc.o(.rev16_text), (4 bytes).
    Removing crc.o(.revsh_text), (4 bytes).
    Removing crc.o(i.CRC_Cal16), (108 bytes).
    Removing crc.o(i.CRC_Cal32), (128 bytes).
    Removing crc.o(i.CRC_DeInit), (64 bytes).
    Removing crc.o(i.CRC_Init), (108 bytes).
    Removing flash.o(.rev16_text), (4 bytes).
    Removing flash.o(.revsh_text), (4 bytes).
    Removing flash.o(i.EEPROM_ProgramUpto4Bytes), (168 bytes).
    Removing flash.o(i.FLASH_CheckErrStatus), (84 bytes).
    Removing flash.o(i.FLASH_EraseAll), (108 bytes).
    Removing flash.o(i.FLASH_EraseBlock), (148 bytes).
    Removing flash.o(i.FLASH_EraseBlock_NoWait), (68 bytes).
    Removing flash.o(i.FLASH_EraseSector), (144 bytes).
    Removing flash.o(i.FLASH_EraseVerifyAll), (88 bytes).
    Removing flash.o(i.FLASH_EraseVerifyBlock), (128 bytes).
    Removing flash.o(i.FLASH_EraseVerifySection), (136 bytes).
    Removing flash.o(i.FLASH_Init), (148 bytes).
    Removing flash.o(i.FLASH_LaunchCMD), (48 bytes).
    Removing flash.o(i.FLASH_Program), (220 bytes).
    Removing flash.o(i.FLASH_Program1LongWord), (176 bytes).
    Removing flash.o(i.FLASH_Program2LongWords), (204 bytes).
    Removing flash.o(i.FLASH_ProgramOnce), (168 bytes).
    Removing flash.o(i.FLASH_ReadOnce), (172 bytes).
    Removing flash.o(i.FLASH_SetUserMarginLevel), (152 bytes).
    Removing flash.o(i.FLASH_Unsecure), (112 bytes).
    Removing flash.o(i.FLASH_VerifyBackdoorKey), (124 bytes).
    Removing ftm.o(.rev16_text), (4 bytes).
    Removing ftm.o(.revsh_text), (4 bytes).
    Removing ftm.o(i.FTM0_Isr), (24 bytes).
    Removing ftm.o(i.FTM1_Isr), (24 bytes).
    Removing ftm.o(i.FTM2_Isr), (24 bytes).
    Removing ftm.o(i.FTM_ChannelInit), (184 bytes).
    Removing ftm.o(i.FTM_ClockSet), (28 bytes).
    Removing ftm.o(i.FTM_DeInit), (208 bytes).
    Removing ftm.o(i.FTM_DualEdgeCaptureInit), (308 bytes).
    Removing ftm.o(i.FTM_GenerateTrig2), (68 bytes).
    Removing ftm.o(i.FTM_HardwareSync), (104 bytes).
    Removing ftm.o(i.FTM_HardwareSyncCombine), (76 bytes).
    Removing ftm.o(i.FTM_Init), (228 bytes).
    Removing ftm.o(i.FTM_InputCaptureInit), (216 bytes).
    Removing ftm.o(i.FTM_InvertChannel), (152 bytes).
    Removing ftm.o(i.FTM_OutputCompareInit), (184 bytes).
    Removing ftm.o(i.FTM_OutputMaskSet), (144 bytes).
    Removing ftm.o(i.FTM_PWMDeadtimeSet), (120 bytes).
    Removing ftm.o(i.FTM_PWMInit), (292 bytes).
    Removing ftm.o(i.FTM_PolaritySet), (84 bytes).
    Removing ftm.o(i.FTM_SWOutputControlSet), (192 bytes).
    Removing ftm.o(i.FTM_SetCallback), (24 bytes).
    Removing ftm.o(i.FTM_SetDebugModeBehavior), (76 bytes).
    Removing ftm.o(i.FTM_SetDutyCycleCombine), (124 bytes).
    Removing ftm.o(i.FTM_SetTOFFrequency), (68 bytes).
    Removing ftm.o(i.FTM_SoftwareSync), (64 bytes).
    Removing ftm.o(i.FTM_SyncConfigActivate), (56 bytes).
    Removing ftm.o(i.FTM_SyncConfigDeactivate), (56 bytes).
    Removing ftm.o(i.NVIC_DisableIRQ), (20 bytes).
    Removing ftm.o(i.NVIC_EnableIRQ), (20 bytes).
    Removing ftm.o(.bss), (12 bytes).
    Removing gpio.o(.rev16_text), (4 bytes).
    Removing gpio.o(.revsh_text), (4 bytes).
    Removing gpio.o(i.GPIO_DeInit), (80 bytes).
    Removing gpio.o(i.GPIO_Init), (404 bytes).
    Removing gpio.o(i.GPIO_PinClear), (100 bytes).
    Removing gpio.o(i.GPIO_PinInit), (868 bytes).
    Removing gpio.o(i.GPIO_PinSet), (100 bytes).
    Removing gpio.o(i.GPIO_PinToggle), (100 bytes).
    Removing gpio.o(i.GPIO_Read), (64 bytes).
    Removing gpio.o(i.GPIO_Toggle), (64 bytes).
    Removing gpio.o(i.GPIO_UserSetPinOutState), (128 bytes).
    Removing gpio.o(i.GPIO_Write), (68 bytes).
    Removing i2c.o(.rev16_text), (4 bytes).
    Removing i2c.o(.revsh_text), (4 bytes).
    Removing i2c.o(i.I2C0_Isr), (24 bytes).
    Removing i2c.o(i.I2C0_SetCallBack), (12 bytes).
    Removing i2c.o(i.I2C1_Isr), (24 bytes).
    Removing i2c.o(i.I2C1_SetCallBack), (12 bytes).
    Removing i2c.o(i.I2C_ClearStatus), (8 bytes).
    Removing i2c.o(i.I2C_Deinit), (52 bytes).
    Removing i2c.o(i.I2C_GetStatus), (6 bytes).
    Removing i2c.o(i.I2C_Init), (272 bytes).
    Removing i2c.o(i.I2C_IntDisable), (48 bytes).
    Removing i2c.o(i.I2C_IntEnable), (48 bytes).
    Removing i2c.o(i.I2C_IsBusy), (10 bytes).
    Removing i2c.o(i.I2C_MasterReadWait), (104 bytes).
    Removing i2c.o(i.I2C_MasterSendWait), (76 bytes).
    Removing i2c.o(i.I2C_ReadOneByte), (156 bytes).
    Removing i2c.o(i.I2C_RepeatStart), (60 bytes).
    Removing i2c.o(i.I2C_SetSCLLowTimeout), (8 bytes).
    Removing i2c.o(i.I2C_SetSlaveAddress), (22 bytes).
    Removing i2c.o(i.I2C_Start), (60 bytes).
    Removing i2c.o(i.I2C_Stop), (56 bytes).
    Removing i2c.o(i.I2C_TxEnable), (10 bytes).
    Removing i2c.o(i.I2C_WriteOneByte), (136 bytes).
    Removing i2c.o(i.NVIC_DisableIRQ), (20 bytes).
    Removing i2c.o(i.NVIC_EnableIRQ), (20 bytes).
    Removing i2c.o(.data), (8 bytes).
    Removing ics.o(.rev16_text), (4 bytes).
    Removing ics.o(.revsh_text), (4 bytes).
    Removing ics.o(i.FBELP_to_FBE), (20 bytes).
    Removing ics.o(i.FBE_to_FBELP), (20 bytes).
    Removing ics.o(i.FBE_to_FBI), (84 bytes).
    Removing ics.o(i.FBE_to_FEE), (60 bytes).
    Removing ics.o(i.FBE_to_FEI), (92 bytes).
    Removing ics.o(i.FBILP_to_FBI), (20 bytes).
    Removing ics.o(i.FBI_to_FBE), (88 bytes).
    Removing ics.o(i.FBI_to_FBILP), (20 bytes).
    Removing ics.o(i.FBI_to_FEE), (96 bytes).
    Removing ics.o(i.FBI_to_FEI), (84 bytes).
    Removing ics.o(i.FEE_to_FBE), (76 bytes).
    Removing ics.o(i.FEE_to_FBI), (108 bytes).
    Removing ics.o(i.FEE_to_FEI), (80 bytes).
    Removing ics.o(i.FEI_to_FBE), (112 bytes).
    Removing ics.o(i.FEI_to_FBE_OSC), (116 bytes).
    Removing ics.o(i.FEI_to_FBI), (76 bytes).
    Removing ics.o(i.FEI_to_FEE), (88 bytes).
    Removing ics.o(i.FEI_to_FEE_OSC), (88 bytes).
    Removing ics.o(i.ICS_DeInit), (36 bytes).
    Removing ics.o(i.ICS_Init), (100 bytes).
    Removing ics.o(i.ICS_SetClkDivider), (148 bytes).
    Removing ics.o(i.ICS_Trim), (44 bytes).
    Removing ics.o(i.OSC_DeInit), (12 bytes).
    Removing ics.o(i.OSC_Disable), (20 bytes).
    Removing ics.o(i.OSC_Init), (108 bytes).
    Removing kbi.o(.rev16_text), (4 bytes).
    Removing kbi.o(.revsh_text), (4 bytes).
    Removing kbi.o(i.KBI0_Isr), (40 bytes).
    Removing kbi.o(i.KBI1_Isr), (40 bytes).
    Removing kbi.o(i.KBI_DeInit), (80 bytes).
    Removing kbi.o(i.KBI_Init), (460 bytes).
    Removing kbi.o(i.KBI_SetCallback), (28 bytes).
    Removing kbi.o(i.NVIC_DisableIRQ), (20 bytes).
    Removing kbi.o(i.NVIC_EnableIRQ), (20 bytes).
    Removing kbi.o(.constdata), (256 bytes).
    Removing kbi.o(.data), (8 bytes).
    Removing mscan.o(.rev16_text), (4 bytes).
    Removing mscan.o(.revsh_text), (4 bytes).
    Removing mscan.o(i.CAN_DeInit), (52 bytes).
    Removing mscan.o(i.CAN_Enable), (10 bytes).
    Removing mscan.o(i.CAN_EnterSleep), (70 bytes).
    Removing mscan.o(i.CAN_Init), (876 bytes).
    Removing mscan.o(i.CAN_InitialModeReq), (10 bytes).
    Removing mscan.o(i.CAN_IsInitialMode), (10 bytes).
    Removing mscan.o(i.CAN_LaunchInitialRequest), (26 bytes).
    Removing mscan.o(i.CAN_LoadOneFrameToBuff), (72 bytes).
    Removing mscan.o(i.CAN_ReadOneFrameFromBuff), (370 bytes).
    Removing mscan.o(i.CAN_WakeUpEn), (10 bytes).
    Removing mscan.o(i.CAN_WakeUpFromSleep), (32 bytes).
    Removing mscan.o(i.CAN_WakeUpIntEn), (10 bytes).
    Removing mscan.o(i.MSCAN_SetRxCallBack), (12 bytes).
    Removing mscan.o(i.MSCAN_SetTxCallBack), (12 bytes).
    Removing mscan.o(i.MSCAN_TxIsr), (24 bytes).
    Removing mscan.o(i.NVIC_EnableIRQ), (20 bytes).
    Removing pit.o(.rev16_text), (4 bytes).
    Removing pit.o(.revsh_text), (4 bytes).
    Removing pit.o(i.NVIC_DisableIRQ), (20 bytes).
    Removing pit.o(i.NVIC_EnableIRQ), (20 bytes).
    Removing pit.o(i.PIT_Ch0Isr), (28 bytes).
    Removing pit.o(i.PIT_Ch1Isr), (28 bytes).
    Removing pit.o(i.PIT_ChannelClrFlags), (28 bytes).
    Removing pit.o(i.PIT_ChannelDisable), (28 bytes).
    Removing pit.o(i.PIT_ChannelDisableChain), (28 bytes).
    Removing pit.o(i.PIT_ChannelDisableInt), (28 bytes).
    Removing pit.o(i.PIT_DeInit), (132 bytes).
    Removing pit.o(i.PIT_Init), (228 bytes).
    Removing pit.o(i.PIT_SetCallback), (12 bytes).
    Removing pit.o(i.PIT_SetLoadVal), (12 bytes).
    Removing pit.o(.data), (8 bytes).
    Removing pmc.o(.rev16_text), (4 bytes).
    Removing pmc.o(.revsh_text), (4 bytes).
    Removing pmc.o(i.PMC_DeInit), (10 bytes).
    Removing pmc.o(i.PMC_Init), (10 bytes).
    Removing pmc.o(i.PMC_SetMode), (70 bytes).
    Removing pwt.o(.rev16_text), (4 bytes).
    Removing pwt.o(.revsh_text), (4 bytes).
    Removing pwt.o(i.NVIC_DisableIRQ), (20 bytes).
    Removing pwt.o(i.PWT_DeInit), (196 bytes).
    Removing pwt.o(i.PWT_Init), (240 bytes).
    Removing pwt.o(i.PWT_Isr), (24 bytes).
    Removing pwt.o(i.PWT_SetCallback), (12 bytes).
    Removing pwt.o(.data), (4 bytes).
    Removing rtc.o(.rev16_text), (4 bytes).
    Removing rtc.o(.revsh_text), (4 bytes).
    Removing rtc.o(i.NVIC_DisableIRQ), (20 bytes).
    Removing rtc.o(i.RTC_ClrFlags), (20 bytes).
    Removing rtc.o(i.RTC_DeInit), (84 bytes).
    Removing rtc.o(i.RTC_Init), (180 bytes).
    Removing rtc.o(i.RTC_Isr), (28 bytes).
    Removing rtc.o(i.RTC_SetCallback), (12 bytes).
    Removing rtc.o(.data), (4 bytes).
    Removing sim.o(.rev16_text), (4 bytes).
    Removing sim.o(.revsh_text), (4 bytes).
    Removing sim.o(i.SIM_GetStatus), (16 bytes).
    Removing sim.o(i.SIM_Init), (204 bytes).
    Removing sim.o(i.SIM_ReadID), (36 bytes).
    Removing sim.o(i.SIM_SetClockGating), (36 bytes).
    Removing spi.o(.rev16_text), (4 bytes).
    Removing spi.o(.revsh_text), (4 bytes).
    Removing spi.o(i.NVIC_EnableIRQ), (20 bytes).
    Removing spi.o(i.SPI0_Isr), (24 bytes).
    Removing spi.o(i.SPI1_Isr), (24 bytes).
    Removing spi.o(i.SPI_DeInit), (26 bytes).
    Removing spi.o(i.SPI_Init), (504 bytes).
    Removing spi.o(i.SPI_ModfEnable), (10 bytes).
    Removing spi.o(i.SPI_SetBaudRate), (106 bytes).
    Removing spi.o(i.SPI_SetCallback), (60 bytes).
    Removing spi.o(i.SPI_TransferWait), (70 bytes).
    Removing spi.o(.data), (8 bytes).
    Removing uart.o(.rev16_text), (4 bytes).
    Removing uart.o(.revsh_text), (4 bytes).
    Removing uart.o(i.UART0_Isr), (20 bytes).
    Removing uart.o(i.UART1_Isr), (20 bytes).
    Removing uart.o(i.UART2_Isr), (20 bytes).
    Removing uart.o(i.UART_CheckFlag), (26 bytes).
    Removing uart.o(i.UART_DisableInterrupt), (180 bytes).
    Removing uart.o(i.UART_EnableInterrupt), (176 bytes).
    Removing uart.o(i.UART_GetChar), (80 bytes).
    Removing uart.o(i.UART_GetFlags), (16 bytes).
    Removing uart.o(i.UART_Init), (192 bytes).
    Removing uart.o(i.UART_PutChar), (16 bytes).
    Removing uart.o(i.UART_ReceiveWait), (40 bytes).
    Removing uart.o(i.UART_SendWait), (40 bytes).
    Removing uart.o(i.UART_SetBaudrate), (116 bytes).
    Removing uart.o(i.UART_SetCallback), (12 bytes).
    Removing uart.o(i.UART_WaitTxComplete), (16 bytes).
    Removing uart.o(.data), (4 bytes).
    Removing wdog.o(.rev16_text), (4 bytes).
    Removing wdog.o(.revsh_text), (4 bytes).
    Removing wdog.o(i.WDOG_DeInit), (40 bytes).
    Removing wdog.o(i.WDOG_Disable), (56 bytes).
    Removing wdog.o(i.WDOG_DisableUpdate), (56 bytes).
    Removing wdog.o(i.WDOG_DisableWDOGEnableUpdate), (60 bytes).
    Removing wdog.o(i.WDOG_Enable), (36 bytes).
    Removing wdog.o(i.WDOG_EnableUpdate), (52 bytes).
    Removing wdog.o(i.WDOG_Feed), (28 bytes).
    Removing wdog.o(i.WDOG_Init), (180 bytes).
    Removing arm_cm0.o(.rev16_text), (4 bytes).
    Removing arm_cm0.o(.revsh_text), (4 bytes).
    Removing arm_cm0.o(i.stop), (20 bytes).
    Removing arm_cm0.o(i.wait), (20 bytes).
    Removing arm_cm0.o(i.write_vtor), (12 bytes).
    Removing assert.o(.rev16_text), (4 bytes).
    Removing assert.o(.revsh_text), (4 bytes).
    Removing assert.o(i.assert_failed), (48 bytes).
    Removing assert.o(.constdata), (35 bytes).
    Removing dadd.o(.text), (356 bytes).
    Removing dmul.o(.text), (208 bytes).
    Removing ddiv.o(.text), (240 bytes).
    Removing dfixul.o(.text), (64 bytes).
    Removing cdrcmple.o(.text), (40 bytes).
    Removing depilogue.o(.text), (190 bytes).
    Removing os_core.o(i.__ARM_common_switch8), (28 bytes).
    Removing depilogue.o(i.__ARM_clz), (46 bytes).

348 unused section(s) (total 30775 bytes) removed from the image.

==============================================================================

Image Symbol Table

    Local Symbols

    Symbol Name                              Value     Ov Type        Size  Object(Section)

    RESET                                    0x00000000   Section      192  startup_skeaz1284.o(RESET)
    ../clib/microlib/division.c              0x00000000   Number         0  uidiv.o ABSOLUTE
    ../clib/microlib/division.c              0x00000000   Number         0  uldiv.o ABSOLUTE
    ../clib/microlib/division.c              0x00000000   Number         0  idiv.o ABSOLUTE
    ../clib/microlib/init/entry.s            0x00000000   Number         0  entry8a.o ABSOLUTE
    ../clib/microlib/init/entry.s            0x00000000   Number         0  entry7a.o ABSOLUTE
    ../clib/microlib/init/entry.s            0x00000000   Number         0  entry5.o ABSOLUTE
    ../clib/microlib/init/entry.s            0x00000000   Number         0  entry9b.o ABSOLUTE
    ../clib/microlib/init/entry.s            0x00000000   Number         0  entry.o ABSOLUTE
    ../clib/microlib/init/entry.s            0x00000000   Number         0  entry8b.o ABSOLUTE
    ../clib/microlib/init/entry.s            0x00000000   Number         0  entry11b.o ABSOLUTE
    ../clib/microlib/init/entry.s            0x00000000   Number         0  entry2.o ABSOLUTE
    ../clib/microlib/init/entry.s            0x00000000   Number         0  entry9a.o ABSOLUTE
    ../clib/microlib/init/entry.s            0x00000000   Number         0  entry10a.o ABSOLUTE
    ../clib/microlib/init/entry.s            0x00000000   Number         0  entry10b.o ABSOLUTE
    ../clib/microlib/init/entry.s            0x00000000   Number         0  entry11a.o ABSOLUTE
    ../clib/microlib/init/entry.s            0x00000000   Number         0  entry7b.o ABSOLUTE
    ../clib/microlib/longlong.c              0x00000000   Number         0  llsshr.o ABSOLUTE
    ../clib/microlib/longlong.c              0x00000000   Number         0  llushr.o ABSOLUTE
    ../clib/microlib/longlong.c              0x00000000   Number         0  llshl.o ABSOLUTE
    ../clib/microlib/printf/printf.c         0x00000000   Number         0  printfb.o ABSOLUTE
    ../clib/microlib/printf/printf.c         0x00000000   Number         0  printfa.o ABSOLUTE
    ../clib/microlib/printf/printf.c         0x00000000   Number         0  printf8.o ABSOLUTE
    ../clib/microlib/printf/printf.c         0x00000000   Number         0  printf7.o ABSOLUTE
    ../clib/microlib/printf/printf.c         0x00000000   Number         0  printf6.o ABSOLUTE
    ../clib/microlib/printf/printf.c         0x00000000   Number         0  printf0.o ABSOLUTE
    ../clib/microlib/printf/printf.c         0x00000000   Number         0  printf5.o ABSOLUTE
    ../clib/microlib/printf/printf.c         0x00000000   Number         0  printf4.o ABSOLUTE
    ../clib/microlib/printf/printf.c         0x00000000   Number         0  printf3.o ABSOLUTE
    ../clib/microlib/printf/printf.c         0x00000000   Number         0  printf2.o ABSOLUTE
    ../clib/microlib/printf/printf.c         0x00000000   Number         0  printf1.o ABSOLUTE
    ../clib/microlib/printf/stubs.s          0x00000000   Number         0  stubs.o ABSOLUTE
    ../clib/microlib/stdio/fputc.c           0x00000000   Number         0  fputc.o ABSOLUTE
    ../clib/microlib/stdio/semi.s            0x00000000   Number         0  semi.o ABSOLUTE
    ../clib/microlib/stdio/streams.c         0x00000000   Number         0  stdout.o ABSOLUTE
    ../clib/microlib/string/memcpy.c         0x00000000   Number         0  memcpya.o ABSOLUTE
    ../clib/microlib/string/memcpy.c         0x00000000   Number         0  memcpyb.o ABSOLUTE
    ../clib/microlib/stubs.s                 0x00000000   Number         0  iusesemip.o ABSOLUTE
    ../clib/microlib/stubs.s                 0x00000000   Number         0  iusefp.o ABSOLUTE
    ../fplib/microlib/fpadd.c                0x00000000   Number         0  dadd.o ABSOLUTE
    ../fplib/microlib/fpdiv.c                0x00000000   Number         0  ddiv.o ABSOLUTE
    ../fplib/microlib/fpepilogue.c           0x00000000   Number         0  depilogue.o ABSOLUTE
    ../fplib/microlib/fpfix.c                0x00000000   Number         0  dfixul.o ABSOLUTE
    ../fplib/microlib/fpmul.c                0x00000000   Number         0  dmul.o ABSOLUTE
    ..\\common\\arm_cm0.c                    0x00000000   Number         0  arm_cm0.o ABSOLUTE
    ..\\common\\assert.c                     0x00000000   Number         0  assert.o ABSOLUTE
    ..\\driver\\acmp.c                       0x00000000   Number         0  acmp.o ABSOLUTE
    ..\\driver\\adc.c                        0x00000000   Number         0  adc.o ABSOLUTE
    ..\\driver\\crc.c                        0x00000000   Number         0  crc.o ABSOLUTE
    ..\\driver\\flash.c                      0x00000000   Number         0  flash.o ABSOLUTE
    ..\\driver\\ftm.c                        0x00000000   Number         0  ftm.o ABSOLUTE
    ..\\driver\\gpio.c                       0x00000000   Number         0  gpio.o ABSOLUTE
    ..\\driver\\i2c.c                        0x00000000   Number         0  i2c.o ABSOLUTE
    ..\\driver\\ics.c                        0x00000000   Number         0  ics.o ABSOLUTE
    ..\\driver\\kbi.c                        0x00000000   Number         0  kbi.o ABSOLUTE
    ..\\driver\\mscan.c                      0x00000000   Number         0  mscan.o ABSOLUTE
    ..\\driver\\pit.c                        0x00000000   Number         0  pit.o ABSOLUTE
    ..\\driver\\pmc.c                        0x00000000   Number         0  pmc.o ABSOLUTE
    ..\\driver\\pwt.c                        0x00000000   Number         0  pwt.o ABSOLUTE
    ..\\driver\\rtc.c                        0x00000000   Number         0  rtc.o ABSOLUTE
    ..\\driver\\sim.c                        0x00000000   Number         0  sim.o ABSOLUTE
    ..\\driver\\spi.c                        0x00000000   Number         0  spi.o ABSOLUTE
    ..\\driver\\uart.c                       0x00000000   Number         0  uart.o ABSOLUTE
    ..\\driver\\wdog.c                       0x00000000   Number         0  wdog.o ABSOLUTE
    ..\\mcu\\startup\\system_SKEAZ1284.c     0x00000000   Number         0  system_skeaz1284.o ABSOLUTE
    ..\\usr\\source\\led.c                   0x00000000   Number         0  led.o ABSOLUTE
    ..\\usr\\source\\main.c                  0x00000000   Number         0  main.o ABSOLUTE
    ..\bsp\HalADC.c                          0x00000000   Number         0  haladc.o ABSOLUTE
    ..\bsp\HalIO.c                           0x00000000   Number         0  halio.o ABSOLUTE
    ..\bsp\HalUart.c                         0x00000000   Number         0  haluart.o ABSOLUTE
    ..\common\arm_cm0.c                      0x00000000   Number         0  arm_cm0.o ABSOLUTE
    ..\common\assert.c                       0x00000000   Number         0  assert.o ABSOLUTE
    ..\driver\acmp.c                         0x00000000   Number         0  acmp.o ABSOLUTE
    ..\driver\adc.c                          0x00000000   Number         0  adc.o ABSOLUTE
    ..\driver\crc.c                          0x00000000   Number         0  crc.o ABSOLUTE
    ..\driver\flash.c                        0x00000000   Number         0  flash.o ABSOLUTE
    ..\driver\ftm.c                          0x00000000   Number         0  ftm.o ABSOLUTE
    ..\driver\gpio.c                         0x00000000   Number         0  gpio.o ABSOLUTE
    ..\driver\i2c.c                          0x00000000   Number         0  i2c.o ABSOLUTE
    ..\driver\ics.c                          0x00000000   Number         0  ics.o ABSOLUTE
    ..\driver\kbi.c                          0x00000000   Number         0  kbi.o ABSOLUTE
    ..\driver\mscan.c                        0x00000000   Number         0  mscan.o ABSOLUTE
    ..\driver\pit.c                          0x00000000   Number         0  pit.o ABSOLUTE
    ..\driver\pmc.c                          0x00000000   Number         0  pmc.o ABSOLUTE
    ..\driver\pwt.c                          0x00000000   Number         0  pwt.o ABSOLUTE
    ..\driver\rtc.c                          0x00000000   Number         0  rtc.o ABSOLUTE
    ..\driver\sim.c                          0x00000000   Number         0  sim.o ABSOLUTE
    ..\driver\spi.c                          0x00000000   Number         0  spi.o ABSOLUTE
    ..\driver\uart.c                         0x00000000   Number         0  uart.o ABSOLUTE
    ..\driver\wdog.c                         0x00000000   Number         0  wdog.o ABSOLUTE
    ..\mcu\startup\startup_SKEAZ1284.s       0x00000000   Number         0  startup_skeaz1284.o ABSOLUTE
    ..\mcu\startup\system_SKEAZ1284.c        0x00000000   Number         0  system_skeaz1284.o ABSOLUTE
    ..\uCOS-II\Ports\os_cpu_a.asm            0x00000000   Number         0  os_cpu_a.o ABSOLUTE
    ..\uCOS-II\Ports\os_cpu_c.c              0x00000000   Number         0  os_cpu_c.o ABSOLUTE
    ..\uCOS-II\Ports\os_dbg.c                0x00000000   Number         0  os_dbg.o ABSOLUTE
    ..\uCOS-II\Source\os_core.c              0x00000000   Number         0  os_core.o ABSOLUTE
    ..\uCOS-II\Source\os_flag.c              0x00000000   Number         0  os_flag.o ABSOLUTE
    ..\uCOS-II\Source\os_mbox.c              0x00000000   Number         0  os_mbox.o ABSOLUTE
    ..\uCOS-II\Source\os_mem.c               0x00000000   Number         0  os_mem.o ABSOLUTE
    ..\uCOS-II\Source\os_mutex.c             0x00000000   Number         0  os_mutex.o ABSOLUTE
    ..\uCOS-II\Source\os_q.c                 0x00000000   Number         0  os_q.o ABSOLUTE
    ..\uCOS-II\Source\os_sem.c               0x00000000   Number         0  os_sem.o ABSOLUTE
    ..\uCOS-II\Source\os_task.c              0x00000000   Number         0  os_task.o ABSOLUTE
    ..\uCOS-II\Source\os_time.c              0x00000000   Number         0  os_time.o ABSOLUTE
    ..\uCOS-II\Source\os_tmr.c               0x00000000   Number         0  os_tmr.o ABSOLUTE
    ..\usr\source\led.c                      0x00000000   Number         0  led.o ABSOLUTE
    ..\usr\source\main.c                     0x00000000   Number         0  main.o ABSOLUTE
    cdrcmple.s                               0x00000000   Number         0  cdrcmple.o ABSOLUTE
    dc.s                                     0x00000000   Number         0  dc.o ABSOLUTE
    handlers.s                               0x00000000   Number         0  handlers.o ABSOLUTE
    init.s                                   0x00000000   Number         0  init.o ABSOLUTE
    .ARM.Collect$$$$00000000                 0x000000c0   Section        0  entry.o(.ARM.Collect$$$$00000000)
    .ARM.Collect$$$$00000001                 0x000000c0   Section        4  entry2.o(.ARM.Collect$$$$00000001)
    .ARM.Collect$$$$00000004                 0x000000c4   Section        4  entry5.o(.ARM.Collect$$$$00000004)
    .ARM.Collect$$$$00000008                 0x000000c8   Section        0  entry7b.o(.ARM.Collect$$$$00000008)
    .ARM.Collect$$$$0000000A                 0x000000c8   Section        0  entry8b.o(.ARM.Collect$$$$0000000A)
    .ARM.Collect$$$$0000000B                 0x000000c8   Section        8  entry9a.o(.ARM.Collect$$$$0000000B)
    .ARM.Collect$$$$0000000D                 0x000000d0   Section        0  entry10a.o(.ARM.Collect$$$$0000000D)
    .ARM.Collect$$$$0000000F                 0x000000d0   Section        0  entry11a.o(.ARM.Collect$$$$0000000F)
    .ARM.Collect$$$$00002712                 0x000000d0   Section        4  entry2.o(.ARM.Collect$$$$00002712)
    __lit__00000000                          0x000000d0   Data           4  entry2.o(.ARM.Collect$$$$00002712)
    .text                                    0x000000d4   Section       40  startup_skeaz1284.o(.text)
    .text                                    0x000000fc   Section      180  os_cpu_a.o(.text)
    .text                                    0x000001b0   Section        0  uidiv.o(.text)
    .text                                    0x000001dc   Section       36  init.o(.text)
    i.CreatTask                              0x00000200   Section        0  main.o(i.CreatTask)
    i.MSCAN_RX_IRQHandler                    0x00000228   Section        0  mscan.o(i.MSCAN_RX_IRQHandler)
    i.OSDebugInit                            0x00000240   Section        0  os_dbg.o(i.OSDebugInit)
    i.OSInit                                 0x0000039c   Section        0  os_core.o(i.OSInit)
    i.OSInitHookBegin                        0x000003d0   Section        0  os_cpu_c.o(i.OSInitHookBegin)
    .ARM.__at_0x400                          0x00000400   Section       16  startup_skeaz1284.o(.ARM.__at_0x400)
    i.OSEventNameSet                         0x00000410   Section        0  os_core.o(i.OSEventNameSet)
    i.OSInitHookEnd                          0x0000047c   Section        0  os_cpu_c.o(i.OSInitHookEnd)
    i.OSIntExit                              0x00000480   Section        0  os_core.o(i.OSIntExit)
    i.OSSchedLock                            0x00000518   Section        0  os_core.o(i.OSSchedLock)
    i.OSSchedUnlock                          0x00000558   Section        0  os_core.o(i.OSSchedUnlock)
    i.OSSemCreate                            0x000005bc   Section        0  os_sem.o(i.OSSemCreate)
    i.OSSemPend                              0x00000618   Section        0  os_sem.o(i.OSSemPend)
    i.OSSemPost                              0x00000718   Section        0  os_sem.o(i.OSSemPost)
    i.OSStart                                0x0000077c   Section        0  os_core.o(i.OSStart)
    i.OSTCBInitHook                          0x000007c8   Section        0  os_cpu_c.o(i.OSTCBInitHook)
    i.OSTaskCreate                           0x000007cc   Section        0  os_task.o(i.OSTaskCreate)
    i.OSTaskCreateExt                        0x00000878   Section        0  os_task.o(i.OSTaskCreateExt)
    i.OSTaskCreateHook                       0x0000092c   Section        0  os_cpu_c.o(i.OSTaskCreateHook)
    i.OSTaskDel                              0x00000930   Section        0  os_task.o(i.OSTaskDel)
    i.OSTaskDelHook                          0x00000aac   Section        0  os_cpu_c.o(i.OSTaskDelHook)
    i.OSTaskIdleHook                         0x00000aae   Section        0  os_cpu_c.o(i.OSTaskIdleHook)
    i.OSTaskNameSet                          0x00000ab0   Section        0  os_task.o(i.OSTaskNameSet)
    i.OSTaskReturnHook                       0x00000b38   Section        0  os_cpu_c.o(i.OSTaskReturnHook)
    i.OSTaskStatHook                         0x00000b3a   Section        0  os_cpu_c.o(i.OSTaskStatHook)
    i.OSTaskStkChk                           0x00000b3c   Section        0  os_task.o(i.OSTaskStkChk)
    i.OSTaskStkInit                          0x00000bdc   Section        0  os_cpu_c.o(i.OSTaskStkInit)
    i.OSTaskSuspend                          0x00000c60   Section        0  os_task.o(i.OSTaskSuspend)
    i.OSTaskSwHook                           0x00000d1c   Section        0  os_cpu_c.o(i.OSTaskSwHook)
    i.OSTimeDly                              0x00000d20   Section        0  os_time.o(i.OSTimeDly)
    i.OSTimeTick                             0x00000da0   Section        0  os_core.o(i.OSTimeTick)
    i.OSTimeTickHook                         0x00000e9c   Section        0  os_cpu_c.o(i.OSTimeTickHook)
    i.OSTmrSignal                            0x00000ec0   Section        0  os_tmr.o(i.OSTmrSignal)
    i.OSTmr_Init                             0x00000ed4   Section        0  os_tmr.o(i.OSTmr_Init)
    i.OSTmr_InitTask                         0x00000fc4   Section        0  os_tmr.o(i.OSTmr_InitTask)
    OSTmr_InitTask                           0x00000fc5   Thumb Code    50  os_tmr.o(i.OSTmr_InitTask)
    i.OSTmr_Link                             0x00001014   Section        0  os_tmr.o(i.OSTmr_Link)
    OSTmr_Link                               0x00001015   Thumb Code   102  os_tmr.o(i.OSTmr_Link)
    i.OSTmr_Task                             0x00001084   Section        0  os_tmr.o(i.OSTmr_Task)
    OSTmr_Task                               0x00001085   Thumb Code   120  os_tmr.o(i.OSTmr_Task)
    i.OSTmr_Unlink                           0x00001108   Section        0  os_tmr.o(i.OSTmr_Unlink)
    OSTmr_Unlink                             0x00001109   Thumb Code    66  os_tmr.o(i.OSTmr_Unlink)
    i.OS_CPU_SysTickHandler                  0x00001150   Section        0  os_cpu_c.o(i.OS_CPU_SysTickHandler)
    i.OS_CPU_SysTickInit                     0x00001178   Section        0  os_cpu_c.o(i.OS_CPU_SysTickInit)
    i.OS_Dummy                               0x000011b4   Section        0  os_core.o(i.OS_Dummy)
    i.OS_EventTaskRdy                        0x000011b8   Section        0  os_core.o(i.OS_EventTaskRdy)
    i.OS_EventTaskRemove                     0x00001250   Section        0  os_core.o(i.OS_EventTaskRemove)
    i.OS_EventTaskRemoveMulti                0x0000127c   Section        0  os_core.o(i.OS_EventTaskRemoveMulti)
    i.OS_EventTaskWait                       0x000012bc   Section        0  os_core.o(i.OS_EventTaskWait)
    i.OS_EventWaitListInit                   0x0000133c   Section        0  os_core.o(i.OS_EventWaitListInit)
    i.OS_FlagInit                            0x00001358   Section        0  os_flag.o(i.OS_FlagInit)
    i.OS_FlagUnlink                          0x000013ac   Section        0  os_flag.o(i.OS_FlagUnlink)
    i.OS_InitEventList                       0x000013d8   Section        0  os_core.o(i.OS_InitEventList)
    OS_InitEventList                         0x000013d9   Thumb Code    76  os_core.o(i.OS_InitEventList)
    i.OS_InitMisc                            0x00001430   Section        0  os_core.o(i.OS_InitMisc)
    OS_InitMisc                              0x00001431   Thumb Code    48  os_core.o(i.OS_InitMisc)
    i.OS_InitRdyList                         0x0000148c   Section        0  os_core.o(i.OS_InitRdyList)
    OS_InitRdyList                           0x0000148d   Thumb Code    44  os_core.o(i.OS_InitRdyList)
    i.OS_InitTCBList                         0x000014d0   Section        0  os_core.o(i.OS_InitTCBList)
    OS_InitTCBList                           0x000014d1   Thumb Code    86  os_core.o(i.OS_InitTCBList)
    i.OS_InitTaskIdle                        0x0000153c   Section        0  os_core.o(i.OS_InitTaskIdle)
    OS_InitTaskIdle                          0x0000153d   Thumb Code    50  os_core.o(i.OS_InitTaskIdle)
    i.OS_InitTaskStat                        0x0000158c   Section        0  os_core.o(i.OS_InitTaskStat)
    OS_InitTaskStat                          0x0000158d   Thumb Code    50  os_core.o(i.OS_InitTaskStat)
    i.OS_MemClr                              0x000015dc   Section        0  os_core.o(i.OS_MemClr)
    i.OS_QInit                               0x000015f0   Section        0  os_q.o(i.OS_QInit)
    i.OS_Sched                               0x00001638   Section        0  os_core.o(i.OS_Sched)
    i.OS_SchedNew                            0x000016b0   Section        0  os_core.o(i.OS_SchedNew)
    OS_SchedNew                              0x000016b1   Thumb Code    26  os_core.o(i.OS_SchedNew)
    i.OS_TCBInit                             0x000016dc   Section        0  os_core.o(i.OS_TCBInit)
    i.OS_TaskIdle                            0x0000182c   Section        0  os_core.o(i.OS_TaskIdle)
    i.OS_TaskReturn                          0x00001854   Section        0  os_task.o(i.OS_TaskReturn)
    i.OS_TaskStat                            0x0000186c   Section        0  os_core.o(i.OS_TaskStat)
    i.OS_TaskStatStkChk                      0x0000190c   Section        0  os_core.o(i.OS_TaskStatStkChk)
    i.OS_TaskStkClr                          0x0000194c   Section        0  os_task.o(i.OS_TaskStkClr)
    i.SystemInit                             0x0000196c   Section        0  system_skeaz1284.o(i.SystemInit)
    i.__scatterload_copy                     0x000019dc   Section       14  handlers.o(i.__scatterload_copy)
    i.__scatterload_null                     0x000019ea   Section        2  handlers.o(i.__scatterload_null)
    i.__scatterload_zeroinit                 0x000019ec   Section       14  handlers.o(i.__scatterload_zeroinit)
    i.ledInit                                0x000019fc   Section        0  led.o(i.ledInit)
    i.ledoff                                 0x00001a1c   Section        0  led.o(i.ledoff)
    i.ledon                                  0x00001a30   Section        0  led.o(i.ledon)
    i.main                                   0x00001a44   Section        0  main.o(i.main)
    i.taskled                                0x00001a56   Section        0  main.o(i.taskled)
    .constdata                               0x00001a70   Section      114  os_dbg.o(.constdata)
    .constdata                               0x00001ae2   Section      256  os_core.o(.constdata)
    .data                                    0x1ffff000   Section        6  os_cpu_c.o(.data)
    OSTmrCtr                                 0x1ffff004   Data           2  os_cpu_c.o(.data)
    .data                                    0x1ffff008   Section       92  os_core.o(.data)
    .data                                    0x1ffff064   Section        8  mscan.o(.data)
    MSCAN_RxCallback                         0x1ffff064   Data           4  mscan.o(.data)
    MSCAN_TxCallback                         0x1ffff068   Data           4  mscan.o(.data)
    .bss                                     0x1ffff06c   Section      256  main.o(.bss)
    .bss                                     0x1ffff16c   Section      512  os_cpu_c.o(.bss)
    .bss                                     0x1ffff36c   Section     2340  os_core.o(.bss)
    STACK                                    0x1ffffc90   Section      256  startup_skeaz1284.o(STACK)

    Global Symbols

    Symbol Name                              Value     Ov Type        Size  Object(Section)

    BuildAttributes$$THM_ISAv3M$S$PE$A:L22$X:L11$S22$IEEE1$IW$USESV6$~STKCKD$USESV7$~SHL$OSPACE$ROPI$EBA8$MICROLIB$REQ8$PRES8$EABIv2 0x00000000   Number         0  anon$$obj.o ABSOLUTE
    __ARM_use_no_argv                        0x00000000   Number         0  main.o ABSOLUTE
    __Vectors                                0x00000000   Data           4  startup_skeaz1284.o(RESET)
    _printf_a                                0x00000000   Number         0  stubs.o ABSOLUTE
    _printf_c                                0x00000000   Number         0  stubs.o ABSOLUTE
    _printf_charcount                        0x00000000   Number         0  stubs.o ABSOLUTE
    _printf_d                                0x00000000   Number         0  stubs.o ABSOLUTE
    _printf_e                                0x00000000   Number         0  stubs.o ABSOLUTE
    _printf_f                                0x00000000   Number         0  stubs.o ABSOLUTE
    _printf_flags                            0x00000000   Number         0  stubs.o ABSOLUTE
    _printf_fp_dec                           0x00000000   Number         0  stubs.o ABSOLUTE
    _printf_fp_hex                           0x00000000   Number         0  stubs.o ABSOLUTE
    _printf_g                                0x00000000   Number         0  stubs.o ABSOLUTE
    _printf_i                                0x00000000   Number         0  stubs.o ABSOLUTE
    _printf_int_dec                          0x00000000   Number         0  stubs.o ABSOLUTE
    _printf_l                                0x00000000   Number         0  stubs.o ABSOLUTE
    _printf_lc                               0x00000000   Number         0  stubs.o ABSOLUTE
    _printf_ll                               0x00000000   Number         0  stubs.o ABSOLUTE
    _printf_lld                              0x00000000   Number         0  stubs.o ABSOLUTE
    _printf_lli                              0x00000000   Number         0  stubs.o ABSOLUTE
    _printf_llo                              0x00000000   Number         0  stubs.o ABSOLUTE
    _printf_llu                              0x00000000   Number         0  stubs.o ABSOLUTE
    _printf_llx                              0x00000000   Number         0  stubs.o ABSOLUTE
    _printf_longlong_dec                     0x00000000   Number         0  stubs.o ABSOLUTE
    _printf_longlong_hex                     0x00000000   Number         0  stubs.o ABSOLUTE
    _printf_longlong_oct                     0x00000000   Number         0  stubs.o ABSOLUTE
    _printf_ls                               0x00000000   Number         0  stubs.o ABSOLUTE
    _printf_mbtowc                           0x00000000   Number         0  stubs.o ABSOLUTE
    _printf_n                                0x00000000   Number         0  stubs.o ABSOLUTE
    _printf_o                                0x00000000   Number         0  stubs.o ABSOLUTE
    _printf_p                                0x00000000   Number         0  stubs.o ABSOLUTE
    _printf_percent                          0x00000000   Number         0  stubs.o ABSOLUTE
    _printf_pre_padding                      0x00000000   Number         0  stubs.o ABSOLUTE
    _printf_return_value                     0x00000000   Number         0  stubs.o ABSOLUTE
    _printf_s                                0x00000000   Number         0  stubs.o ABSOLUTE
    _printf_sizespec                         0x00000000   Number         0  stubs.o ABSOLUTE
    _printf_str                              0x00000000   Number         0  stubs.o ABSOLUTE
    _printf_truncate_signed                  0x00000000   Number         0  stubs.o ABSOLUTE
    _printf_truncate_unsigned                0x00000000   Number         0  stubs.o ABSOLUTE
    _printf_u                                0x00000000   Number         0  stubs.o ABSOLUTE
    _printf_wc                               0x00000000   Number         0  stubs.o ABSOLUTE
    _printf_wctomb                           0x00000000   Number         0  stubs.o ABSOLUTE
    _printf_widthprec                        0x00000000   Number         0  stubs.o ABSOLUTE
    _printf_x                                0x00000000   Number         0  stubs.o ABSOLUTE
    __cpp_initialize__aeabi_                  - Undefined Weak Reference
    __cxa_finalize                            - Undefined Weak Reference
    __decompress                              - Undefined Weak Reference
    _clock_init                               - Undefined Weak Reference
    _microlib_exit                            - Undefined Weak Reference
    __Vectors_End                            0x000000c0   Data           0  startup_skeaz1284.o(RESET)
    __Vectors_Size                           0x000000c0   Number         0  startup_skeaz1284.o ABSOLUTE
    __main                                   0x000000c1   Thumb Code     0  entry.o(.ARM.Collect$$$$00000000)
    _main_stk                                0x000000c1   Thumb Code     0  entry2.o(.ARM.Collect$$$$00000001)
    _main_scatterload                        0x000000c5   Thumb Code     0  entry5.o(.ARM.Collect$$$$00000004)
    __main_after_scatterload                 0x000000c9   Thumb Code     0  entry5.o(.ARM.Collect$$$$00000004)
    _main_clock                              0x000000c9   Thumb Code     0  entry7b.o(.ARM.Collect$$$$00000008)
    _main_cpp_init                           0x000000c9   Thumb Code     0  entry8b.o(.ARM.Collect$$$$0000000A)
    _main_init                               0x000000c9   Thumb Code     0  entry9a.o(.ARM.Collect$$$$0000000B)
    __rt_final_cpp                           0x000000d1   Thumb Code     0  entry10a.o(.ARM.Collect$$$$0000000D)
    __rt_final_exit                          0x000000d1   Thumb Code     0  entry11a.o(.ARM.Collect$$$$0000000F)
    init_data_bss                            0x000000d5   Thumb Code     2  startup_skeaz1284.o(.text)
    Reset_Handler                            0x000000d7   Thumb Code    12  startup_skeaz1284.o(.text)
    NMI_Handler                              0x000000e3   Thumb Code     2  startup_skeaz1284.o(.text)
    HardFault_Handler                        0x000000e5   Thumb Code     2  startup_skeaz1284.o(.text)
    SVC_Handler                              0x000000e7   Thumb Code     2  startup_skeaz1284.o(.text)
    PendSV_Handler                           0x000000e9   Thumb Code     2  startup_skeaz1284.o(.text)
    SysTick_Handler                          0x000000eb   Thumb Code     2  startup_skeaz1284.o(.text)
    ACMP0_IRQHandler                         0x000000ed   Thumb Code     0  startup_skeaz1284.o(.text)
    ACMP1_IRQHandler                         0x000000ed   Thumb Code     0  startup_skeaz1284.o(.text)
    ADC_IRQHandler                           0x000000ed   Thumb Code     0  startup_skeaz1284.o(.text)
    DefaultISR                               0x000000ed   Thumb Code     0  startup_skeaz1284.o(.text)
    FTM0_IRQHandler                          0x000000ed   Thumb Code     0  startup_skeaz1284.o(.text)
    FTM1_IRQHandler                          0x000000ed   Thumb Code     0  startup_skeaz1284.o(.text)
    FTM2_IRQHandler                          0x000000ed   Thumb Code     0  startup_skeaz1284.o(.text)
    FTMRE_IRQHandler                         0x000000ed   Thumb Code     0  startup_skeaz1284.o(.text)
    I2C0_IRQHandler                          0x000000ed   Thumb Code     0  startup_skeaz1284.o(.text)
    I2C1_IRQHandler                          0x000000ed   Thumb Code     0  startup_skeaz1284.o(.text)
    ICS_IRQHandler                           0x000000ed   Thumb Code     0  startup_skeaz1284.o(.text)
    IRQ_IRQHandler                           0x000000ed   Thumb Code     0  startup_skeaz1284.o(.text)
    KBI0_IRQHandler                          0x000000ed   Thumb Code     0  startup_skeaz1284.o(.text)
    KBI1_IRQHandler                          0x000000ed   Thumb Code     0  startup_skeaz1284.o(.text)
    MSCAN_TX_IRQHandler                      0x000000ed   Thumb Code     0  startup_skeaz1284.o(.text)
    PIT_CH0_IRQHandler                       0x000000ed   Thumb Code     0  startup_skeaz1284.o(.text)
    PIT_CH1_IRQHandler                       0x000000ed   Thumb Code     0  startup_skeaz1284.o(.text)
    PMC_IRQHandler                           0x000000ed   Thumb Code     0  startup_skeaz1284.o(.text)
    PWT_IRQHandler                           0x000000ed   Thumb Code     0  startup_skeaz1284.o(.text)
    RTC_IRQHandler                           0x000000ed   Thumb Code     0  startup_skeaz1284.o(.text)
    Reserved16_IRQHandler                    0x000000ed   Thumb Code     0  startup_skeaz1284.o(.text)
    Reserved17_IRQHandler                    0x000000ed   Thumb Code     0  startup_skeaz1284.o(.text)
    Reserved18_IRQHandler                    0x000000ed   Thumb Code     0  startup_skeaz1284.o(.text)
    Reserved19_IRQHandler                    0x000000ed   Thumb Code     0  startup_skeaz1284.o(.text)
    Reserved20_IRQHandler                    0x000000ed   Thumb Code     0  startup_skeaz1284.o(.text)
    Reserved42_IRQHandler                    0x000000ed   Thumb Code     0  startup_skeaz1284.o(.text)
    SPI0_IRQHandler                          0x000000ed   Thumb Code     0  startup_skeaz1284.o(.text)
    SPI1_IRQHandler                          0x000000ed   Thumb Code     0  startup_skeaz1284.o(.text)
    UART0_IRQHandler                         0x000000ed   Thumb Code     0  startup_skeaz1284.o(.text)
    UART1_IRQHandler                         0x000000ed   Thumb Code     0  startup_skeaz1284.o(.text)
    UART2_IRQHandler                         0x000000ed   Thumb Code     0  startup_skeaz1284.o(.text)
    WDOG_IRQHandler                          0x000000ed   Thumb Code     0  startup_skeaz1284.o(.text)
    OS_CPU_SR_Save                           0x000000fd   Thumb Code     0  os_cpu_a.o(.text)
    OS_CPU_SR_Restore                        0x00000105   Thumb Code     0  os_cpu_a.o(.text)
    OSStartHighRdy                           0x0000010b   Thumb Code     0  os_cpu_a.o(.text)
    OSCtxSw                                  0x0000012f   Thumb Code     0  os_cpu_a.o(.text)
    OSIntCtxSw                               0x00000137   Thumb Code     0  os_cpu_a.o(.text)
    OS_CPU_PendSVHandler                     0x0000013f   Thumb Code     0  os_cpu_a.o(.text)
    __aeabi_uidiv                            0x000001b1   Thumb Code     0  uidiv.o(.text)
    __aeabi_uidivmod                         0x000001b1   Thumb Code    44  uidiv.o(.text)
    __scatterload                            0x000001dd   Thumb Code    28  init.o(.text)
    __scatterload_rt2                        0x000001dd   Thumb Code     0  init.o(.text)
    CreatTask                                0x00000201   Thumb Code    26  main.o(i.CreatTask)
    MSCAN_RX_IRQHandler                      0x00000229   Thumb Code    18  mscan.o(i.MSCAN_RX_IRQHandler)
    OSDebugInit                              0x00000241   Thumb Code   118  os_dbg.o(i.OSDebugInit)
    OSInit                                   0x0000039d   Thumb Code    52  os_core.o(i.OSInit)
    OSInitHookBegin                          0x000003d1   Thumb Code    30  os_cpu_c.o(i.OSInitHookBegin)
    OSEventNameSet                           0x00000411   Thumb Code   102  os_core.o(i.OSEventNameSet)
    OSInitHookEnd                            0x0000047d   Thumb Code     2  os_cpu_c.o(i.OSInitHookEnd)
    OSIntExit                                0x00000481   Thumb Code   118  os_core.o(i.OSIntExit)
    OSSchedLock                              0x00000519   Thumb Code    52  os_core.o(i.OSSchedLock)
    OSSchedUnlock                            0x00000559   Thumb Code    88  os_core.o(i.OSSchedUnlock)
    OSSemCreate                              0x000005bd   Thumb Code    78  os_sem.o(i.OSSemCreate)
    OSSemPend                                0x00000619   Thumb Code   244  os_sem.o(i.OSSemPend)
    OSSemPost                                0x00000719   Thumb Code    96  os_sem.o(i.OSSemPost)
    OSStart                                  0x0000077d   Thumb Code    50  os_core.o(i.OSStart)
    OSTCBInitHook                            0x000007c9   Thumb Code     2  os_cpu_c.o(i.OSTCBInitHook)
    OSTaskCreate                             0x000007cd   Thumb Code   160  os_task.o(i.OSTaskCreate)
    OSTaskCreateExt                          0x00000879   Thumb Code   168  os_task.o(i.OSTaskCreateExt)
    OSTaskCreateHook                         0x0000092d   Thumb Code     2  os_cpu_c.o(i.OSTaskCreateHook)
    OSTaskDel                                0x00000931   Thumb Code   334  os_task.o(i.OSTaskDel)
    OSTaskDelHook                            0x00000aad   Thumb Code     2  os_cpu_c.o(i.OSTaskDelHook)
    OSTaskIdleHook                           0x00000aaf   Thumb Code     2  os_cpu_c.o(i.OSTaskIdleHook)
    OSTaskNameSet                            0x00000ab1   Thumb Code   122  os_task.o(i.OSTaskNameSet)
    OSTaskReturnHook                         0x00000b39   Thumb Code     2  os_cpu_c.o(i.OSTaskReturnHook)
    OSTaskStatHook                           0x00000b3b   Thumb Code     2  os_cpu_c.o(i.OSTaskStatHook)
    OSTaskStkChk                             0x00000b3d   Thumb Code   150  os_task.o(i.OSTaskStkChk)
    OSTaskStkInit                            0x00000bdd   Thumb Code    98  os_cpu_c.o(i.OSTaskStkInit)
    OSTaskSuspend                            0x00000c61   Thumb Code   172  os_task.o(i.OSTaskSuspend)
    OSTaskSwHook                             0x00000d1d   Thumb Code     2  os_cpu_c.o(i.OSTaskSwHook)
    OSTimeDly                                0x00000d21   Thumb Code   108  os_time.o(i.OSTimeDly)
    OSTimeTick                               0x00000da1   Thumb Code   228  os_core.o(i.OSTimeTick)
    OSTimeTickHook                           0x00000e9d   Thumb Code    30  os_cpu_c.o(i.OSTimeTickHook)
    OSTmrSignal                              0x00000ec1   Thumb Code    16  os_tmr.o(i.OSTmrSignal)
    OSTmr_Init                               0x00000ed5   Thumb Code   164  os_tmr.o(i.OSTmr_Init)
    OS_CPU_SysTickHandler                    0x00001151   Thumb Code    34  os_cpu_c.o(i.OS_CPU_SysTickHandler)
    OS_CPU_SysTickInit                       0x00001179   Thumb Code    52  os_cpu_c.o(i.OS_CPU_SysTickInit)
    OS_Dummy                                 0x000011b5   Thumb Code     2  os_core.o(i.OS_Dummy)
    OS_EventTaskRdy                          0x000011b9   Thumb Code   136  os_core.o(i.OS_EventTaskRdy)
    OS_EventTaskRemove                       0x00001251   Thumb Code    44  os_core.o(i.OS_EventTaskRemove)
    OS_EventTaskRemoveMulti                  0x0000127d   Thumb Code    64  os_core.o(i.OS_EventTaskRemoveMulti)
    OS_EventTaskWait                         0x000012bd   Thumb Code   114  os_core.o(i.OS_EventTaskWait)
    OS_EventWaitListInit                     0x0000133d   Thumb Code    28  os_core.o(i.OS_EventWaitListInit)
    OS_FlagInit                              0x00001359   Thumb Code    70  os_flag.o(i.OS_FlagInit)
    OS_FlagUnlink                            0x000013ad   Thumb Code    42  os_flag.o(i.OS_FlagUnlink)
    OS_MemClr                                0x000015dd   Thumb Code    18  os_core.o(i.OS_MemClr)
    OS_QInit                                 0x000015f1   Thumb Code    62  os_q.o(i.OS_QInit)
    OS_Sched                                 0x00001639   Thumb Code    92  os_core.o(i.OS_Sched)
    OS_TCBInit                               0x000016dd   Thumb Code   306  os_core.o(i.OS_TCBInit)
    OS_TaskIdle                              0x0000182d   Thumb Code    34  os_core.o(i.OS_TaskIdle)
    OS_TaskReturn                            0x00001855   Thumb Code    18  os_task.o(i.OS_TaskReturn)
    OS_TaskStat                              0x0000186d   Thumb Code   140  os_core.o(i.OS_TaskStat)
    OS_TaskStatStkChk                        0x0000190d   Thumb Code    58  os_core.o(i.OS_TaskStatStkChk)
    OS_TaskStkClr                            0x0000194d   Thumb Code    30  os_task.o(i.OS_TaskStkClr)
    SystemInit                               0x0000196d   Thumb Code    90  system_skeaz1284.o(i.SystemInit)
    __scatterload_copy                       0x000019dd   Thumb Code    14  handlers.o(i.__scatterload_copy)
    __scatterload_null                       0x000019eb   Thumb Code     2  handlers.o(i.__scatterload_null)
    __scatterload_zeroinit                   0x000019ed   Thumb Code    14  handlers.o(i.__scatterload_zeroinit)
    ledInit                                  0x000019fd   Thumb Code    28  led.o(i.ledInit)
    ledoff                                   0x00001a1d   Thumb Code    16  led.o(i.ledoff)
    ledon                                    0x00001a31   Thumb Code    16  led.o(i.ledon)
    main                                     0x00001a45   Thumb Code    18  main.o(i.main)
    taskled                                  0x00001a57   Thumb Code    24  main.o(i.taskled)
    OSDebugEn                                0x00001a70   Data           2  os_dbg.o(.constdata)
    OSEndiannessTest                         0x00001a74   Data           4  os_dbg.o(.constdata)
    OSEventEn                                0x00001a78   Data           2  os_dbg.o(.constdata)
    OSEventMax                               0x00001a7a   Data           2  os_dbg.o(.constdata)
    OSEventNameEn                            0x00001a7c   Data           2  os_dbg.o(.constdata)
    OSEventSize                              0x00001a7e   Data           2  os_dbg.o(.constdata)
    OSEventTblSize                           0x00001a80   Data           2  os_dbg.o(.constdata)
    OSEventMultiEn                           0x00001a82   Data           2  os_dbg.o(.constdata)
    OSFlagEn                                 0x00001a84   Data           2  os_dbg.o(.constdata)
    OSFlagGrpSize                            0x00001a86   Data           2  os_dbg.o(.constdata)
    OSFlagNodeSize                           0x00001a88   Data           2  os_dbg.o(.constdata)
    OSFlagWidth                              0x00001a8a   Data           2  os_dbg.o(.constdata)
    OSFlagMax                                0x00001a8c   Data           2  os_dbg.o(.constdata)
    OSFlagNameEn                             0x00001a8e   Data           2  os_dbg.o(.constdata)
    OSLowestPrio                             0x00001a90   Data           2  os_dbg.o(.constdata)
    OSMboxEn                                 0x00001a92   Data           2  os_dbg.o(.constdata)
    OSMemEn                                  0x00001a94   Data           2  os_dbg.o(.constdata)
    OSMemMax                                 0x00001a96   Data           2  os_dbg.o(.constdata)
    OSMemNameEn                              0x00001a98   Data           2  os_dbg.o(.constdata)
    OSMemSize                                0x00001a9a   Data           2  os_dbg.o(.constdata)
    OSMemTblSize                             0x00001a9c   Data           2  os_dbg.o(.constdata)
    OSMutexEn                                0x00001a9e   Data           2  os_dbg.o(.constdata)
    OSPtrSize                                0x00001aa0   Data           2  os_dbg.o(.constdata)
    OSQEn                                    0x00001aa2   Data           2  os_dbg.o(.constdata)
    OSQMax                                   0x00001aa4   Data           2  os_dbg.o(.constdata)
    OSQSize                                  0x00001aa6   Data           2  os_dbg.o(.constdata)
    OSRdyTblSize                             0x00001aa8   Data           2  os_dbg.o(.constdata)
    OSSemEn                                  0x00001aaa   Data           2  os_dbg.o(.constdata)
    OSStkWidth                               0x00001aac   Data           2  os_dbg.o(.constdata)
    OSTaskCreateEn                           0x00001aae   Data           2  os_dbg.o(.constdata)
    OSTaskCreateExtEn                        0x00001ab0   Data           2  os_dbg.o(.constdata)
    OSTaskDelEn                              0x00001ab2   Data           2  os_dbg.o(.constdata)
    OSTaskIdleStkSize                        0x00001ab4   Data           2  os_dbg.o(.constdata)
    OSTaskProfileEn                          0x00001ab6   Data           2  os_dbg.o(.constdata)
    OSTaskMax                                0x00001ab8   Data           2  os_dbg.o(.constdata)
    OSTaskNameEn                             0x00001aba   Data           2  os_dbg.o(.constdata)
    OSTaskStatEn                             0x00001abc   Data           2  os_dbg.o(.constdata)
    OSTaskStatStkSize                        0x00001abe   Data           2  os_dbg.o(.constdata)
    OSTaskStatStkChkEn                       0x00001ac0   Data           2  os_dbg.o(.constdata)
    OSTaskSwHookEn                           0x00001ac2   Data           2  os_dbg.o(.constdata)
    OSTCBPrioTblMax                          0x00001ac4   Data           2  os_dbg.o(.constdata)
    OSTCBSize                                0x00001ac6   Data           2  os_dbg.o(.constdata)
    OSTicksPerSec                            0x00001ac8   Data           2  os_dbg.o(.constdata)
    OSTimeTickHookEn                         0x00001aca   Data           2  os_dbg.o(.constdata)
    OSVersionNbr                             0x00001acc   Data           2  os_dbg.o(.constdata)
    OSTmrEn                                  0x00001ace   Data           2  os_dbg.o(.constdata)
    OSTmrCfgMax                              0x00001ad0   Data           2  os_dbg.o(.constdata)
    OSTmrCfgNameEn                           0x00001ad2   Data           2  os_dbg.o(.constdata)
    OSTmrCfgWheelSize                        0x00001ad4   Data           2  os_dbg.o(.constdata)
    OSTmrCfgTicksPerSec                      0x00001ad6   Data           2  os_dbg.o(.constdata)
    OSTmrSize                                0x00001ad8   Data           2  os_dbg.o(.constdata)
    OSTmrTblSize                             0x00001ada   Data           2  os_dbg.o(.constdata)
    OSTmrWheelSize                           0x00001adc   Data           2  os_dbg.o(.constdata)
    OSTmrWheelTblSize                        0x00001ade   Data           2  os_dbg.o(.constdata)
    OSDataSize                               0x00001ae0   Data           2  os_dbg.o(.constdata)
    OSUnMapTbl                               0x00001ae2   Data         256  os_core.o(.constdata)
    Region$$Table$$Base                      0x00001be4   Number         0  anon$$obj.o(Region$$Table)
    Region$$Table$$Limit                     0x00001c04   Number         0  anon$$obj.o(Region$$Table)
    OS_CPU_ExceptStkBase                     0x1ffff000   Data           4  os_cpu_c.o(.data)
    OSCtxSwCtr                               0x1ffff008   Data           4  os_core.o(.data)
    OSEventFreeList                          0x1ffff00c   Data           4  os_core.o(.data)
    OSFlagFreeList                           0x1ffff010   Data           4  os_core.o(.data)
    OSCPUUsage                               0x1ffff014   Data           1  os_core.o(.data)
    OSIdleCtrMax                             0x1ffff018   Data           4  os_core.o(.data)
    OSIdleCtrRun                             0x1ffff01c   Data           4  os_core.o(.data)
    OSStatRdy                                0x1ffff020   Data           1  os_core.o(.data)
    OSIntNesting                             0x1ffff021   Data           1  os_core.o(.data)
    OSLockNesting                            0x1ffff022   Data           1  os_core.o(.data)
    OSPrioCur                                0x1ffff023   Data           1  os_core.o(.data)
    OSPrioHighRdy                            0x1ffff024   Data           1  os_core.o(.data)
    OSRdyGrp                                 0x1ffff025   Data           1  os_core.o(.data)
    OSRdyTbl                                 0x1ffff026   Data           2  os_core.o(.data)
    OSRunning                                0x1ffff028   Data           1  os_core.o(.data)
    OSTaskCtr                                0x1ffff029   Data           1  os_core.o(.data)
    OSIdleCtr                                0x1ffff02c   Data           4  os_core.o(.data)
    OSTCBCur                                 0x1ffff030   Data           4  os_core.o(.data)
    OSTCBFreeList                            0x1ffff034   Data           4  os_core.o(.data)
    OSTCBHighRdy                             0x1ffff038   Data           4  os_core.o(.data)
    OSTCBList                                0x1ffff03c   Data           4  os_core.o(.data)
    OSTickStepState                          0x1ffff040   Data           1  os_core.o(.data)
    OSQFreeList                              0x1ffff044   Data           4  os_core.o(.data)
    OSTaskRegNextAvailID                     0x1ffff048   Data           1  os_core.o(.data)
    OSTime                                   0x1ffff04c   Data           4  os_core.o(.data)
    OSTmrFree                                0x1ffff050   Data           2  os_core.o(.data)
    OSTmrUsed                                0x1ffff052   Data           2  os_core.o(.data)
    OSTmrTime                                0x1ffff054   Data           4  os_core.o(.data)
    OSTmrSem                                 0x1ffff058   Data           4  os_core.o(.data)
    OSTmrSemSignal                           0x1ffff05c   Data           4  os_core.o(.data)
    OSTmrFreeList                            0x1ffff060   Data           4  os_core.o(.data)
    taskledstk                               0x1ffff06c   Data         256  main.o(.bss)
    OS_CPU_ExceptStk                         0x1ffff16c   Data         512  os_cpu_c.o(.bss)
    OSEventTbl                               0x1ffff36c   Data         200  os_core.o(.bss)
    OSFlagTbl                                0x1ffff434   Data          80  os_core.o(.bss)
    OSTaskStatStk                            0x1ffff484   Data         256  os_core.o(.bss)
    OSTaskIdleStk                            0x1ffff584   Data         256  os_core.o(.bss)
    OSTCBPrioTbl                             0x1ffff684   Data          44  os_core.o(.bss)
    OSTCBTbl                                 0x1ffff6b0   Data         792  os_core.o(.bss)
    OSQTbl                                   0x1ffff9c8   Data          72  os_core.o(.bss)
    OSTmrTbl                                 0x1ffffa10   Data         320  os_core.o(.bss)
    OSTmrTaskStk                             0x1ffffb50   Data         256  os_core.o(.bss)
    OSTmrWheelTbl                            0x1ffffc50   Data          64  os_core.o(.bss)
    __initial_sp                             0x1ffffd90   Data           0  startup_skeaz1284.o(STACK)



==============================================================================

Memory Map of the image

  Image Entry point : 0x000000c1

  Load Region LR_IROM1 (Base: 0x00000000, Size: 0x00001c70, Max: 0x00020000, ABSOLUTE)

    Execution Region ER_IROM1 (Exec base: 0x00000000, Load base: 0x00000000, Size: 0x00001c04, Max: 0x00020000, ABSOLUTE)

    Exec Addr    Load Addr    Size         Type   Attr      Idx    E Section Name        Object

    0x00000000   0x00000000   0x000000c0   Data   RO            3    RESET               startup_skeaz1284.o
    0x000000c0   0x000000c0   0x00000000   Code   RO         2670  * .ARM.Collect$$$$00000000  mc_p.l(entry.o)
    0x000000c0   0x000000c0   0x00000004   Code   RO         2942    .ARM.Collect$$$$00000001  mc_p.l(entry2.o)
    0x000000c4   0x000000c4   0x00000004   Code   RO         2945    .ARM.Collect$$$$00000004  mc_p.l(entry5.o)
    0x000000c8   0x000000c8   0x00000000   Code   RO         2947    .ARM.Collect$$$$00000008  mc_p.l(entry7b.o)
    0x000000c8   0x000000c8   0x00000000   Code   RO         2949    .ARM.Collect$$$$0000000A  mc_p.l(entry8b.o)
    0x000000c8   0x000000c8   0x00000008   Code   RO         2950    .ARM.Collect$$$$0000000B  mc_p.l(entry9a.o)
    0x000000d0   0x000000d0   0x00000000   Code   RO         2952    .ARM.Collect$$$$0000000D  mc_p.l(entry10a.o)
    0x000000d0   0x000000d0   0x00000000   Code   RO         2954    .ARM.Collect$$$$0000000F  mc_p.l(entry11a.o)
    0x000000d0   0x000000d0   0x00000004   Code   RO         2943    .ARM.Collect$$$$00002712  mc_p.l(entry2.o)
    0x000000d4   0x000000d4   0x00000028   Code   RO            5    .text               startup_skeaz1284.o
    0x000000fc   0x000000fc   0x000000b4   Code   RO          291    .text               os_cpu_a.o
    0x000001b0   0x000001b0   0x0000002c   Code   RO         2673    .text               mc_p.l(uidiv.o)
    0x000001dc   0x000001dc   0x00000024   Code   RO         2972    .text               mc_p.l(init.o)
    0x00000200   0x00000200   0x00000028   Code   RO           63    i.CreatTask         main.o
    0x00000228   0x00000228   0x00000018   Code   RO         2002    i.MSCAN_RX_IRQHandler  mscan.o
    0x00000240   0x00000240   0x0000015c   Code   RO          276    i.OSDebugInit       os_dbg.o
    0x0000039c   0x0000039c   0x00000034   Code   RO          297    i.OSInit            os_core.o
    0x000003d0   0x000003d0   0x00000030   Code   RO          181    i.OSInitHookBegin   os_cpu_c.o
    0x00000400   0x00000400   0x00000010   Code   RO            4    .ARM.__at_0x400     startup_skeaz1284.o
    0x00000410   0x00000410   0x0000006c   Code   RO          295    i.OSEventNameSet    os_core.o
    0x0000047c   0x0000047c   0x00000002   Code   RO          182    i.OSInitHookEnd     os_cpu_c.o
    0x0000047e   0x0000047e   0x00000002   PAD
    0x00000480   0x00000480   0x00000098   Code   RO          299    i.OSIntExit         os_core.o
    0x00000518   0x00000518   0x00000040   Code   RO          300    i.OSSchedLock       os_core.o
    0x00000558   0x00000558   0x00000064   Code   RO          301    i.OSSchedUnlock     os_core.o
    0x000005bc   0x000005bc   0x0000005c   Code   RO          721    i.OSSemCreate       os_sem.o
    0x00000618   0x00000618   0x00000100   Code   RO          723    i.OSSemPend         os_sem.o
    0x00000718   0x00000718   0x00000064   Code   RO          725    i.OSSemPost         os_sem.o
    0x0000077c   0x0000077c   0x0000004c   Code   RO          302    i.OSStart           os_core.o
    0x000007c8   0x000007c8   0x00000002   Code   RO          183    i.OSTCBInitHook     os_cpu_c.o
    0x000007ca   0x000007ca   0x00000002   PAD
    0x000007cc   0x000007cc   0x000000ac   Code   RO          775    i.OSTaskCreate      os_task.o
    0x00000878   0x00000878   0x000000b4   Code   RO          776    i.OSTaskCreateExt   os_task.o
    0x0000092c   0x0000092c   0x00000002   Code   RO          184    i.OSTaskCreateHook  os_cpu_c.o
    0x0000092e   0x0000092e   0x00000002   PAD
    0x00000930   0x00000930   0x0000017c   Code   RO          777    i.OSTaskDel         os_task.o
    0x00000aac   0x00000aac   0x00000002   Code   RO          185    i.OSTaskDelHook     os_cpu_c.o
    0x00000aae   0x00000aae   0x00000002   Code   RO          186    i.OSTaskIdleHook    os_cpu_c.o
    0x00000ab0   0x00000ab0   0x00000088   Code   RO          780    i.OSTaskNameSet     os_task.o
    0x00000b38   0x00000b38   0x00000002   Code   RO          187    i.OSTaskReturnHook  os_cpu_c.o
    0x00000b3a   0x00000b3a   0x00000002   Code   RO          188    i.OSTaskStatHook    os_cpu_c.o
    0x00000b3c   0x00000b3c   0x000000a0   Code   RO          786    i.OSTaskStkChk      os_task.o
    0x00000bdc   0x00000bdc   0x00000084   Code   RO          189    i.OSTaskStkInit     os_cpu_c.o
    0x00000c60   0x00000c60   0x000000bc   Code   RO          787    i.OSTaskSuspend     os_task.o
    0x00000d1c   0x00000d1c   0x00000002   Code   RO          190    i.OSTaskSwHook      os_cpu_c.o
    0x00000d1e   0x00000d1e   0x00000002   PAD
    0x00000d20   0x00000d20   0x00000080   Code   RO          876    i.OSTimeDly         os_time.o
    0x00000da0   0x00000da0   0x000000fc   Code   RO          304    i.OSTimeTick        os_core.o
    0x00000e9c   0x00000e9c   0x00000024   Code   RO          191    i.OSTimeTickHook    os_cpu_c.o
    0x00000ec0   0x00000ec0   0x00000014   Code   RO          916    i.OSTmrSignal       os_tmr.o
    0x00000ed4   0x00000ed4   0x000000f0   Code   RO          922    i.OSTmr_Init        os_tmr.o
    0x00000fc4   0x00000fc4   0x00000050   Code   RO          923    i.OSTmr_InitTask    os_tmr.o
    0x00001014   0x00001014   0x00000070   Code   RO          924    i.OSTmr_Link        os_tmr.o
    0x00001084   0x00001084   0x00000084   Code   RO          925    i.OSTmr_Task        os_tmr.o
    0x00001108   0x00001108   0x00000048   Code   RO          926    i.OSTmr_Unlink      os_tmr.o
    0x00001150   0x00001150   0x00000028   Code   RO          192    i.OS_CPU_SysTickHandler  os_cpu_c.o
    0x00001178   0x00001178   0x0000003c   Code   RO          193    i.OS_CPU_SysTickInit  os_cpu_c.o
    0x000011b4   0x000011b4   0x00000002   Code   RO          306    i.OS_Dummy          os_core.o
    0x000011b6   0x000011b6   0x00000002   PAD
    0x000011b8   0x000011b8   0x00000098   Code   RO          307    i.OS_EventTaskRdy   os_core.o
    0x00001250   0x00001250   0x0000002c   Code   RO          308    i.OS_EventTaskRemove  os_core.o
    0x0000127c   0x0000127c   0x00000040   Code   RO          309    i.OS_EventTaskRemoveMulti  os_core.o
    0x000012bc   0x000012bc   0x00000080   Code   RO          310    i.OS_EventTaskWait  os_core.o
    0x0000133c   0x0000133c   0x0000001c   Code   RO          312    i.OS_EventWaitListInit  os_core.o
    0x00001358   0x00001358   0x00000054   Code   RO          517    i.OS_FlagInit       os_flag.o
    0x000013ac   0x000013ac   0x0000002a   Code   RO          519    i.OS_FlagUnlink     os_flag.o
    0x000013d6   0x000013d6   0x00000002   PAD
    0x000013d8   0x000013d8   0x00000058   Code   RO          313    i.OS_InitEventList  os_core.o
    0x00001430   0x00001430   0x0000005c   Code   RO          314    i.OS_InitMisc       os_core.o
    0x0000148c   0x0000148c   0x00000044   Code   RO          315    i.OS_InitRdyList    os_core.o
    0x000014d0   0x000014d0   0x0000006c   Code   RO          316    i.OS_InitTCBList    os_core.o
    0x0000153c   0x0000153c   0x00000050   Code   RO          317    i.OS_InitTaskIdle   os_core.o
    0x0000158c   0x0000158c   0x00000050   Code   RO          318    i.OS_InitTaskStat   os_core.o
    0x000015dc   0x000015dc   0x00000012   Code   RO          319    i.OS_MemClr         os_core.o
    0x000015ee   0x000015ee   0x00000002   PAD
    0x000015f0   0x000015f0   0x00000048   Code   RO          658    i.OS_QInit          os_q.o
    0x00001638   0x00001638   0x00000078   Code   RO          321    i.OS_Sched          os_core.o
    0x000016b0   0x000016b0   0x0000002c   Code   RO          322    i.OS_SchedNew       os_core.o
    0x000016dc   0x000016dc   0x00000150   Code   RO          324    i.OS_TCBInit        os_core.o
    0x0000182c   0x0000182c   0x00000028   Code   RO          325    i.OS_TaskIdle       os_core.o
    0x00001854   0x00001854   0x00000018   Code   RO          788    i.OS_TaskReturn     os_task.o
    0x0000186c   0x0000186c   0x000000a0   Code   RO          326    i.OS_TaskStat       os_core.o
    0x0000190c   0x0000190c   0x00000040   Code   RO          327    i.OS_TaskStatStkChk  os_core.o
    0x0000194c   0x0000194c   0x0000001e   Code   RO          789    i.OS_TaskStkClr     os_task.o
    0x0000196a   0x0000196a   0x00000002   PAD
    0x0000196c   0x0000196c   0x00000070   Code   RO           16    i.SystemInit        system_skeaz1284.o
    0x000019dc   0x000019dc   0x0000000e   Code   RO         2988    i.__scatterload_copy  mc_p.l(handlers.o)
    0x000019ea   0x000019ea   0x00000002   Code   RO         2989    i.__scatterload_null  mc_p.l(handlers.o)
    0x000019ec   0x000019ec   0x0000000e   Code   RO         2990    i.__scatterload_zeroinit  mc_p.l(handlers.o)
    0x000019fa   0x000019fa   0x00000002   PAD
    0x000019fc   0x000019fc   0x00000020   Code   RO          136    i.ledInit           led.o
    0x00001a1c   0x00001a1c   0x00000014   Code   RO          137    i.ledoff            led.o
    0x00001a30   0x00001a30   0x00000014   Code   RO          138    i.ledon             led.o
    0x00001a44   0x00001a44   0x00000012   Code   RO           64    i.main              main.o
    0x00001a56   0x00001a56   0x00000018   Code   RO           65    i.taskled           main.o
    0x00001a6e   0x00001a6e   0x00000002   PAD
    0x00001a70   0x00001a70   0x00000072   Data   RO          277    .constdata          os_dbg.o
    0x00001ae2   0x00001ae2   0x00000100   Data   RO          329    .constdata          os_core.o
    0x00001be2   0x00001be2   0x00000002   PAD
    0x00001be4   0x00001be4   0x00000020   Data   RO         2986    Region$$Table       anon$$obj.o


    Execution Region RW_IRAM1 (Exec base: 0x1ffff000, Load base: 0x00001c04, Size: 0x00000d90, Max: 0x00004000, ABSOLUTE)

    Exec Addr    Load Addr    Size         Type   Attr      Idx    E Section Name        Object

    0x1ffff000   0x00001c04   0x00000006   Data   RW          195    .data               os_cpu_c.o
    0x1ffff006   0x00001c0a   0x00000002   PAD
    0x1ffff008   0x00001c0c   0x0000005c   Data   RW          330    .data               os_core.o
    0x1ffff064   0x00001c68   0x00000008   Data   RW         2007    .data               mscan.o
    0x1ffff06c        -       0x00000100   Zero   RW           66    .bss                main.o
    0x1ffff16c        -       0x00000200   Zero   RW          194    .bss                os_cpu_c.o
    0x1ffff36c        -       0x00000924   Zero   RW          328    .bss                os_core.o
    0x1ffffc90        -       0x00000100   Zero   RW            1    STACK               startup_skeaz1284.o


==============================================================================

Image component sizes


      Code (inc. data)   RO Data    RW Data    ZI Data      Debug   Object Name

        72         12          0          0          0       1207   led.o
        82         14          0          0        256      12023   main.o
        24          6          0          8          0       8894   mscan.o
      2520        414        256         92       2340      24386   os_core.o
       180         44          0          0          0        344   os_cpu_a.o
       332         72          0          6        512      15828   os_cpu_c.o
       348        230        114          0          0       3493   os_dbg.o
       126         14          0          0          0       1202   os_flag.o
        72         10          0          0          0        627   os_q.o
       448         30          0          0          0       2606   os_sem.o
      1270        116          0          0          0       7092   os_task.o
       128         20          0          0          0        632   os_time.o
       656        138          0          0          0       4079   os_tmr.o
        56         30        192          0        256        944   startup_skeaz1284.o
       112         22          0          0          0     110469   system_skeaz1284.o

    ----------------------------------------------------------------------
      6444       1172        596        108       3364     193826   Object Totals
         0          0         32          0          0          0   (incl. Generated)
        18          0          2          2          0          0   (incl. Padding)

    ----------------------------------------------------------------------

      Code (inc. data)   RO Data    RW Data    ZI Data      Debug   Library Member Name

         0          0          0          0          0          0   entry.o
         0          0          0          0          0          0   entry10a.o
         0          0          0          0          0          0   entry11a.o
         8          4          0          0          0          0   entry2.o
         4          0          0          0          0          0   entry5.o
         0          0          0          0          0          0   entry7b.o
         0          0          0          0          0          0   entry8b.o
         8          4          0          0          0          0   entry9a.o
        30          0          0          0          0          0   handlers.o
        36          8          0          0          0         68   init.o
        44          0          0          0          0         72   uidiv.o

    ----------------------------------------------------------------------
       132         16          0          0          0        140   Library Totals
         2          0          0          0          0          0   (incl. Padding)

    ----------------------------------------------------------------------

      Code (inc. data)   RO Data    RW Data    ZI Data      Debug   Library Name

       130         16          0          0          0        140   mc_p.l

    ----------------------------------------------------------------------
       132         16          0          0          0        140   Library Totals

    ----------------------------------------------------------------------

==============================================================================


      Code (inc. data)   RO Data    RW Data    ZI Data      Debug   

      6576       1188        596        108       3364     191302   Grand Totals
      6576       1188        596        108       3364     191302   ELF Image Totals
      6576       1188        596        108          0          0   ROM Totals

==============================================================================

    Total RO  Size (Code + RO Data)                 7172 (   7.00kB)
    Total RW  Size (RW Data + ZI Data)              3472 (   3.39kB)
    Total ROM Size (Code + RO Data + RW Data)       7280 (   7.11kB)

==============================================================================

