<html>
<body>
<pre>
<h1>µVision Build Log</h1>
<h2>Tool Versions:</h2>
IDE-Version: ¦ÌVision V5.26.2.0
Copyright (C) 2018 ARM Ltd and ARM Germany GmbH. All rights reserved.
License Information: 121 1, 741, LIC=76FZ9-4S03G-3Z3W1-C0WGJ-EIBF1-F85PU
 
Tool Versions:
Toolchain:       MDK-ARM Plus  Version: 5.26.2.0
Toolchain Path:  D:\Programfile\KEIL\ARM\ARMCC\Bin
C Compiler:      Armcc.exe V5.06 update 6 (build 750)
Assembler:       Armasm.exe V5.06 update 6 (build 750)
Linker/Locator:  ArmLink.exe V5.06 update 6 (build 750)
Library Manager: ArmAr.exe V5.06 update 6 (build 750)
Hex Converter:   FromElf.exe V5.06 update 6 (build 750)
CPU DLL:         SARMCM3.DLL V5.26.2.0
Dialog DLL:      DARMCM1.DLL V1.19.1.0
Target DLL:      Segger\JL2CM3.dll V2.99.31.0
Dialog DLL:      TARMCM1.DLL V1.14.0.0
 
<h2>Project:</h2>
D:\WorkData\GitRemoteRespSfboys\keaz128_MDK5_UCOSII_example\project\keaz128keilproject.uvprojx
Project File Date:  09/20/2020

<h2>Output:</h2>
*** Using Compiler 'V5.06 update 6 (build 750)', folder: 'D:\Programfile\KEIL\ARM\ARMCC\Bin'
Build target 'Target 1'
compiling gpio.c...
..\driver\gpio.h(171): warning:  #61-D: integer operation result is out of range
      GPIO_PTD7_MASK = (1<<31),   /*!< GPIO Pin PTD7 bit mask */
..\driver\gpio.h(204): warning:  #61-D: integer operation result is out of range
      GPIO_PTH7_MASK = (1<<31),   /*!< GPIO Pin PTH7 bit mask */
..\driver\gpio.c: 2 warnings, 0 errors
linking...
Program Size: Code=6576 RO-data=596 RW-data=108 ZI-data=3364  
".\Objects\keaz128keilproject.axf" - 0 Error(s), 2 Warning(s).

<h2>Software Packages used:</h2>

Package Vendor: Keil
                http://www.keil.com/pack/Keil.Kinetis_KEAxx_DFP.1.3.0.pack
                Keil.Kinetis_KEAxx_DFP.1.3.0
                NXP Kinetis KEAxx Series Device Support and Examples

<h2>Collection of Component include folders:</h2>
  .\RTE\_Target_1
  D:\Programfile\KEIL\ARM\PACK\Keil\Kinetis_KEAxx_DFP\1.3.0\Device\Include

<h2>Collection of Component Files used:</h2>
Build Time Elapsed:  00:00:01
</pre>
</body>
</html>
